Archive member included to satisfy reference by file (symbol)

include_lib/liba/dv17/librtos.a(os_api.c.o)
                              obj/Release/cpu/dv17/setup.o (symbol from plugin) (os_start)
include_lib/liba/dv17/librtos.a(version.z.o)
                              (lib_rtos_version)
include_lib/liba/dv17/librtos.a(event_groups.c.o)
                              os_api.c.o (symbol from plugin) (xEventGroupCreate)
include_lib/liba/dv17/librtos.a(list.c.o)
                              event_groups.c.o (symbol from plugin) (vListInitialise)
include_lib/liba/dv17/librtos.a(queue.c.o)
                              os_api.c.o (symbol from plugin) (xQueueGenericReset)
include_lib/liba/dv17/librtos.a(tasks.c.o)
                              os_api.c.o (symbol from plugin) (xTaskCreateStatic)
include_lib/liba/dv17/librtos.a(port.c.o)
                              tasks.c.o (symbol from plugin) (pxPortInitialiseStack)
include_lib/liba/dv17/librtos.a(port_overwrite.c.o)
                              tasks.c.o (symbol from plugin) (suppress_tick_and_sleep)
include_lib/liba/dv17/librtos.a(main.c.o)
                              tasks.c.o (symbol from plugin) (vApplicationIdleHook)
include_lib/liba/dv17/librtos.a(port_asm.S.o)
                              port.c.o (symbol from plugin) (vSoftwareInterruptISR)
include_lib/liba/dv17/librtos.a(croutine.c.o)
                              queue.c.o (symbol from plugin) (vCoRoutineAddToDelayedList)
include_lib/liba/dv17/libsdx.a(module_sd1.c.o)
                              obj/Release/apps/wifi_car_camera/video_rec.o (symbol from plugin) (sd1_out_timeout)
include_lib/liba/dv17/libsdx.a(sdmmc_init.c.o)
                              module_sd1.c.o (symbol from plugin) (sd1_init)
include_lib/liba/dv17/libsdx.a(sd_host_args.c.o)
                              module_sd1.c.o (symbol from plugin) (sd1_cmd_detect)
include_lib/liba/dv17/libsdx.a(sd_host_init.c.o)
                              sdmmc_init.c.o (symbol from plugin) (sd1_host_init)
include_lib/liba/dv17/libsdx.a(sd_host_mount.c.o)
                              sdmmc_init.c.o (symbol from plugin) (sd1_mount)
include_lib/liba/dv17/libsdx.a(sd_host_read_end.c.o)
                              module_sd1.c.o (symbol from plugin) (sd1_read_end)
include_lib/liba/dv17/libsdx.a(sd_host_unmount.c.o)
                              module_sd1.c.o (symbol from plugin) (sd1_unmount)
include_lib/liba/dv17/libsdx.a(sd_host_write.c.o)
                              module_sd1.c.o (symbol from plugin) (sd1_flush)
include_lib/liba/dv17/libsdx.a(sd_host_write_end.c.o)
                              module_sd1.c.o (symbol from plugin) (sd1_write_end)
include_lib/liba/dv17/libsdx.a(sd_init.c.o)
                              sd_host_mount.c.o (symbol from plugin) (sd1_init_card)
include_lib/liba/dv17/libsdx.a(mmc_host_send_rca.c.o)
                              sd_init.c.o (symbol from plugin) (mmc1_host_send_rca)
include_lib/liba/dv17/libsdx.a(sd_host_all_send_cid.c.o)
                              sd_init.c.o (symbol from plugin) (sd1_host_all_send_cid)
include_lib/liba/dv17/libsdx.a(sd_host_reset.c.o)
                              sd_init.c.o (symbol from plugin) (sd1_host_reset)
include_lib/liba/dv17/libsdx.a(sd_host_send_csd.c.o)
                              sd_init.c.o (symbol from plugin) (sd1_host_send_csd)
include_lib/liba/dv17/libsdx.a(sd_host_send_if_cond.c.o)
                              sd_init.c.o (symbol from plugin) (sd1_host_send_if_cond)
include_lib/liba/dv17/libsdx.a(sd_host_send_rca.c.o)
                              sd_init.c.o (symbol from plugin) (sd1_host_send_rca)
include_lib/liba/dv17/libsdx.a(sd_host_stop_trans.c.o)
                              sd_host_write.c.o (symbol from plugin) (sd1_host_stop_trans)
include_lib/liba/dv17/libsdx.a(sd_select_card.c.o)
                              sd_init.c.o (symbol from plugin) (sd1_select_card)
include_lib/liba/dv17/libsdx.a(sdmmc_det.c.o)
                              module_sd1.c.o (symbol from plugin) (sd1_is_online)
include_lib/liba/dv17/libsdx.a(sd_chk_ctl.c.o)
                              sdmmc_det.c.o (symbol from plugin) (sd1_chk_ctl)
include_lib/liba/dv17/libsdx.a(sd_host_hw.c.o)
                              sdmmc_det.c.o (symbol from plugin) (sd1_cmd_check)
include_lib/liba/dv17/libsdx.a(sd_wait_idle.c.o)
                              sd_host_mount.c.o (symbol from plugin) (sd1_wait_idle)
include_lib/liba/dv17/libsdx.a(sd_host_reg.c.o)
                              sd_host_hw.c.o (symbol from plugin) (SD1_8CLK_EN)
include_lib/liba/dv17/libsdx.a(sd_send_command.c.o)
                              sd_host_write.c.o (symbol from plugin) (sd1_send_command)
include_lib/liba/dv17/libsdx.a(sd_write_start.c.o)
                              sd_host_write.c.o (symbol from plugin) (sd1_write_start)
include_lib/liba/dv17/libsdx.a(sd_host_status.c.o)
                              sd_host_read_end.c.o (symbol from plugin) (sd1_host_status)
[...]
Memory Configuration

Name             Origin             Length             Attributes
rom              0x00000000         0x00400000         xr
sdram_mem        0x04000000         0x04000000         xrw
ram0             0x03f00000         0x00017000         xrw
*default*        0x00000000         0xffffffff

Linker script and memory map

LOAD obj/Release/apps/common/chip_test/audio_test.o
LOAD cpu\dv17\tools\sdk.elf.o
LOAD obj/Release/apps/common/product_test_tool/communication.o
LOAD obj/Release/apps/common/product_test_tool/devices_control.o
LOAD obj/Release/apps/common/product_test_tool/product_main.o
LOAD obj/Release/apps/common/product_test_tool/product_port.o
LOAD obj/Release/apps/common/rf_fcc_tool/communication.o
LOAD obj/Release/apps/common/rf_fcc_tool/rf_fcc_main.o
LOAD obj/Release/apps/common/rf_fcc_tool/wifi_moudle.o
LOAD obj/Release/apps/common/user_tools/auto_test.o
LOAD obj/Release/apps/common/user_tools/upgrade.o
LOAD obj/Release/apps/common/user_tools/usb_cam_h264.o
LOAD obj/Release/apps/common/user_tools/user_isp_cfg.o
LOAD obj/Release/apps/common/user_tools/user_scr_cfg.o
LOAD obj/Release/apps/common/user_tools/user_scr_draw.o
LOAD obj/Release/apps/common/user_tools/user_scr_tool.o
LOAD obj/Release/apps/cpp_run_init.o
LOAD obj/Release/apps/cxx_runtime.o
LOAD obj/Release/apps/debug.o
LOAD obj/Release/apps/demos/aac_dec_test.o
LOAD obj/Release/apps/demos/aac_enc_test.o
LOAD obj/Release/apps/demos/aecfix_test.o
LOAD obj/Release/apps/demos/mpu_test.o
LOAD obj/Release/apps/demos/play_usb_mic.o
LOAD obj/Release/apps/demos/play_usb_speaker.o
LOAD obj/Release/apps/demos/softosd.o
LOAD obj/Release/apps/demos/test_audio.o
LOAD obj/Release/apps/demos/usb_host_user.o
LOAD obj/Release/apps/flash_write_protect.o
LOAD obj/Release/apps/fontinit.o
LOAD obj/Release/apps/uart2sd.o
LOAD obj/Release/apps/uvc_53x_upgrade.o
LOAD obj/Release/apps/version.o
LOAD obj/Release/apps/wifi_car_camera/app_database.o
LOAD obj/Release/apps/wifi_car_camera/app_main.o
LOAD obj/Release/apps/wifi_car_camera/backlight.o
LOAD obj/Release/apps/wifi_car_camera/device_mount.o
LOAD obj/Release/apps/wifi_car_camera/gsensor/da380.o
LOAD obj/Release/apps/wifi_car_camera/gsensor/gma301.o
LOAD obj/Release/apps/wifi_car_camera/gsensor/gSensor_manage.o
LOAD obj/Release/apps/wifi_car_camera/gsensor/msa300.o
LOAD obj/Release/apps/wifi_car_camera/gsensor/stk8312.o
LOAD obj/Release/apps/wifi_car_camera/key_voice.o
LOAD obj/Release/apps/wifi_car_camera/parking_detect.o
LOAD obj/Release/apps/wifi_car_camera/touch_panel/GT911.o
LOAD obj/Release/apps/wifi_car_camera/touch_panel/GT911_B.o
LOAD obj/Release/apps/wifi_car_camera/touch_panel/touch_panel_manager.o
LOAD obj/Release/apps/wifi_car_camera/ui/style_JL02/ui_action_dec.o
LOAD obj/Release/apps/wifi_car_camera/ui/style_JL02/ui_action_main.o
LOAD obj/Release/apps/wifi_car_camera/ui/style_JL02/ui_action_photo.o
LOAD obj/Release/apps/wifi_car_camera/ui/style_JL02/ui_action_rec.o
LOAD obj/Release/apps/wifi_car_camera/ui/style_JL02/ui_action_sys.o
LOAD obj/Release/apps/wifi_car_camera/ui/style_JL02/ui_action_usb.o
LOAD obj/Release/apps/wifi_car_camera/ui/style_LY/ui_action_dec.o
LOAD obj/Release/apps/wifi_car_camera/ui/style_LY/ui_action_photo.o
LOAD obj/Release/apps/wifi_car_camera/ui/style_LY/ui_action_rec.o
LOAD obj/Release/apps/wifi_car_camera/ui/style_LY/ui_action_sys.o
LOAD obj/Release/apps/wifi_car_camera/ui/style_LY/ui_action_upd.o
LOAD obj/Release/apps/wifi_car_camera/ui/style_LY/ui_action_usb.o
LOAD obj/Release/apps/wifi_car_camera/ui/ui_action_animation.o
LOAD obj/Release/apps/wifi_car_camera/usb_app.o
LOAD obj/Release/apps/wifi_car_camera/usb_app_cfg.o
LOAD obj/Release/apps/wifi_car_camera/video_audio.o
LOAD obj/Release/apps/wifi_car_camera/video_dec.o
LOAD obj/Release/apps/wifi_car_camera/video_dec_cfg.o
LOAD obj/Release/apps/wifi_car_camera/video_photo.o
LOAD obj/Release/apps/wifi_car_camera/video_photo_cfg.o
LOAD obj/Release/apps/wifi_car_camera/video_rec.o
LOAD obj/Release/apps/wifi_car_camera/video_rec_cfg.o
LOAD obj/Release/apps/wifi_car_camera/video_system.o
LOAD obj/Release/apps/wifi_car_camera/video_system_cfg.o
LOAD obj/Release/apps/wifi_car_camera/wifi/wifi-tools/ap_config.o
LOAD obj/Release/apps/wifi_car_camera/wifi/wifi-tools/iperf_test.o
LOAD obj/Release/apps/wifi_car_camera/wifi/wifi-tools/RTL_PHY_REG_PG.o
LOAD obj/Release/apps/wifi_car_camera/wifi/wifi-tools/rtw_cache.o
LOAD obj/Release/apps/wifi_car_camera/wifi/wifi-tools/uaputl_conf.o
LOAD obj/Release/apps/wifi_car_camera/wifi/wifi-tools/wf_uart_protocal.o
LOAD obj/Release/apps/wifi_car_camera/wifi/wifi-tools/WL_AP_CONF.o
LOAD obj/Release/apps/wifi_car_camera/wifi/wifi-tools/WL_EFUSE.o
LOAD obj/Release/apps/wifi_car_camera/wifi/wifi-tools/WL_STA_CONF.o
LOAD obj/Release/apps/wifi_car_camera/wifi/wifi_car_camera/ctp_cmd.o
LOAD obj/Release/apps/wifi_car_camera/wifi/wifi_car_camera/ftpd_vfs_reg.o
LOAD obj/Release/apps/wifi_car_camera/wifi/wifi_car_camera/get_image_data.o
LOAD obj/Release/apps/wifi_car_camera/wifi/wifi_car_camera/lte_app_task.o
LOAD obj/Release/apps/wifi_car_camera/wifi/wifi_car_camera/media_file_list.o
LOAD obj/Release/apps/wifi_car_camera/wifi/wifi_car_camera/net_video_rec.o
LOAD obj/Release/apps/wifi_car_camera/wifi/wifi_car_camera/network_mssdp.o
LOAD obj/Release/apps/wifi_car_camera/wifi/wifi_car_camera/network_upgrade.o
LOAD obj/Release/apps/wifi_car_camera/wifi/wifi_car_camera/packet.o
LOAD obj/Release/apps/wifi_car_camera/wifi/wifi_car_camera/rt_talk_net.o
LOAD obj/Release/apps/wifi_car_camera/wifi/wifi_car_camera/rt_talk_voice.o
LOAD obj/Release/apps/wifi_car_camera/wifi/wifi_car_camera/simple_mov_unpkg.o
LOAD obj/Release/apps/wifi_car_camera/wifi/wifi_car_camera/spec_uart_test.o
LOAD obj/Release/apps/wifi_car_camera/wifi/wifi_car_camera/stream/stream_core.o
LOAD obj/Release/apps/wifi_car_camera/wifi/wifi_car_camera/stream/video_rt_rtsp.o
LOAD obj/Release/apps/wifi_car_camera/wifi/wifi_car_camera/stream/video_rt_tcp.o
LOAD obj/Release/apps/wifi_car_camera/wifi/wifi_car_camera/stream/video_rt_udp.o
LOAD obj/Release/apps/wifi_car_camera/wifi/wifi_car_camera/strm_video_rec.o
LOAD obj/Release/apps/wifi_car_camera/wifi/wifi_car_camera/video_playback.o
LOAD obj/Release/apps/wifi_car_camera/wifi/wifi_car_camera/video_preview.o
LOAD obj/Release/apps/wifi_car_camera/wifi/wifi_car_camera/wifi_app_task.o
LOAD obj/Release/camera/tp2865/tp2865.o
LOAD obj/Release/cpu/dv17/adc.o
LOAD obj/Release/cpu/dv17/adkey.o
LOAD obj/Release/cpu/dv17/adkey1.o
LOAD obj/Release/cpu/dv17/board/board_dev_wifi_5701_20241108.o
LOAD obj/Release/cpu/dv17/debug.o
LOAD obj/Release/cpu/dv17/dvp_lcd_driver/lcd_480x272.o
LOAD obj/Release/cpu/dv17/dvp_lcd_driver/lcd_480x272_18bits.o
LOAD obj/Release/cpu/dv17/dvp_lcd_driver/lcd_480x272_8bits.o
LOAD obj/Release/cpu/dv17/dvp_lcd_driver/lcd_avout.o
LOAD obj/Release/cpu/dv17/dvp_lcd_driver/lcd_avout_hd.o
LOAD obj/Release/cpu/dv17/dvp_lcd_driver/lcd_HX8369A_MCU.o
LOAD obj/Release/cpu/dv17/dvp_lcd_driver/lcd_HX8369A_SPI_RGB.o
LOAD obj/Release/cpu/dv17/dvp_lcd_driver/lcd_HX9225_MCU.o
LOAD obj/Release/cpu/dv17/dvp_lcd_driver/lcd_ILI8960.o
LOAD obj/Release/cpu/dv17/dvp_lcd_driver/lcd_ILI9806.o
LOAD obj/Release/cpu/dv17/dvp_lcd_driver/lcd_LQ026B3UX01.o
LOAD obj/Release/cpu/dv17/dvp_lcd_driver/lcd_LX50FWB4001_V2.o
LOAD obj/Release/cpu/dv17/dvp_lcd_driver/lcd_LYWS030GQ.o
LOAD obj/Release/cpu/dv17/dvp_lcd_driver/lcd_ssd1963.o
LOAD obj/Release/cpu/dv17/dvp_lcd_driver/lcd_ST7789S.o
LOAD obj/Release/cpu/dv17/dvp_lcd_driver/lcd_T15P00.o
LOAD obj/Release/cpu/dv17/dvp_lcd_driver/lcd_vga.o
LOAD obj/Release/cpu/dv17/dvp_lcd_driver/lcd_virtual.o
LOAD obj/Release/cpu/dv17/iokey.o
LOAD obj/Release/cpu/dv17/ldo.o
LOAD obj/Release/cpu/dv17/lvds_lcd_driver/lvds_1024x600.o
LOAD obj/Release/cpu/dv17/lvds_lcd_driver/lvds_1280x800.o
LOAD obj/Release/cpu/dv17/lvds_lcd_driver/lvds_1920x480.o
LOAD obj/Release/cpu/dv17/mipi_lcd_driver/1280x800_RP.o
LOAD obj/Release/cpu/dv17/mipi_lcd_driver/dsi_dcs_1lane_16bit.o
LOAD obj/Release/cpu/dv17/mipi_lcd_driver/dsi_dcs_1lane_24bit.o
LOAD obj/Release/cpu/dv17/mipi_lcd_driver/dsi_vdo_2lane_1280x480_EK79030.o
LOAD obj/Release/cpu/dv17/mipi_lcd_driver/dsi_vdo_2lane_24bit.o
LOAD obj/Release/cpu/dv17/mipi_lcd_driver/dsi_vdo_2lane_bs_t40_l4.o
LOAD obj/Release/cpu/dv17/mipi_lcd_driver/dsi_vdo_2lane_st7701s.o
LOAD obj/Release/cpu/dv17/mipi_lcd_driver/dsi_vdo_4lane_1080p.o
LOAD obj/Release/cpu/dv17/mipi_lcd_driver/dsi_vdo_4lane_1280x480_EK79030.o
LOAD obj/Release/cpu/dv17/mipi_lcd_driver/dsi_vdo_4lane_720p.o
LOAD obj/Release/cpu/dv17/mipi_lcd_driver/dsi_vdo_4lane_720p_rm68200ga1.o
LOAD obj/Release/cpu/dv17/mipi_lcd_driver/lcd_mipi_4lane_s8500l0.o
LOAD obj/Release/cpu/dv17/mipi_lcd_driver/mipi_lcd_1280x400_wt.o
LOAD obj/Release/cpu/dv17/mipi_lcd_driver/mipi_lcd_1280x480.o
LOAD obj/Release/cpu/dv17/mipi_lcd_driver/mipi_lcd_1280x480_ICN9706.o
LOAD obj/Release/cpu/dv17/mipi_lcd_driver/mipi_lcd_1280x720_RM68200GA1.o
LOAD obj/Release/cpu/dv17/mipi_lcd_driver/mipi_lcd_1600x400_wt1098802g01.o
LOAD obj/Release/cpu/dv17/mipi_lcd_driver/mipi_lcd_1600x400_wt1098802g01_1.o
LOAD obj/Release/cpu/dv17/mipi_lcd_driver/mipi_lcd_1920x380_OTA7290B.o
LOAD obj/Release/cpu/dv17/mipi_lcd_driver/mipi_lcd_1920x480_OTA7290B.o
LOAD obj/Release/cpu/dv17/power_inf.o
LOAD obj/Release/cpu/dv17/setup.o
LOAD obj/Release/cpu/dv17/static_memory_alloc.o
LOAD obj/Release/cpu/dv17/uart_key.o
START GROUP
LOAD include_lib/liba/dv17/librtos.a
LOAD include_lib/liba/dv17/libsdx.a
LOAD include_lib/liba/dv17/libres.a
LOAD include_lib/liba/dv17/libusb.a
LOAD include_lib/liba/dv17/libfs.a
LOAD include_lib/liba/dv17/libupgrade.a
LOAD include_lib/liba/dv17/libfont.a
LOAD include_lib/liba/dv17/libserver_core.a
LOAD include_lib/liba/dv17/libui_server.a
LOAD include_lib/liba/dv17/libvideo_engine_server.a
LOAD include_lib/liba/dv17/libusb_server.a
LOAD include_lib/liba/dv17/libvideo_dec_server.a
LOAD include_lib/liba/dv17/libvideo_rec_server.a
LOAD include_lib/liba/dv17/libaudio_server.a
LOAD include_lib/liba/dv17/libvm.a
LOAD include_lib/liba/dv17/libsys.a
LOAD include_lib/liba/dv17/libdlmalloc.a
LOAD include_lib/liba/dv17/libh264.a
LOAD include_lib/liba/dv17/libjpeg.a
LOAD include_lib/liba/dv17/libvideo_framework.a
LOAD include_lib/liba/dv17/libdev.a
LOAD include_lib/liba/dv17/libui.a
LOAD include_lib/liba/dv17/libcpu.a
LOAD include_lib/liba/dv17/libisp.a
LOAD include_lib/liba/dv17/liblog.a
LOAD include_lib/liba/dv17/cpr.a
LOAD include_lib/liba/dv17/rs_ecc.a
LOAD include_lib/liba/dv17/aac_enc_lib.a
LOAD include_lib/liba/dv17/dv17_aac_dec_lib.a
LOAD include_lib/liba/dv17/lib_usb_syn.a
LOAD include_lib/liba/dv17/libhsm.a
LOAD include_lib/liba/dv17/libwifi_dev.a
LOAD include_lib/liba/dv17/libmbedtls.a
LOAD include_lib/liba/dv17/liblwip.a
LOAD include_lib/liba/dv17/libjson.a
LOAD include_lib/liba/dv17/libftpcli.a
LOAD include_lib/liba/dv17/libnet_server.a
LOAD include_lib/liba/dv17/libhttp_server.a
LOAD include_lib/liba/dv17/libhttp_cli.a
LOAD include_lib/liba/dv17/libiperf.a
LOAD include_lib/liba/dv17/libcommon.a
LOAD include_lib/liba/dv17/librtsp.a
LOAD include_lib/liba/dv17/libftpd.a
LOAD include_lib/liba/dv17/libsdio_card.a
LOAD include_lib/liba/dv17/librtl8189f.a
LOAD include_lib/liba/dv17/libhostapd_wpa.a
END GROUP
                0x04000000                . = ORIGIN (sdram_mem)

.rom_code       0x04000000   0x1de3ac
                0x04000000                _text_rodata_begin = .
                [!provide]                PROVIDE (text_rodata_begin, .)
 *startup.S.o(.text)
 .text          0x04000000       0xe4 include_lib/liba/dv17/libcpu.a(startup.S.o)
                0x04000000                _start
                0x04000090                cpu1_start
                0x040000a4                cpu2_start
                0x040000b8                cpu3_start
                0x040000cc                exception_irq_handler
 *sfc_boot.o(.text*)
 *sfc_boot.o(.rodata*)
 *boot_main.o(.text*)
 *boot_main.o(.rodata*)
 *(.text*)
 .text          0x040000e4   0x15766e cpu\dv17\tools\sdk.elf.o
                0x04001fd0                puts
                0x0403bd60                exception_analyze
                0x0403c14a                cpu1_main
                0x0403c71a                OS_ClrPending
                0x0406a91c                main
                0x0409ca56                cpu3_main
 .text          0x04157752        0x0 include_lib/liba/dv17/librtos.a(version.z.o)
 .text          0x04157752       0x54 include_lib/liba/dv17/librtos.a(port_asm.S.o)
                0x04157752                vSoftwareInterruptISR
 .text          0x041577a6        0x0 include_lib/liba/dv17/libsdx.a(version.z.o)
 .text          0x041577a6        0x0 include_lib/liba/dv17/libres.a(version.z.o)
 .text          0x041577a6        0x0 include_lib/liba/dv17/libusb.a(version.z.o)
 .text          0x041577a6        0x0 include_lib/liba/dv17/libfs.a(version.z.o)
 .text          0x041577a6        0x0 include_lib/liba/dv17/libupgrade.a(version.z.o)
 .text          0x041577a6        0x0 include_lib/liba/dv17/libfont.a(version.z.o)
 .text          0x041577a6        0x0 include_lib/liba/dv17/libserver_core.a(version.z.o)
 .text          0x041577a6        0x0 include_lib/liba/dv17/libui_server.a(version.z.o)
 .text          0x041577a6        0x0 include_lib/liba/dv17/libvideo_engine_server.a(version.z.o)
 .text          0x041577a6        0x0 include_lib/liba/dv17/libusb_server.a(version.z.o)
 .text          0x041577a6        0x0 include_lib/liba/dv17/libvideo_dec_server.a(version.z.o)
 .text          0x041577a6        0x0 include_lib/liba/dv17/libvideo_rec_server.a(version.z.o)
 .text          0x041577a6        0x0 include_lib/liba/dv17/libaudio_server.a(version.z.o)
 .text          0x041577a6        0x0 include_lib/liba/dv17/libvm.a(version.z.o)
 .text          0x041577a6        0x0 include_lib/liba/dv17/libsys.a(version.z.o)
 .text          0x041577a6        0x0 include_lib/liba/dv17/libdlmalloc.a(version.z.o)
 .text          0x041577a6        0x0 include_lib/liba/dv17/libh264.a(version.z.o)
 .text          0x041577a6        0x0 include_lib/liba/dv17/libjpeg.a(version.z.o)
 .text          0x041577a6        0x0 include_lib/liba/dv17/libvideo_framework.a(version.z.o)
 .text          0x041577a6        0x0 include_lib/liba/dv17/libdev.a(version.z.o)
 .text          0x041577a6        0x0 include_lib/liba/dv17/libui.a(version.z.o)
 .text          0x041577a6        0x0 include_lib/liba/dv17/libcpu.a(version.z.o)
 .text          0x041577a6        0x0 include_lib/liba/dv17/libisp.a(version.z.o)
 .text          0x041577a6        0x0 include_lib/liba/dv17/liblog.a(version.z.o)
 .text          0x041577a6       0xa8 include_lib/liba/dv17/aac_enc_lib.a(AAC_E_SAMPLES.o)
                0x04157846                get_aac_enc_ops
 .text          0x0415784e      0x160 include_lib/liba/dv17/aac_enc_lib.a(aacenc.o)
                0x0415784e                voAACEncInit
 .text          0x041579ae      0x1ae include_lib/liba/dv17/aac_enc_lib.a(aacenc_core.o)
                0x041579ae                AacEncOpen
                0x04157a5e                AacEncEncode
 .text          0x04157b5c       0x76 include_lib/liba/dv17/aac_enc_lib.a(bitbuffer.o)
                0x04157b5c                CreateBitBuffer
                0x04157b76                GetBitsAvail
                0x04157b7c                WriteBits
 .text          0x04157bd2      0x5ca include_lib/liba/dv17/aac_enc_lib.a(bitenc.o)
                0x04157dfa                WriteBitstream
 .text          0x0415819c       0x92 include_lib/liba/dv17/aac_enc_lib.a(channel_map.o)
                0x041581c0                InitElementInfo
                0x041581e4                InitElementBits
 .text          0x0415822e      0x77a include_lib/liba/dv17/aac_enc_lib.a(psy_main.o)
                0x0415822e                psyMainInit
                0x041582a8                psyMain
 .text          0x041589a8      0x420 include_lib/liba/dv17/aac_enc_lib.a(qc_main.o)
                0x041589a8                QCInit
                0x04158a00                QCMain
                0x04158c84                updateBitres
                0x04158cb8                FinalizeBitConsumption
                0x04158d80                AdjustBitrate
 .text          0x04158dc8      0x466 include_lib/liba/dv17/aac_enc_lib.a(quantize.o)
                0x04158dc8                pow34
                0x04158e44                QuantizeSpectrum
                0x041590b6                calcSfbDist
 .text          0x0415922e      0x4a2 include_lib/liba/dv17/aac_enc_lib.a(sf_estim.o)
                0x0415922e                formfac_sqrt
                0x04159266                CalcFormFactor
                0x04159396                EstimateScaleFactors
 .text          0x041596d0       0x64 include_lib/liba/dv17/aac_enc_lib.a(spreading.o)
                0x041596d0                SpreadingMax
 .text          0x04159734       0x6c include_lib/liba/dv17/aac_enc_lib.a(stat_bits.o)
                0x04159734                countStaticBitdemand
 .text          0x041597a0      0x986 include_lib/liba/dv17/aac_enc_lib.a(transform.o)
                0x04159aa2                Mdct_Long
                0x04159c9c                Mdct_Short
                0x04159db2                Transform_Real
 .text          0x0415a126        0x0 include_lib/liba/dv17/aac_enc_lib.a(aac_rom.o)
 .text          0x0415a126     0x14c2 include_lib/liba/dv17/aac_enc_lib.a(adj_thr.o)
                0x0415a126                bits2pe
                0x0415a134                AdjThrInit
                0x0415a2ba                AdjustThresholds
                0x0415b5e2                AdjThrUpdate
 .text          0x0415b5e8      0x1ae include_lib/liba/dv17/aac_enc_lib.a(band_nrg.o)
                0x0415b5e8                CalcBandEnergy
                0x0415b678                CalcBandEnergyMS
 .text          0x0415b796      0x15c include_lib/liba/dv17/aac_enc_lib.a(basicop2.o)
                0x0415b796                aace_shl
                0x0415b7e6                aace_shr
                0x0415b806                aace_L_shl
                0x0415b80e                aace_L_shr
                0x0415b82c                aace_shr_r
                0x0415b8ae                aace_L_shr_r
                0x0415b8ec                aace_cls
 .text          0x0415b8f2      0xcac include_lib/liba/dv17/aac_enc_lib.a(bit_cnt.o)
                0x0415b8f2                bitCount
                0x0415b916                codeValues
                0x0415be8e                bitCountScalefactorDelta
                0x0415be9a                codeScalefactorDelta
 .text          0x0415c59e      0x348 include_lib/liba/dv17/aac_enc_lib.a(block_switch.o)
                0x0415c59e                InitBlockSwitching
                0x0415c602                CalcWindowEnergy
                0x0415c692                BlockSwitching
                0x0415c83a                SyncBlockSwitching
 .text          0x0415c8e6      0x54e include_lib/liba/dv17/aac_enc_lib.a(dyn_bits.o)
                0x0415c980                dynBitCount
 .text          0x0415ce34      0x3ce include_lib/liba/dv17/aac_enc_lib.a(grp_data.o)
                0x0415ce34                groupShortData
 .text          0x0415d202      0x126 include_lib/liba/dv17/aac_enc_lib.a(interface.o)
                0x0415d202                BuildInterface
 .text          0x0415d328      0x202 include_lib/liba/dv17/aac_enc_lib.a(line_pe.o)
                0x0415d328                prepareSfbPe
                0x0415d3b0                calcSfbPe
 .text          0x0415d52a      0x1d4 include_lib/liba/dv17/aac_enc_lib.a(ms_stereo.o)
                0x0415d52a                MsStereoProcessing
 .text          0x0415d6fe      0x2ec include_lib/liba/dv17/aac_enc_lib.a(oper_32b.o)
                0x0415d6fe                aacem_L_Extract
                0x0415d748                aacem_L_Comp
                0x0415d770                aacem_Mpy_32
                0x0415d7ea                aacem_aacem_Mpy_32_16
                0x0415d834                aacem_Div_32
                0x0415d842                aacem_iLog4
                0x0415d88a                aacem_rsqrt
                0x0415d9c0                aacem_pow2_xy
 .text          0x0415d9ea       0xaa include_lib/liba/dv17/aac_enc_lib.a(pre_echo_control.o)
                0x0415d9ea                InitPreEchoControl
                0x0415da00                PreEchoControl
 .text          0x0415da94      0x5d6 include_lib/liba/dv17/aac_enc_lib.a(psy_configuration.o)
                0x0415da94                GetSRIndex
                0x0415de9e                InitPsyConfigurationLong
                0x0415df8a                InitPsyConfigurationShort
 .text          0x0415e06a        0x0 include_lib/liba/dv17/libhsm.a(version.z.o)
 .text          0x0415e06a        0x0 include_lib/liba/dv17/libwifi_dev.a(version.z.o)
 .text          0x0415e06a        0x0 include_lib/liba/dv17/libmbedtls.a(version.z.o)
 .text          0x0415e06a        0x0 include_lib/liba/dv17/liblwip.a(version.z.o)
 .text          0x0415e06a        0x0 include_lib/liba/dv17/libjson.a(version.z.o)
 .text          0x0415e06a        0x0 include_lib/liba/dv17/libftpcli.a(version.z.o)
 .text          0x0415e06a        0x0 include_lib/liba/dv17/libnet_server.a(version.z.o)
 .text          0x0415e06a        0x0 include_lib/liba/dv17/libhttp_server.a(version.z.o)
 .text          0x0415e06a        0x0 include_lib/liba/dv17/libhttp_cli.a(version.z.o)
 .text          0x0415e06a        0x0 include_lib/liba/dv17/libiperf.a(version.z.o)
 .text          0x0415e06a        0x0 include_lib/liba/dv17/libcommon.a(version.z.o)
 .text          0x0415e06a        0x0 include_lib/liba/dv17/librtsp.a(version.z.o)
 .text          0x0415e06a        0x0 include_lib/liba/dv17/libftpd.a(version.z.o)
 .text          0x0415e06a        0x0 include_lib/liba/dv17/libsdio_card.a(version.z.o)
 .text          0x0415e06a        0x0 include_lib/liba/dv17/librtl8189f.a(version.z.o)
 .text          0x0415e06a        0x0 include_lib/liba/dv17/libhostapd_wpa.a(version.z.o)
 .text          0x0415e06a       0x62 C:\JL\pi32\pi32v2-lib\r3\libm.a(lib_a-s_fpclassify.o)
                0x0415e06a                __fpclassifyd
 .text          0x0415e0cc       0x8e C:\JL\pi32\pi32v2-lib\r3\libm.a(lib_a-s_modf.o)
                0x0415e0cc                modf
 .text          0x0415e15a       0xa2 C:\JL\pi32\pi32v2-lib\r3\libm.a(lib_a-s_round.o)
                0x0415e15a                round
 .text          0x0415e1fc       0x10 C:\JL\pi32\pi32v2-lib\r3\libc.a(lib_a-atoi.o)
                0x0415e1fc                atoi
                0x0415e204                _atoi_r
 .text          0x0415e20c       0x10 C:\JL\pi32\pi32v2-lib\r3\libc.a(lib_a-atol.o)
                0x0415e20c                atol
                0x0415e214                _atol_r
 .text          0x0415e21c       0x40 C:\JL\pi32\pi32v2-lib\r3\libc.a(lib_a-bsearch.o)
                0x0415e21c                bsearch
 .text          0x0415e25c        0x0 C:\JL\pi32\pi32v2-lib\r3\libc.a(lib_a-ctype_.o)
 .text          0x0415e25c        0x0 C:\JL\pi32\pi32v2-lib\r3\libc.a(lib_a-impure.o)
 .text          0x0415e25c       0x1a C:\JL\pi32\pi32v2-lib\r3\libc.a(lib_a-isblank.o)
                0x0415e25c                isblank
 .text          0x0415e276       0x24 C:\JL\pi32\pi32v2-lib\r3\libc.a(lib_a-isprint.o)
                0x0415e276                isgraph
                0x0415e288                isprint
 .text          0x0415e29a       0x12 C:\JL\pi32\pi32v2-lib\r3\libc.a(lib_a-isspace.o)
                0x0415e29a                isspace
 .text          0x0415e2ac       0x38 C:\JL\pi32\pi32v2-lib\r3\libc.a(lib_a-memcmp.o)
                0x0415e2ac                memcmp
 .text          0x0415e2e4       0xc2 C:\JL\pi32\pi32v2-lib\r3\libc.a(lib_a-memcpy.o)
                0x0415e2e4                memcpy
                0x0415e2e4                memmove
 .text          0x0415e3a6       0x28 C:\JL\pi32\pi32v2-lib\r3\libc.a(lib_a-memmem.o)
                0x0415e3a6                memmem
 .text          0x0415e3ce       0x2c C:\JL\pi32\pi32v2-lib\r3\libc.a(lib_a-memset.o)
                0x0415e3ce                memset
 .text          0x0415e3fa      0x2ae C:\JL\pi32\pi32v2-lib\r3\libc.a(lib_a-qsort.o)
                0x0415e464                qsort
 .text          0x0415e6a8       0x3e C:\JL\pi32\pi32v2-lib\r3\libc.a(lib_a-strcasecmp.o)
                0x0415e6a8                strcasecmp
 .text          0x0415e6e6       0x18 C:\JL\pi32\pi32v2-lib\r3\libc.a(lib_a-strcat.o)
                0x0415e6e6                strcat
 .text          0x0415e6fe       0x14 C:\JL\pi32\pi32v2-lib\r3\libc.a(lib_a-strchr.o)
                0x0415e6fe                strchr
 .text          0x0415e712       0xa0 C:\JL\pi32\pi32v2-lib\r3\libc.a(lib_a-strcmp.o)
                0x0415e712                strcmp
 .text          0x0415e7b2       0x6e C:\JL\pi32\pi32v2-lib\r3\libc.a(lib_a-strcpy.o)
                0x0415e7b2                strcpy
 .text          0x0415e820       0x24 C:\JL\pi32\pi32v2-lib\r3\libc.a(lib_a-strcspn.o)
                0x0415e820                strcspn
 .text          0x0415e844       0x28 C:\JL\pi32\pi32v2-lib\r3\libc.a(lib_a-strlcpy.o)
                0x0415e844                strlcpy
 .text          0x0415e86c        0xc C:\JL\pi32\pi32v2-lib\r3\libc.a(lib_a-strlen.o)
                0x0415e86c                strlen
 .text          0x0415e878       0x46 C:\JL\pi32\pi32v2-lib\r3\libc.a(lib_a-strncasecmp.o)
                0x0415e878                strncasecmp
 .text          0x0415e8be       0x26 C:\JL\pi32\pi32v2-lib\r3\libc.a(lib_a-strncat.o)
                0x0415e8be                strncat
 .text          0x0415e8e4       0x1a C:\JL\pi32\pi32v2-lib\r3\libc.a(lib_a-strncmp.o)
                0x0415e8e4                strncmp
 .text          0x0415e8fe       0x26 C:\JL\pi32\pi32v2-lib\r3\libc.a(lib_a-strncpy.o)
                0x0415e8fe                strncpy
 .text          0x0415e924       0x14 C:\JL\pi32\pi32v2-lib\r3\libc.a(lib_a-strnlen.o)
                0x0415e924                strnlen
 .text          0x0415e938       0x36 C:\JL\pi32\pi32v2-lib\r3\libc.a(lib_a-strpbrk.o)
                0x0415e938                strpbrk
 .text          0x0415e96e       0x24 C:\JL\pi32\pi32v2-lib\r3\libc.a(lib_a-strrchr.o)
                0x0415e96e                strrchr
 .text          0x0415e992        0xa C:\JL\pi32\pi32v2-lib\r3\libc.a(lib_a-strsep.o)
                0x0415e992                strsep
 .text          0x0415e99c       0x24 C:\JL\pi32\pi32v2-lib\r3\libc.a(lib_a-strspn.o)
                0x0415e99c                strspn
 .text          0x0415e9c0       0x2a C:\JL\pi32\pi32v2-lib\r3\libc.a(lib_a-strstr.o)
                0x0415e9c0                strstr
 .text          0x0415e9ea       0x10 C:\JL\pi32\pi32v2-lib\r3\libc.a(lib_a-strtok.o)
                0x0415e9ea                strtok
 .text          0x0415e9fa       0x54 C:\JL\pi32\pi32v2-lib\r3\libc.a(lib_a-strtok_r.o)
                0x0415e9fa                __strtok_r
                0x0415ea4a                strtok_r
 .text          0x0415ea4e       0x1a C:\JL\pi32\pi32v2-lib\r3\libc.a(lib_a-strtoll.o)
                0x0415ea4e                strtoll
 .text          0x0415ea68      0x15c C:\JL\pi32\pi32v2-lib\r3\libc.a(lib_a-strtoll_r.o)
                0x0415ea68                _strtoll_r
 .text          0x0415ebc4      0x108 C:\JL\pi32\pi32v2-lib\r3\libc.a(lib_a-strtol.o)
                0x0415ebc4                _strtol_r
                0x0415ecb4                strtol
 .text          0x0415eccc       0x1e C:\JL\pi32\pi32v2-lib\r3\libc.a(lib_a-tolower.o)
                0x0415eccc                tolower
 .text          0x0415ecea      0x314 C:\JL\pi32\pi32v2-lib\r3\libcompiler-rt.a(adddf3.o)
                0x0415ed2a                __adddf3
 .text          0x0415effe        0x6 C:\JL\pi32\pi32v2-lib\r3\libcompiler-rt.a(subdf3.o)
                0x0415effe                __subdf3
 .text          0x0415f004       0x10 C:\JL\pi32\pi32v2-lib\r3\libcompiler-rt.a(udivdi3.o)
                0x0415f004                __udivdi3
 .text          0x0415f014      0x226 C:\JL\pi32\pi32v2-lib\r3\libcompiler-rt.a(udivmoddi4.o)
                0x0415f014                __udivmoddi4
 .text          0x0415f23a       0x14 C:\JL\pi32\pi32v2-lib\r3\libcompiler-rt.a(umoddi3.o)
                0x0415f23a                __umoddi3
 .text          0x0415f24e       0x18 C:\JL\pi32\pi32v2-lib\r3\libc.a(lib_a-memchr.o)
                0x0415f24e                memchr
 .text          0x0415f266      0x1a0 C:\JL\pi32\pi32v2-lib\r3\libcompiler-rt.a(comparedf2.o)
                0x0415f266                __ledf2
                0x0415f266                __cmpdf2
                0x0415f316                __gedf2
                0x0415f3be                __unorddf2
                0x0415f3fe                __eqdf2
                0x0415f400                __ltdf2
                0x0415f402                __nedf2
                0x0415f404                __gtdf2
 .text          0x0415f406      0x346 C:\JL\pi32\pi32v2-lib\r3\libcompiler-rt.a(divdf3.o)
                0x0415f43c                __divdf3
 .text          0x0415f74c       0x5a C:\JL\pi32\pi32v2-lib\r3\libcompiler-rt.a(divdi3.o)
                0x0415f74c                __divdi3
 .text          0x0415f7a6       0x7a C:\JL\pi32\pi32v2-lib\r3\libcompiler-rt.a(extendsfdf2.o)
                0x0415f7a6                __extendsfdf2
 .text          0x0415f820       0x2c C:\JL\pi32\pi32v2-lib\r3\libcompiler-rt.a(fixdfdi.o)
                0x0415f820                __fixdfdi
 .text          0x0415f84c       0x54 C:\JL\pi32\pi32v2-lib\r3\libcompiler-rt.a(fixdfsi.o)
                0x0415f84c                __fixdfsi
 .text          0x0415f8a0       0x4a C:\JL\pi32\pi32v2-lib\r3\libcompiler-rt.a(fixunsdfdi.o)
                0x0415f8a0                __fixunsdfdi
 .text          0x0415f8ea       0x3c C:\JL\pi32\pi32v2-lib\r3\libcompiler-rt.a(fixunsdfsi.o)
                0x0415f8ea                __fixunsdfsi
 .text          0x0415f926       0x32 C:\JL\pi32\pi32v2-lib\r3\libcompiler-rt.a(floatdidf.o)
                0x0415f926                __floatdidf
 .text          0x0415f958       0x4c C:\JL\pi32\pi32v2-lib\r3\libcompiler-rt.a(floatsidf.o)
                0x0415f958                __floatsidf
 .text          0x0415f9a4       0x28 C:\JL\pi32\pi32v2-lib\r3\libcompiler-rt.a(floatundidf.o)
                0x0415f9a4                __floatundidf
 .text          0x0415f9cc       0x34 C:\JL\pi32\pi32v2-lib\r3\libcompiler-rt.a(floatunsidf.o)
                0x0415f9cc                __floatunsidf
 .text          0x0415fa00      0x2fa C:\JL\pi32\pi32v2-lib\r3\libcompiler-rt.a(muldf3.o)
                0x0415fa36                __muldf3
 .text          0x0415fcfa      0x142 C:\JL\pi32\pi32v2-lib\r3\libcompiler-rt.a(truncdfsf2.o)
                0x0415fcfa                __truncdfsf2
                0x0415fe40                . = ALIGN (0x20)
 *fill*         0x0415fe3c        0x4 
                0x0415fe40                _ctors_begin = .
                0x0415fe40                PROVIDE (ctors_begin, .)
 *(.ctors*)
                0x0415fe40                _ctors_end = .
                [!provide]                PROVIDE (ctors_end, .)
                0x0415fe40                . = ALIGN (0x20)
 *(.rodata*)
 .rodata.str1.1
                0x0415fe40     0x5cea cpu\dv17\tools\sdk.elf.o
                               0x5e36 (size before relaxing)
 *fill*         0x04165b2a       0x16 
 .rodata        0x04165b40    0x6eecc cpu\dv17\tools\sdk.elf.o
                0x0419478c                pcm_enc_ops
                0x041947b8                aac_enc_sub_ops
 *fill*         0x041d4a0c        0x4 
 .rodata.str1.16
                0x041d4a10     0x33a0 cpu\dv17\tools\sdk.elf.o
                               0x3392 (size before relaxing)
 .rodata.cst32  0x041d7db0       0xa0 cpu\dv17\tools\sdk.elf.o
 .rodata.str4.4
                0x041d7e50      0x278 cpu\dv17\tools\sdk.elf.o
 .rodata.cst4   0x041d80c8        0x8 cpu\dv17\tools\sdk.elf.o
 .rodata.cst16  0x041d80d0       0x90 cpu\dv17\tools\sdk.elf.o
 .rodata.str4.16
                0x041d8160       0x40 cpu\dv17\tools\sdk.elf.o
                                 0x34 (size before relaxing)
 .rodata.cst8   0x041d81a0        0x8 cpu\dv17\tools\sdk.elf.o
 .rodata        0x041d81a8        0xc include_lib/liba/dv17/aac_enc_lib.a(AAC_E_SAMPLES.o)
                0x041d81a8                aac_enc_opst
 *fill*         0x041d81b4        0xc 
 .rodata.str1.16
                0x041d81c0       0x33 include_lib/liba/dv17/aac_enc_lib.a(AAC_E_SAMPLES.o)
 *fill*         0x041d81f3        0x1 
 .rodata.cst8   0x041d81f4        0x8 include_lib/liba/dv17/aac_enc_lib.a(psy_main.o)
 .rodata        0x041d81fc     0x5a3a include_lib/liba/dv17/aac_enc_lib.a(aac_rom.o)
                0x041d81fc                cossintab
                0x041d93fc                twidTab512
                0x041da3bc                twidTab64
                0x041da59c                ShortWindowSine
                0x041da69c                LongWindowKBD
                0x041dae9c                formfac_sqrttable
                0x041db01c                mTab_3_4
                0x041db81c                mTab_4_3
                0x041dc01c                invSBF
                0x041dc07c                pow2tominusNover16
                0x041dc09e                sideInfoTabLong
                0x041dc106                sideInfoTabShort
                0x041dc128                specExpMantTableComb_enc
                0x041dc208                specExpTableComb_enc
                0x041dc240                quantBorders
                0x041dc260                quantRecon
                0x041dc278                sampRateTab
                0x041dc2a8                rates
                0x041dc2c8                BandwithCoefTab
                0x041dc448                sfBandTotalShort
                0x041dc454                sfBandTotalLong
                0x041dc460                sfBandTabShortOffset
                0x041dc490                sfBandTabShort
                0x041dc528                sfBandTabLongOffset
                0x041dc558                sfBandTabLong
                0x041dc7e2                huff_ltab1_2
                0x041dc884                huff_ltab3_4
                0x041dc926                huff_ltab5_6
                0x041dc9c8                huff_ltab7_8
                0x041dca48                huff_ltab9_10
                0x041dcb9a                huff_ltab11
                0x041dcddc                huff_ltabscf
                0x041dcece                huff_ctab1
                0x041dcf70                huff_ctab2
                0x041dd012                huff_ctab3
                0x041dd0b4                huff_ctab4
                0x041dd156                huff_ctab5
                0x041dd1f8                huff_ctab6
                0x041dd29a                huff_ctab7
                0x041dd31a                huff_ctab8
                0x041dd39a                huff_ctab9
                0x041dd4ec                huff_ctab10
                0x041dd63e                huff_ctab11
                0x041dd880                huff_ctabscf
                0x041dda64                m_log2_table
                0x041ddae4                tnsCoeff3
                0x041ddb04                tnsCoeff3Borders
                0x041ddb24                tnsCoeff4
                0x041ddb64                tnsCoeff4Borders
                0x041ddba4                bitrevTab
 *fill*         0x041ddc36        0x2 
 .rodata        0x041ddc38       0x44 include_lib/liba/dv17/aac_enc_lib.a(bit_cnt.o)
 .rodata        0x041ddc7c       0x48 include_lib/liba/dv17/aac_enc_lib.a(block_switch.o)
                0x041ddc7c                hiPassCoeff
 .rodata.cst32  0x041ddcc4       0x20 include_lib/liba/dv17/aac_enc_lib.a(block_switch.o)
 .rodata        0x041ddce4       0x10 include_lib/liba/dv17/aac_enc_lib.a(dyn_bits.o)
 .rodata        0x041ddcf4      0x400 include_lib/liba/dv17/aac_enc_lib.a(oper_32b.o)
 .rodata        0x041de0f4       0x32 include_lib/liba/dv17/aac_enc_lib.a(psy_configuration.o)
 .rodata        0x041de126      0x281 C:\JL\pi32\pi32v2-lib\r3\libc.a(lib_a-ctype_.o)
                0x041de2a6                _ctype_
 *fill*         0x041de3a7        0x1 
 .rodata        0x041de3a8        0x4 C:\JL\pi32\pi32v2-lib\r3\libc.a(lib_a-impure.o)
                0x041de3a8                _global_impure_ptr
 .rodata.str1.1
                0x041de3ac        0x0 C:\JL\pi32\pi32v2-lib\r3\libc.a(lib_a-impure.o)
                                  0x2 (size before relaxing)
 *(.jlsp_code)
                0x041de3ac                . = ALIGN (0x4)
                0x041de3ac                _text_rodata_end = .
                [!provide]                PROVIDE (text_rodata_end, .)
                0x00000000                PROVIDE (ctors_count, (_ctors_end - _ctors_begin))

.data           0x041de3ac    0x419bc
 *(.stack)
 .stack         0x041de3ac    0x20000 include_lib/liba/dv17/libcpu.a(startup.S.o)
                0x041e23ac                _stack_cpu0
                0x041ea3ac                _stack_cpu1
                0x041ee3ac                _stack1_cpu1
                0x041f23ac                _stack_cpu2
                0x041f63ac                _stack1_cpu2
                0x041fa3ac                _stack_cpu3
                0x041fe3ac                _stack1_cpu3
                0x041fe3c0                . = ALIGN (0x20)
 *fill*         0x041fe3ac       0x14 
 *(.data)
 .data          0x041fe3c0    0x1f128 cpu\dv17\tools\sdk.elf.o
 .data          0x0421d4e8        0x4 C:\JL\pi32\pi32v2-lib\r3\libc.a(lib_a-ctype_.o)
                0x0421d4e8                __ctype_ptr__
 .data          0x0421d4ec      0x41c C:\JL\pi32\pi32v2-lib\r3\libc.a(lib_a-impure.o)
                0x0421d4ec                _impure_ptr
                0x0421d908                . = ALIGN (0x4)
                0x0421d908                vfs_ops_begin = .
 *(.vfs_operations)
 .vfs_operations
                0x0421d908      0x1f4 cpu\dv17\tools\sdk.elf.o
                0x0421d908                sdfile_vfs_ops
                0x0421d96c                devfs_vfs_ops
                0x0421d9d0                fat_vfs_ops
                0x0421da34                ramfs_vfs_ops
                0x0421da98                fatfs_ops
                0x0421dafc                vfs_ops_end = .
                0x0421dafc                _lcd_device_begin = .
                [!provide]                PROVIDE (lcd_device_begin, .)
 *(.lcd_device)
 .lcd_device    0x0421dafc      0x3d8 cpu\dv17\tools\sdk.elf.o
                0x0421ded4                _lcd_device_end = .
                [!provide]                PROVIDE (lcd_device_end, .)
                0x0421ded4                _lcd_device_drive_begin = .
                0x0421ded4                PROVIDE (lcd_device_drive_begin, .)
 *(.lcd_device_drive)
 .lcd_device_drive
                0x0421ded4       0x38 cpu\dv17\tools\sdk.elf.o
                0x0421df0c                _lcd_device_drive_end = .
                0x0421df0c                PROVIDE (lcd_device_drive_end, .)
                0x0421df0c                _gsensor_dev_begin = .
                [!provide]                PROVIDE (gsensor_dev_begin, .)
 *(.gsensor_dev)
                0x0421df0c                _gsensor_dev_end = .
                [!provide]                PROVIDE (gsensor_dev_end, .)
                0x0421df0c                _touch_panel_dev_begin = .
                0x0421df0c                PROVIDE (touch_panel_dev_begin, .)
 *(.touch_panel_dev)
 .touch_panel_dev
                0x0421df0c       0x18 cpu\dv17\tools\sdk.elf.o
                0x0421df24                _touch_panel_dev_end = .
                0x0421df24                PROVIDE (touch_panel_dev_end, .)
                0x0421df24                _isp_scr_begin = .
                0x0421df24                PROVIDE (isp_scr_begin, .)
 *(.isp_scr_work)
 .isp_scr_work  0x0421df24       0x20 cpu\dv17\tools\sdk.elf.o
                0x0421df44                _isp_scr_end = .
                0x0421df44                PROVIDE (isp_scr_end, .)
                0x0421df44                _power_dev_begin = .
                [!provide]                PROVIDE (power_dev_begin, .)
 *(.power_dev)
                0x0421df44                _power_dev_end = .
                [!provide]                PROVIDE (power_dev_end, .)
                0x0421df44                _eth_phy_device_begin = .
                [!provide]                PROVIDE (eth_phy_device_begin, .)
 *(.eth_phy_device)
                0x0421df44                _eth_phy_device_end = .
                [!provide]                PROVIDE (eth_phy_device_end, .)
                0x0421df44                _ui_style_begin = .
                0x0421df44                PROVIDE (ui_style_begin, .)
 *(.ui_style)
 .ui_style      0x0421df44       0x24 cpu\dv17\tools\sdk.elf.o
                0x0421df68                _ui_style_end = .
                0x0421df68                PROVIDE (ui_style_end, .)
                0x0421df68                _elm_event_handler_begin_UPGRADE = .
                0x0421df68                PROVIDE (elm_event_handler_begin_UPGRADE, .)
 *(.elm_event_handler_UPGRADE)
                0x0421df68                _elm_event_handler_end_UPGRADE = .
                0x0421df68                PROVIDE (elm_event_handler_end_UPGRADE, .)
                0x0421df68                _elm_event_handler_begin_JL02 = .
                0x0421df68                PROVIDE (elm_event_handler_begin_JL02, .)
 *(.elm_event_handler_JL02)
 .elm_event_handler_JL02
                0x0421df68      0x860 cpu\dv17\tools\sdk.elf.o
                0x0421e7c8                _elm_event_handler_end_JL02 = .
                0x0421e7c8                PROVIDE (elm_event_handler_end_JL02, .)
                0x0421e7c8                _elm_event_handler_begin_ANI = .
                0x0421e7c8                PROVIDE (elm_event_handler_begin_ANI, .)
 *(.elm_event_handler_ANI)
 .elm_event_handler_ANI
                0x0421e7c8       0x40 cpu\dv17\tools\sdk.elf.o
                0x0421e808                _elm_event_handler_end_ANI = .
                0x0421e808                PROVIDE (elm_event_handler_end_ANI, .)
                0x0421e808                _elm_event_handler_begin_LY = .
                [!provide]                PROVIDE (elm_event_handler_begin_LY, .)
 *(.elm_event_handler_LY)
                0x0421e808                _elm_event_handler_end_LY = .
                [!provide]                PROVIDE (elm_event_handler_end_LY, .)
                0x0421e808                _control_event_handler_begin = .
                [!provide]                PROVIDE (control_event_handler_begin, .)
 *(.control_event_handler)
                0x0421e808                _control_event_handler_end = .
                [!provide]                PROVIDE (control_event_handler_end, .)
                0x0421e808                _control_ops_begin = .
                0x0421e808                PROVIDE (control_ops_begin, .)
 *(.control_ops)
 .control_ops   0x0421e808       0x78 cpu\dv17\tools\sdk.elf.o
                0x0421e880                _control_ops_end = .
                0x0421e880                PROVIDE (control_ops_end, .)
                0x0421e880                _vg_event_handler_begin = .
                [!provide]                PROVIDE (vg_event_handler_begin, .)
 *(.vg_event_handler)
                0x0421e880                _vg_event_handler_end = .
                [!provide]                PROVIDE (vg_event_handler_end, .)
                0x0421e880                _on_show_map_begin = .
                [!provide]                PROVIDE (on_show_map_begin, .)
 *(.on_show_map)
                0x0421e880                _on_show_map_end = .
                [!provide]                PROVIDE (on_show_map_end, .)
                0x0421e880                _on_click_map_begin = .
                [!provide]                PROVIDE (on_click_map_begin, .)
 *(.on_click_map)
                0x0421e880                _on_click_map_end = .
                [!provide]                PROVIDE (on_click_map_end, .)
                0x0421e880                _on_touch_map_begin = .
                [!provide]                PROVIDE (on_touch_map_begin, .)
 *(.on_touch_map)
                0x0421e880                _on_touch_map_end = .
                [!provide]                PROVIDE (on_touch_map_end, .)
                0x0421e880                _on_change_map_begin = .
                [!provide]                PROVIDE (on_change_map_begin, .)
 *(.on_change_map)
                0x0421e880                _on_change_map_end = .
                [!provide]                PROVIDE (on_change_map_end, .)
                0x0421e880                _on_key_map_begin = .
                [!provide]                PROVIDE (on_key_map_begin, .)
 *(.on_key_map)
                0x0421e880                _on_key_map_end = .
                [!provide]                PROVIDE (on_key_map_end, .)
                0x0421e880                _img_loader_begin = .
                [!provide]                PROVIDE (img_loader_begin, .)
 *(.img_loader)
                0x0421e880                _img_loader_end = .
                [!provide]                PROVIDE (img_loader_end, .)
                0x0421e880                _battery_notify_begin = .
                [!provide]                PROVIDE (battery_notify_begin, .)
 *(.battery_notify)
                0x0421e880                _battery_notify_end = .
                [!provide]                PROVIDE (battery_notify_end, .)
                0x0421e880                _lib_version_begin = .
                [!provide]                PROVIDE (lib_version_begin, .)
 *(.lib_version)
 .lib_version   0x0421e880       0x2c cpu\dv17\tools\sdk.elf.o
                0x0421e880                __version_sdfile
                0x0421e884                __version_upgrade_server
                0x0421e888                __version_server_core
                0x0421e88c                __version_ui_server
                0x0421e890                __version_video_engine_server
                0x0421e894                __version_usb_server
                0x0421e898                __version_video_dec_server
                0x0421e89c                __version_vunpkg_server
                0x0421e8a0                __version_video_server
                0x0421e8a4                __version_vpkg_server
                0x0421e8a8                __version_audio_server
                0x0421e8ac                _lib_version_end = .
                [!provide]                PROVIDE (lib_version_end, .)
                0x0421e8ac                _sys_version_begin = .
                0x0421e8ac                PROVIDE (sys_version_begin, .)
 *(.sys.version)
 .sys.version   0x0421e8ac       0x1f include_lib/liba/dv17/librtos.a(version.z.o)
                0x0421e8ac                lib_rtos_version
 .sys.version   0x0421e8cb       0x1e include_lib/liba/dv17/libsdx.a(version.z.o)
                0x0421e8cb                lib_sdx_version
 .sys.version   0x0421e8e9       0x1e include_lib/liba/dv17/libres.a(version.z.o)
                0x0421e8e9                lib_res_version
 .sys.version   0x0421e907       0x1e include_lib/liba/dv17/libusb.a(version.z.o)
                0x0421e907                lib_usb_version
 .sys.version   0x0421e925       0x1d include_lib/liba/dv17/libfs.a(version.z.o)
                0x0421e925                lib_fs_version
 .sys.version   0x0421e942       0x26 include_lib/liba/dv17/libupgrade.a(version.z.o)
                0x0421e942                lib_sys_upgrade_version
 .sys.version   0x0421e968       0x1f include_lib/liba/dv17/libfont.a(version.z.o)
                0x0421e968                lib_font_version
 .sys.version   0x0421e987       0x26 include_lib/liba/dv17/libserver_core.a(version.z.o)
                0x0421e987                lib_server_core_version
 .sys.version   0x0421e9ad       0x24 include_lib/liba/dv17/libui_server.a(version.z.o)
                0x0421e9ad                lib_ui_server_version
 .sys.version   0x0421e9d1       0x2e include_lib/liba/dv17/libvideo_engine_server.a(version.z.o)
                0x0421e9d1                lib_video_engine_server_version
 .sys.version   0x0421e9ff       0x25 include_lib/liba/dv17/libusb_server.a(version.z.o)
                0x0421e9ff                lib_usb_server_version
 .sys.version   0x0421ea24       0x2b include_lib/liba/dv17/libvideo_dec_server.a(version.z.o)
                0x0421ea24                lib_video_dec_server_version
 .sys.version   0x0421ea4f       0x2b include_lib/liba/dv17/libvideo_rec_server.a(version.z.o)
                0x0421ea4f                lib_video_rec_server_version
 .sys.version   0x0421ea7a       0x27 include_lib/liba/dv17/libaudio_server.a(version.z.o)
                0x0421ea7a                lib_audio_server_version
 .sys.version   0x0421eaa1       0x1d include_lib/liba/dv17/libvm.a(version.z.o)
                0x0421eaa1                lib_vm_version
 .sys.version   0x0421eabe       0x1e include_lib/liba/dv17/libsys.a(version.z.o)
                0x0421eabe                lib_sys_version
 .sys.version   0x0421eadc       0x23 include_lib/liba/dv17/libdlmalloc.a(version.z.o)
                0x0421eadc                lib_dlmalloc_version
 .sys.version   0x0421eaff       0x1e include_lib/liba/dv17/libh264.a(version.z.o)
                0x0421eaff                lib_h264_version
 .sys.version   0x0421eb1d       0x1f include_lib/liba/dv17/libjpeg.a(version.z.o)
                0x0421eb1d                lib_jpeg_version
 .sys.version   0x0421eb3c       0x2a include_lib/liba/dv17/libvideo_framework.a(version.z.o)
                0x0421eb3c                lib_video_framework_version
 .sys.version   0x0421eb66       0x1e include_lib/liba/dv17/libdev.a(version.z.o)
                0x0421eb66                lib_dev_version
 .sys.version   0x0421eb84       0x1d include_lib/liba/dv17/libui.a(version.z.o)
                0x0421eb84                lib_ui_version
 .sys.version   0x0421eba1       0x1e include_lib/liba/dv17/libcpu.a(version.z.o)
                0x0421eba1                lib_cpu_version
 .sys.version   0x0421ebbf       0x1e include_lib/liba/dv17/libisp.a(version.z.o)
                0x0421ebbf                lib_isp_version
 .sys.version   0x0421ebdd       0x1e include_lib/liba/dv17/liblog.a(version.z.o)
                0x0421ebdd                lib_log_version
 .sys.version   0x0421ebfb       0x1e include_lib/liba/dv17/libhsm.a(version.z.o)
                0x0421ebfb                lib_hsm_version
 .sys.version   0x0421ec19       0x23 include_lib/liba/dv17/libwifi_dev.a(version.z.o)
                0x0421ec19                lib_wifi_dev_version
 .sys.version   0x0421ec3c       0x22 include_lib/liba/dv17/libmbedtls.a(version.z.o)
                0x0421ec3c                lib_mbedtls_version
 .sys.version   0x0421ec5e       0x1f include_lib/liba/dv17/liblwip.a(version.z.o)
                0x0421ec5e                lib_lwip_version
 .sys.version   0x0421ec7d       0x1f include_lib/liba/dv17/libjson.a(version.z.o)
                0x0421ec7d                lib_json_version
 .sys.version   0x0421ec9c       0x21 include_lib/liba/dv17/libftpcli.a(version.z.o)
                0x0421ec9c                lib_ftpcli_version
 .sys.version   0x0421ecbd       0x25 include_lib/liba/dv17/libnet_server.a(version.z.o)
                0x0421ecbd                lib_net_server_version
 .sys.version   0x0421ece2       0x26 include_lib/liba/dv17/libhttp_server.a(version.z.o)
                0x0421ece2                lib_http_server_version
 .sys.version   0x0421ed08       0x22 include_lib/liba/dv17/libhttp_cli.a(version.z.o)
                0x0421ed08                lib_httpcli_version
 .sys.version   0x0421ed2a       0x20 include_lib/liba/dv17/libiperf.a(version.z.o)
                0x0421ed2a                lib_iperf_version
 .sys.version   0x0421ed4a       0x21 include_lib/liba/dv17/libcommon.a(version.z.o)
                0x0421ed4a                lib_common_version
 .sys.version   0x0421ed6b       0x1f include_lib/liba/dv17/librtsp.a(version.z.o)
                0x0421ed6b                lib_rtsp_version
 .sys.version   0x0421ed8a       0x1f include_lib/liba/dv17/libftpd.a(version.z.o)
                0x0421ed8a                lib_ftpd_version
 .sys.version   0x0421eda9       0x24 include_lib/liba/dv17/libsdio_card.a(version.z.o)
                0x0421eda9                lib_sdio_card_version
 .sys.version   0x0421edcd       0x23 include_lib/liba/dv17/librtl8189f.a(version.z.o)
                0x0421edcd                lib_rtl8189f_version
 .sys.version   0x0421edf0       0x25 include_lib/liba/dv17/libhostapd_wpa.a(version.z.o)
                0x0421edf0                lib_hostap_wap_version
                0x0421ee15                _sys_version_end = .
                0x0421ee15                PROVIDE (sys_version_end, .)
                0x0421ee18                . = ALIGN (0x4)
 *fill*         0x0421ee15        0x3 
                0x0421ee18                _initcall_begin = .
                0x0421ee18                PROVIDE (initcall_begin, .)
 *(.initcall)
 .initcall      0x0421ee18       0x20 cpu\dv17\tools\sdk.elf.o
                0x0421ee18                __initcall_app_config_init
                0x0421ee1c                __initcall_touch_panel_startup
                0x0421ee20                __initcall_net_video_server_init
                0x0421ee24                __initcall_video_engine_server_init
                0x0421ee28                __initcall_usb_server_init
                0x0421ee2c                __initcall_video_server_init
                0x0421ee30                __initcall_vpkg_server_init
                0x0421ee34                __initcall_log_time_init
                0x0421ee38                _initcall_end = .
                0x0421ee38                PROVIDE (initcall_end, .)
                0x0421ee38                _early_initcall_begin = .
                0x0421ee38                PROVIDE (early_initcall_begin, .)
 *(.early.initcall)
 .early.initcall
                0x0421ee38       0x30 cpu\dv17\tools\sdk.elf.o
                0x0421ee38                __initcall_app_version_check
                0x0421ee3c                __initcall___sd_mutex_init
                0x0421ee40                __initcall___mutex_init
                0x0421ee44                __initcall_sys_event_init
                0x0421ee48                __initcall_wait_completion_init
                0x0421ee4c                __initcall___crc16_mutex_init
                0x0421ee50                __initcall_dma_copy_init
                0x0421ee54                __initcall_port_wakeup_init
                0x0421ee58                __initcall_timer1_init
                0x0421ee5c                __initcall___sfc_spi0_mutex_init
                0x0421ee60                __initcall_lvds_analog_uninit
                0x0421ee64                __initcall_timer_cap_init
                0x0421ee68                _early_initcall_end = .
                0x0421ee68                PROVIDE (early_initcall_end, .)
                0x0421ee68                _late_initcall_begin = .
                0x0421ee68                PROVIDE (late_initcall_begin, .)
 *(.late.initcall)
 .late.initcall
                0x0421ee68       0x24 cpu\dv17\tools\sdk.elf.o
                0x0421ee68                __initcall_aec_dns_init
                0x0421ee6c                __initcall_vflist_mutex_init
                0x0421ee70                __initcall_strm_video_rec_init
                0x0421ee74                __initcall_wireless_net_init
                0x0421ee78                __initcall_usb0_init
                0x0421ee7c                __initcall_usb1_init
                0x0421ee80                __initcall_init_application
                0x0421ee84                __initcall_sys_timer_init
                0x0421ee88                __initcall_fenice_sem_init
                0x0421ee8c                _late_initcall_end = .
                0x0421ee8c                PROVIDE (late_initcall_end, .)
                0x0421ee8c                _platform_initcall_begin = .
                0x0421ee8c                PROVIDE (platform_initcall_begin, .)
 *(.platform.initcall)
 .platform.initcall
                0x0421ee8c        0x8 cpu\dv17\tools\sdk.elf.o
                0x0421ee8c                __initcall_adc_scan_init
                0x0421ee90                __initcall_register_fbinfo
                0x0421ee94                _platform_initcall_end = .
                0x0421ee94                PROVIDE (platform_initcall_end, .)
                0x0421ee94                _module_initcall_begin = .
                0x0421ee94                PROVIDE (module_initcall_begin, .)
 *(.module.initcall)
 .module.initcall
                0x0421ee94        0x4 cpu\dv17\tools\sdk.elf.o
                0x0421ee94                __initcall_thread_fork_init
                0x0421ee98                _module_initcall_end = .
                0x0421ee98                PROVIDE (module_initcall_end, .)
                0x0421ee98                _sys_event_handler_begin = .
                0x0421ee98                PROVIDE (sys_event_handler_begin, .)
 *(.sys_event.4.handler)
 .sys_event.4.handler
                0x0421ee98       0x10 cpu\dv17\tools\sdk.elf.o
                0x0421ee98                __event_handler_backlight_charge_event_handler
                0x0421eea0                __event_handler_backlight_event_handler
 *(.sys_event.3.handler)
 .sys_event.3.handler
                0x0421eea8        0x8 cpu\dv17\tools\sdk.elf.o
                0x0421eea8                __event_handler_key_event_handler
 *(.sys_event.2.handler)
 *(.sys_event.1.handler)
 *(.sys_event.0.handler)
 .sys_event.0.handler
                0x0421eeb0       0x20 cpu\dv17\tools\sdk.elf.o
                0x0421eeb0                __event_handler_device_event_handler
                0x0421eeb8                __event_handler_msg_device_event_handler
                0x0421eec0                __event_handler_sys_power_event_handler
                0x0421eec8                __event_handler_uvc_device_event_handler
                0x0421eed0                _sys_event_handler_end = .
                0x0421eed0                PROVIDE (sys_event_handler_end, .)
                0x0421eed0                _syscfg_arg_begin = .
                [!provide]                PROVIDE (syscfg_arg_begin, .)
 *(.syscfg.arg)
                0x0421eed0                _syscfg_arg_end = .
                [!provide]                PROVIDE (syscfg_arg_end, .)
                0x0421eed0                _syscfg_handler_begin = .
                [!provide]                PROVIDE (syscfg_handler_begin, .)
 *(.syscfg.handler)
                0x0421eed0                _syscfg_handler_end = .
                [!provide]                PROVIDE (syscfg_handler_end, .)
                0x0421eed0                _server_info_begin = .
                0x0421eed0                PROVIDE (server_info_begin, .)
 *(.server_info)
 .server_info   0x0421eed0       0xb0 cpu\dv17\tools\sdk.elf.o
                0x0421eed0                upgrade_server_info
                0x0421eee0                ui_server_info
                0x0421eef0                video_engine_server_info
                0x0421ef00                usb_server_info
                0x0421ef10                video_dec_server_info
                0x0421ef20                video_preview_server_info
                0x0421ef30                vunpkg_server_info
                0x0421ef40                video_server_info
                0x0421ef50                vpkg_server_info
                0x0421ef60                audio_server_info
                0x0421ef70                ctp_server_info
                0x0421ef80                _server_info_end = .
                0x0421ef80                PROVIDE (server_info_end, .)
                0x0421ef80                _app_begin = .
                0x0421ef80                PROVIDE (app_begin, .)
 *(.app)
 .app           0x0421ef80      0x100 cpu\dv17\tools\sdk.elf.o
                0x0421f080                _app_end = .
                0x0421f080                PROVIDE (app_end, .)
                0x0421f080                _bus_device_begin = .
                [!provide]                PROVIDE (bus_device_begin, .)
 *(.bus_device)
 .bus_device    0x0421f080        0x8 cpu\dv17\tools\sdk.elf.o
                0x0421f080                buf_dev_imb
                0x0421f088                _bus_device_end = .
                [!provide]                PROVIDE (bus_device_end, .)
                0x0421f088                _sys_power_hal_ops_begin = .
                0x0421f088                PROVIDE (sys_power_hal_ops_begin, .)
 *(.sys_power_hal_ops)
 .sys_power_hal_ops
                0x0421f088       0x20 cpu\dv17\tools\sdk.elf.o
                0x0421f0a8                _sys_power_hal_ops_end = .
                [!provide]                PROVIDE (sys_power_hal_ops_end, .)
                0x0421f0c0                . = ALIGN (0x20)
 *fill*         0x0421f0a8       0x18 
                0x0421f0c0                _camera_dev_begin = .
                0x0421f0c0                PROVIDE (camera_dev_begin, .)
 *(.camera_dev)
 .camera_dev    0x0421f0c0       0x98 cpu\dv17\tools\sdk.elf.o
                0x0421f158                _camera_dev_end = .
                0x0421f158                PROVIDE (camera_dev_end, .)
                0x0421f158                _adc_scan_begin = .
                0x0421f158                PROVIDE (adc_scan_begin, .)
 *(.adc_scan)
 .adc_scan      0x0421f158       0x28 cpu\dv17\tools\sdk.elf.o
                0x0421f180                _adc_scan_end = .
                0x0421f180                PROVIDE (adc_scan_end, .)
                0x0421f180                _spi_device_begin = .
                [!provide]                PROVIDE (spi_device_begin, .)
 *(.spi_device)
                0x0421f180                _spi_device_end = .
                [!provide]                PROVIDE (spi_device_end, .)
                0x0421f180                . = ALIGN (0x20)
                0x0421f180                _device_node_begin = .
                0x0421f180                PROVIDE (device_node_begin, .)
 *(.device)
 .device        0x0421f180      0x174 cpu\dv17\tools\sdk.elf.o
                0x0421f180                device_table
                0x0421f2e8                virtual_audio_dev
                0x0421f2f4                _device_node_end = .
                0x0421f2f4                PROVIDE (device_node_end, .)
                0x0421f2f4                _video_subdev_begin = .
                [!provide]                PROVIDE (video_subdev_begin, .)
 *(.video_subdev.0)
 .video_subdev.0
                0x0421f2f4       0x28 cpu\dv17\tools\sdk.elf.o
                0x0421f2f4                djpeg_subdev
                0x0421f308                camera_subdev
 *(.video_subdev.1)
 .video_subdev.1
                0x0421f31c       0x14 cpu\dv17\tools\sdk.elf.o
                0x0421f31c                fb_video_device
 *(.video_subdev.2)
 *(.video_subdev.3)
 .video_subdev.3
                0x0421f330       0x14 cpu\dv17\tools\sdk.elf.o
                0x0421f330                yuv_encode_subdev
 *(.video_subdev.4)
 *(.video_subdev.5)
                0x0421f344                _video_subdev_end = .
                [!provide]                PROVIDE (video_subdev_end, .)
                0x0421f344                _audio_subdev_begin = .
                0x0421f344                PROVIDE (audio_subdev_begin, .)
 *(.audio_subdev.0)
 .audio_subdev.0
                0x0421f344       0x30 cpu\dv17\tools\sdk.elf.o
                0x0421f344                subdev_aac_enc
                0x0421f350                subdev_dac
                0x0421f35c                subdev_iis_dec
                0x0421f368                subdev_user_dec
 *(.audio_subdev.1)
 .audio_subdev.1
                0x0421f374        0xc cpu\dv17\tools\sdk.elf.o
                0x0421f374                subdev_pcm_enc
 *(.audio_subdev.2)
 .audio_subdev.2
                0x0421f380       0x30 cpu\dv17\tools\sdk.elf.o
                0x0421f380                subdev_adc
                0x0421f38c                subdev_iis_enc
                0x0421f398                subdev_plnk
                0x0421f3a4                subdev_user_enc
 *(.audio_subdev.3)
                0x0421f3b0                _audio_subdev_end = .
                0x0421f3b0                PROVIDE (audio_subdev_end, .)
                0x0421f3b0                _iic_device_begin = .
                0x0421f3b0                PROVIDE (iic_device_begin, .)
 *(.iic)
 .iic           0x0421f3b0       0x28 cpu\dv17\tools\sdk.elf.o
                0x0421f3d8                _iic_device_end = .
                0x0421f3d8                PROVIDE (iic_device_end, .)
                0x0421f3d8                _avin_spi_device_begin = .
                [!provide]                PROVIDE (avin_spi_device_begin, .)
 *(.sw_spi)
                0x0421f3d8                _avin_spi_device_end = .
                [!provide]                PROVIDE (avin_spi_device_end, .)
                0x0421f3d8                _video_dev_begin = .
                0x0421f3d8                PROVIDE (video_dev_begin, .)
 *(.video_device)
 .video_device  0x0421f3d8      0x1f8 cpu\dv17\tools\sdk.elf.o
                0x0421f5d0                _video_dev_end = .
                0x0421f5d0                PROVIDE (video_dev_end, .)
                0x0421f5d0                _uart_device_begin = .
                0x0421f5d0                PROVIDE (uart_device_begin, .)
 *(.uart)
 .uart          0x0421f5d0      0x150 cpu\dv17\tools\sdk.elf.o
                0x0421f720                _uart_device_end = .
                0x0421f720                PROVIDE (uart_device_end, .)
                0x0421f720                . = ALIGN (0x20)
                0x0421f720                _key_driver_begin = .
                0x0421f720                PROVIDE (key_driver_begin, .)
 *(.key_driver)
 .key_driver    0x0421f720       0x50 cpu\dv17\tools\sdk.elf.o
                0x0421f770                _key_driver_end = .
                0x0421f770                PROVIDE (key_driver_end, .)
                0x0421f770                _touch_driver_begin = .
                [!provide]                PROVIDE (touch_driver_begin, .)
 *(.touch_driver)
                0x0421f770                _touch_driver_end = .
                [!provide]                PROVIDE (touch_driver_end, .)
                0x0421f770                _static_hi_timer_begin = .
                0x0421f770                PROVIDE (static_hi_timer_begin, .)
 *(.hi_timer)
                0x0421f770                _static_hi_timer_end = .
                0x0421f770                PROVIDE (static_hi_timer_end, .)
                0x0421f770                _sys_cpu_timer_begin = .
                0x0421f770                PROVIDE (sys_cpu_timer_begin, .)
 *(.sys_cpu_timer)
 .sys_cpu_timer
                0x0421f770       0x10 cpu\dv17\tools\sdk.elf.o
                0x0421f770                cpu_timer2
                0x0421f780                _sys_cpu_timer_end = .
                0x0421f780                PROVIDE (sys_cpu_timer_end, .)
                0x0421f780                _sys_config_begin = .
                [!provide]                PROVIDE (sys_config_begin, .)
 *(.sys_cfg)
                0x0421f780                _sys_config_end = .
                [!provide]                PROVIDE (sys_config_end, .)
                0x0421f780                _audio_decoder_begin = .
                0x0421f780                PROVIDE (audio_decoder_begin, .)
 *(.audio_decoder)
 .audio_decoder
                0x0421f780       0x3c cpu\dv17\tools\sdk.elf.o
                0x0421f780                pcm_decoder_ops
                0x0421f794                adpcm_decoder_ops
                0x0421f7a8                m4a_decoder
                0x0421f7bc                _audio_decoder_end = .
                0x0421f7bc                PROVIDE (audio_decoder_end, .)
                0x0421f7bc                _ethernet_device_begin = .
                [!provide]                PROVIDE (ethernet_device_begin, .)
 *(.ethernet_device)
 *(.eth_phy_device)
                0x0421f7bc                _ethernet_device_end = .
                [!provide]                PROVIDE (ethernet_device_end, .)
                0x0421f7bc                _ctp_mapping_tab_begin = .
                0x0421f7bc                PROVIDE (ctp_mapping_tab_begin, .)
                0x0421f7bc                _ctp_mapping_tab_system_cmd_begin = .
                [!provide]                PROVIDE (ctp_mapping_tab_system_cmd_begin, .)
 *(.ctp_system_cmd)
 .ctp_system_cmd
                0x0421f7bc      0x280 cpu\dv17\tools\sdk.elf.o
                0x0421f7bc                ctp_system_cmd_tab
                0x0421fa3c                _ctp_mapping_tab_system_cmd_end = .
                [!provide]                PROVIDE (ctp_mapping_tab_system_cmd_end, .)
                0x0421fa3c                _ctp_mapping_tab_video_cmd_begin = .
                [!provide]                PROVIDE (ctp_mapping_tab_video_cmd_begin, .)
 *(.ctp_video_cmd)
 .ctp_video_cmd
                0x0421fa3c      0x230 cpu\dv17\tools\sdk.elf.o
                0x0421fa3c                ctp_video_cmd_tab
                0x0421fc6c                _ctp_mapping_tab_video_cmd_end = .
                [!provide]                PROVIDE (ctp_mapping_tab_video_cmd_end, .)
                0x0421fc6c                _ctp_mapping_tab_photo_cmd_begin = .
                [!provide]                PROVIDE (ctp_mapping_tab_photo_cmd_begin, .)
 *(.ctp_photo_cmd)
 .ctp_photo_cmd
                0x0421fc6c       0x3c cpu\dv17\tools\sdk.elf.o
                0x0421fc6c                ctp_photo_cmd_tab
                0x0421fca8                _ctp_mapping_tab_photo_cmd_end = .
                [!provide]                PROVIDE (ctp_mapping_tab_photo_cmd_end, .)
                0x0421fca8                _ctp_mapping_tab_end = .
                0x0421fca8                PROVIDE (ctp_mapping_tab_end, .)
                0x0421fca8                _net_video_stream_sub_begin = .
                0x0421fca8                PROVIDE (net_video_stream_sub_begin, .)
 *(.net_video_stream)
 .net_video_stream
                0x0421fca8       0x30 cpu\dv17\tools\sdk.elf.o
                0x0421fcd8                _net_video_stream_sub_end = .
                0x0421fcd8                PROVIDE (net_video_stream_sub_end, .)
                0x0421fcec                . = (((. + 0x1f) / 0x20) * 0x20)
 *fill*         0x0421fcd8       0x14 
                0x0421fcec                _layer_buf_begin = .
                0x0421fcec                PROVIDE (layer_buf_begin, .)
 *(.layer_buf_t)
                0x0421fcec                _layer_buf_end = .
                0x0421fcec                PROVIDE (layer_buf_end, .)
                0x0421fcec                . = (((. + 0x1f) / 0x20) * 0x20)
                0x0421fcec                _font_info_begin = .
                0x0421fcec                PROVIDE (font_info_begin, .)
 *(.font_info_t)
                0x0421fcec                _font_info_end = .
                0x0421fcec                PROVIDE (font_info_end, .)
                0x0421fcec                . = (((. + 0x1f) / 0x20) * 0x20)
                0x0421fcec                _screen_tool_info_begin = .
                0x0421fcec                PROVIDE (screen_tool_info_begin, .)
 *(.screen_tool_info)
 .screen_tool_info
                0x0421fcec       0x1c cpu\dv17\tools\sdk.elf.o
                0x0421fcec                screen
                0x0421fd08                _screen_tool_info_end = .
                [!provide]                PROVIDE (screen_tool_info_end, .)
                0x0421fd08                _pwm_device_begin = .
                0x0421fd08                PROVIDE (pwm_device_begin, .)
 *(.pwm_dev)
 .pwm_dev       0x0421fd08       0x60 cpu\dv17\tools\sdk.elf.o
                0x0421fd08                pwm
                0x0421fd28                tpwm
                0x0421fd48                pwm8
                0x0421fd68                _pwm_device_end = .
                0x0421fd68                PROVIDE (pwm_device_end, .)
                0x0421fd68                _wireless_driver_begin = .
                [!provide]                PROVIDE (wireless_driver_begin, .)
 *(.wireless_driver)
                0x0421fd68                _wireless_driver_end = .
                [!provide]                PROVIDE (wireless_driver_end, .)
 *(.m4a_dec_lib.text)
                0x0421fd68                . = ALIGN (0x4)
 *(.jlsp_const)
                0x0421fd68                . = ALIGN (0x4)
 *(.jlsp_data)
                0x0421fd68                . = ALIGN (0x4)
 *(.dns_common_data)
                0x0421fd68                . = ALIGN (0x4)
 *(.dns_16k_data)
                0x0421fd68                . = ALIGN (0x4)
 *(.dns_8k_data)
                0x0421fd68                . = ALIGN (0x4)
 *(.dns_param_data_single)

.bss            0x0421fd80   0x874340
                0x0421fd80                _system_data_begin = .
 *(.bss)
 *fill*         0x0421fd80       0x80 
 .bss           0x0421fe00   0x52ef10 cpu\dv17\tools\sdk.elf.o
                0x043d32e0                CurrentTCB
                0x043d32e8                highCurrentTCB
 *(COMMON)
 *(.usb_slave_var)
 *(.mem_heap)
 *(.memp_memory_x)
 .memp_memory_x
                0x0474ed10    0x573a7 cpu\dv17\tools\sdk.elf.o
                0x047a60c0                . = (((. + 0x1f) / 0x20) * 0x20)
 *fill*         0x047a60b7        0x9 
                0x047a60c0                _lcd_dev_buf_addr = .
                0x047a60c0                PROVIDE (lcd_dev_buf_addr, .)
 *(.lcd_dev_buf)
 .lcd_dev_buf   0x047a60c0   0x2ee000 cpu\dv17\tools\sdk.elf.o
                0x047a60c0                lcd_dev_buf
                0x04a940c0                . = ALIGN (0x4)
                0x04a940c0                _system_data_end = .
                0x04a940c0                _HEAP_BEGIN = (((. + 0x1f) / 0x20) * 0x20)
                0x04a940c0                PROVIDE (HEAP_BEGIN, (((. + 0x1f) / 0x20) * 0x20))
                0x07ffffe0                _HEAP_END = 0x7ffffe0
                0x07ffffe0                PROVIDE (HEAP_END, 0x7ffffe0)
                0x0356bf20                _MALLOC_SIZE = (_HEAP_END - _HEAP_BEGIN)
                [!provide]                PROVIDE (MALLOC_SIZE, (_HEAP_END - _HEAP_BEGIN))
                0x03f00000                . = ORIGIN (ram0)

.ram0_data      0x03f00000      0xd40
                0x03f00000                . = ALIGN (0x20)
                0x03f00000                _VM_CODE_START = .
 *(.vm)
 .vm            0x03f00000      0xbb6 cpu\dv17\tools\sdk.elf.o
                0x03f00bb6                _VM_CODE_END = .
 *(.flushinv_icache)
 .flushinv_icache
                0x03f00bb6       0x20 cpu\dv17\tools\sdk.elf.o
                0x03f00be0                . = ALIGN (0x20)
 *fill*         0x03f00bd6        0xa 
 *(.ram_code)
 .ram_code      0x03f00be0      0x160 cpu\dv17\tools\sdk.elf.o
                0x03f00be0                copy_q7
                0x03f00c5e                c23_tag_init
                0x03f00d40                . = ALIGN (0x20)

.ram0_bss       0x03f00d40     0xe7c0
                0x03f00d40                . = ALIGN (0x20)
 *(.sd_var)
 .sd_var        0x03f00d40       0x80 cpu\dv17\tools\sdk.elf.o
                0x03f00d40                sd1_cmd_detect
                0x03f00d60                sd1_host_var
 *(.sram)
 .sram          0x03f00dc0      0x214 cpu\dv17\tools\sdk.elf.o
                0x03f00fc4                mpu_proc
                0x03f00fc8                mpu_reti
                0x03f00fcc                mpu_rets
                0x03f00fd0                mpu_tick
 *(.usb0_fifo)
 *fill*         0x03f00fd4       0x2c 
 .usb0_fifo     0x03f01000     0xe0c0 cpu\dv17\tools\sdk.elf.o
 *(.plnk_buf)
 .plnk_buf      0x03f0f0c0      0x440 cpu\dv17\tools\sdk.elf.o
                0x03f0f500                . = ALIGN (0x4)
                0x04000000                text_begin = ADDR (.rom_code)
                0x001de3ac                text_size = SIZEOF (.rom_code)
                0x0421fd80                bss_begin = ADDR (.bss)
                0x00874340                bss_size = SIZEOF (.bss)
                0x00874340                bss_size1 = (_system_data_end - _system_data_begin)
                0x0421fd80                bss_begin1 = _system_data_begin
                0x041de3ac                data_begin = LOADADDR (.data)
                0x041de3ac                data_addr = ADDR (.data)
                0x000419bc                data_size = SIZEOF (.data)
                0x041de3ac                data_vma = ADDR (.data)
                0x041de3ac                data_lma = (text_begin + SIZEOF (.rom_code))
                0x03f00d40                _ram0_bss_vma = ADDR (.ram0_bss)
                0x0000e7c0                _ram0_bss_size = SIZEOF (.ram0_bss)
                0x03f00000                _ram0_data_vma = ADDR (.ram0_data)
                0x0421fd68                _ram0_data_lma = ((text_begin + SIZEOF (.rom_code)) + SIZEOF (.data))
                0x00000d40                _ram0_data_size = SIZEOF (.ram0_data)
LOAD C:\JL\pi32\pi32v2-lib\r3\libm.a
LOAD include_lib\liba\dv17\secret.a
LOAD C:\JL\pi32\pi32v2-lib\r3\libc.a
LOAD C:\JL\pi32\pi32v2-lib\r3\libm.a
LOAD C:\JL\pi32\pi32v2-lib\r3\libcompiler-rt.a
OUTPUT(cpu\dv17\tools\sdk.elf elf32-pi32v2)

.debug_str      0x00000000    0xa4cfb
 .debug_str     0x00000000    0xa1d37 cpu\dv17\tools\sdk.elf.o
                              0xaf1d8 (size before relaxing)
 .debug_str     0x000a1d37      0xa85 include_lib/liba/dv17/aac_enc_lib.a(AAC_E_SAMPLES.o)
                                0xba4 (size before relaxing)
 .debug_str     0x000a27bc       0x77 include_lib/liba/dv17/aac_enc_lib.a(aacenc.o)
                                0xb64 (size before relaxing)
 .debug_str     0x000a2833       0x92 include_lib/liba/dv17/aac_enc_lib.a(aacenc_core.o)
                                0xb62 (size before relaxing)
 .debug_str     0x000a28c5       0x65 include_lib/liba/dv17/aac_enc_lib.a(bitbuffer.o)
                                0x116 (size before relaxing)
 .debug_str     0x000a292a      0x31d include_lib/liba/dv17/aac_enc_lib.a(bitenc.o)
                                0x808 (size before relaxing)
 .debug_str     0x000a2c47       0x68 include_lib/liba/dv17/aac_enc_lib.a(channel_map.o)
                                0x1af (size before relaxing)
 .debug_str     0x000a2caf      0x183 include_lib/liba/dv17/aac_enc_lib.a(psy_main.o)
                                0x70e (size before relaxing)
 .debug_str     0x000a2e32      0x1f7 include_lib/liba/dv17/aac_enc_lib.a(qc_main.o)
                                0xd40 (size before relaxing)
 .debug_str     0x000a3029      0x172 include_lib/liba/dv17/aac_enc_lib.a(quantize.o)
                                0x2a9 (size before relaxing)
 .debug_str     0x000a319b      0x17e include_lib/liba/dv17/aac_enc_lib.a(sf_estim.o)
                                0x4db (size before relaxing)
 .debug_str     0x000a3319       0x53 include_lib/liba/dv17/aac_enc_lib.a(spreading.o)
                                 0xda (size before relaxing)
 .debug_str     0x000a336c      0x10c include_lib/liba/dv17/aac_enc_lib.a(stat_bits.o)
                                0x2f3 (size before relaxing)
 .debug_str     0x000a3478      0x1a5 include_lib/liba/dv17/aac_enc_lib.a(transform.o)
                                0x2b6 (size before relaxing)
 .debug_str     0x000a361d      0x2a5 include_lib/liba/dv17/aac_enc_lib.a(aac_rom.o)
                                0x32f (size before relaxing)
 .debug_str     0x000a38c2      0x566 include_lib/liba/dv17/aac_enc_lib.a(adj_thr.o)
                               0x11e3 (size before relaxing)
 .debug_str     0x000a3e28       0xf7 include_lib/liba/dv17/aac_enc_lib.a(band_nrg.o)
                                0x184 (size before relaxing)
 .debug_str     0x000a3f1f       0x5a include_lib/liba/dv17/aac_enc_lib.a(basicop2.o)
                                 0xe3 (size before relaxing)
 .debug_str     0x000a3f79      0x236 include_lib/liba/dv17/aac_enc_lib.a(bit_cnt.o)
                                0x385 (size before relaxing)
 .debug_str     0x000a41af      0x1ff include_lib/liba/dv17/aac_enc_lib.a(block_switch.o)
                                0x450 (size before relaxing)
 .debug_str     0x000a43ae      0x294 include_lib/liba/dv17/aac_enc_lib.a(dyn_bits.o)
                                0x64f (size before relaxing)
 .debug_str     0x000a4642       0x46 include_lib/liba/dv17/aac_enc_lib.a(grp_data.o)
                                0x199 (size before relaxing)
 .debug_str     0x000a4688       0xb7 include_lib/liba/dv17/aac_enc_lib.a(interface.o)
                                0x307 (size before relaxing)
 .debug_str     0x000a473f       0x58 include_lib/liba/dv17/aac_enc_lib.a(line_pe.o)
                                0x326 (size before relaxing)
 .debug_str     0x000a4797      0x101 include_lib/liba/dv17/aac_enc_lib.a(ms_stereo.o)
                                0x218 (size before relaxing)
 .debug_str     0x000a4898       0xfe include_lib/liba/dv17/aac_enc_lib.a(oper_32b.o)
                                0x1e7 (size before relaxing)
 .debug_str     0x000a4996       0x82 include_lib/liba/dv17/aac_enc_lib.a(pre_echo_control.o)
                                0x167 (size before relaxing)
 .debug_str     0x000a4a18      0x2e3 include_lib/liba/dv17/aac_enc_lib.a(psy_configuration.o)
                                0x55a (size before relaxing)

.debug_loc      0x00000000   0x1161f8
 .debug_loc     0x00000000   0x10da83 cpu\dv17\tools\sdk.elf.o
 .debug_loc     0x0010da83       0xc4 include_lib/liba/dv17/aac_enc_lib.a(AAC_E_SAMPLES.o)
 .debug_loc     0x0010db47       0xf8 include_lib/liba/dv17/aac_enc_lib.a(aacenc.o)
 .debug_loc     0x0010dc3f       0xd9 include_lib/liba/dv17/aac_enc_lib.a(aacenc_core.o)
 .debug_loc     0x0010dd18       0x88 include_lib/liba/dv17/aac_enc_lib.a(bitbuffer.o)
 .debug_loc     0x0010dda0      0x33e include_lib/liba/dv17/aac_enc_lib.a(bitenc.o)
 .debug_loc     0x0010e0de       0xa6 include_lib/liba/dv17/aac_enc_lib.a(channel_map.o)
 .debug_loc     0x0010e184      0x615 include_lib/liba/dv17/aac_enc_lib.a(psy_main.o)
 .debug_loc     0x0010e799      0x40c include_lib/liba/dv17/aac_enc_lib.a(qc_main.o)
 .debug_loc     0x0010eba5      0x992 include_lib/liba/dv17/aac_enc_lib.a(quantize.o)
 .debug_loc     0x0010f537      0x823 include_lib/liba/dv17/aac_enc_lib.a(sf_estim.o)
 .debug_loc     0x0010fd5a       0x7d include_lib/liba/dv17/aac_enc_lib.a(spreading.o)
 .debug_loc     0x0010fdd7       0xa3 include_lib/liba/dv17/aac_enc_lib.a(stat_bits.o)
 .debug_loc     0x0010fe7a      0xc0b include_lib/liba/dv17/aac_enc_lib.a(transform.o)
 .debug_loc     0x00110a85        0x0 include_lib/liba/dv17/aac_enc_lib.a(aac_rom.o)
 .debug_loc     0x00110a85     0x12c3 include_lib/liba/dv17/aac_enc_lib.a(adj_thr.o)
 .debug_loc     0x00111d48      0x544 include_lib/liba/dv17/aac_enc_lib.a(band_nrg.o)
 .debug_loc     0x0011228c      0x263 include_lib/liba/dv17/aac_enc_lib.a(basicop2.o)
 .debug_loc     0x001124ef      0xd4f include_lib/liba/dv17/aac_enc_lib.a(bit_cnt.o)
 .debug_loc     0x0011323e      0x529 include_lib/liba/dv17/aac_enc_lib.a(block_switch.o)
 .debug_loc     0x00113767      0x7dc include_lib/liba/dv17/aac_enc_lib.a(dyn_bits.o)
 .debug_loc     0x00113f43      0x6c1 include_lib/liba/dv17/aac_enc_lib.a(grp_data.o)
 .debug_loc     0x00114604      0x309 include_lib/liba/dv17/aac_enc_lib.a(interface.o)
 .debug_loc     0x0011490d      0x423 include_lib/liba/dv17/aac_enc_lib.a(line_pe.o)
 .debug_loc     0x00114d30      0x45e include_lib/liba/dv17/aac_enc_lib.a(ms_stereo.o)
 .debug_loc     0x0011518e      0x809 include_lib/liba/dv17/aac_enc_lib.a(oper_32b.o)
 .debug_loc     0x00115997      0x17f include_lib/liba/dv17/aac_enc_lib.a(pre_echo_control.o)
 .debug_loc     0x00115b16      0x6e2 include_lib/liba/dv17/aac_enc_lib.a(psy_configuration.o)

.debug_abbrev   0x00000000     0x388a
 .debug_abbrev  0x00000000     0x11c8 cpu\dv17\tools\sdk.elf.o
 .debug_abbrev  0x000011c8       0x28 include_lib/liba/dv17/librtos.a(port_asm.S.o)
 .debug_abbrev  0x000011f0       0x28 include_lib/liba/dv17/libcpu.a(startup.S.o)
 .debug_abbrev  0x00001218      0x155 include_lib/liba/dv17/aac_enc_lib.a(AAC_E_SAMPLES.o)
 .debug_abbrev  0x0000136d      0x130 include_lib/liba/dv17/aac_enc_lib.a(aacenc.o)
 .debug_abbrev  0x0000149d      0x129 include_lib/liba/dv17/aac_enc_lib.a(aacenc_core.o)
 .debug_abbrev  0x000015c6       0x9a include_lib/liba/dv17/aac_enc_lib.a(bitbuffer.o)
 .debug_abbrev  0x00001660      0x210 include_lib/liba/dv17/aac_enc_lib.a(bitenc.o)
 .debug_abbrev  0x00001870       0xe9 include_lib/liba/dv17/aac_enc_lib.a(channel_map.o)
 .debug_abbrev  0x00001959      0x1b6 include_lib/liba/dv17/aac_enc_lib.a(psy_main.o)
 .debug_abbrev  0x00001b0f      0x250 include_lib/liba/dv17/aac_enc_lib.a(qc_main.o)
 .debug_abbrev  0x00001d5f      0x1c1 include_lib/liba/dv17/aac_enc_lib.a(quantize.o)
 .debug_abbrev  0x00001f20      0x1e5 include_lib/liba/dv17/aac_enc_lib.a(sf_estim.o)
 .debug_abbrev  0x00002105       0xae include_lib/liba/dv17/aac_enc_lib.a(spreading.o)
 .debug_abbrev  0x000021b3      0x10e include_lib/liba/dv17/aac_enc_lib.a(stat_bits.o)
 .debug_abbrev  0x000022c1      0x165 include_lib/liba/dv17/aac_enc_lib.a(transform.o)
 .debug_abbrev  0x00002426       0x75 include_lib/liba/dv17/aac_enc_lib.a(aac_rom.o)
 .debug_abbrev  0x0000249b      0x297 include_lib/liba/dv17/aac_enc_lib.a(adj_thr.o)
 .debug_abbrev  0x00002732       0xcf include_lib/liba/dv17/aac_enc_lib.a(band_nrg.o)
 .debug_abbrev  0x00002801      0x154 include_lib/liba/dv17/aac_enc_lib.a(basicop2.o)
 .debug_abbrev  0x00002955      0x210 include_lib/liba/dv17/aac_enc_lib.a(bit_cnt.o)
 .debug_abbrev  0x00002b65      0x1ed include_lib/liba/dv17/aac_enc_lib.a(block_switch.o)
 .debug_abbrev  0x00002d52      0x1fe include_lib/liba/dv17/aac_enc_lib.a(dyn_bits.o)
 .debug_abbrev  0x00002f50      0x118 include_lib/liba/dv17/aac_enc_lib.a(grp_data.o)
 .debug_abbrev  0x00003068      0x14e include_lib/liba/dv17/aac_enc_lib.a(interface.o)
 .debug_abbrev  0x000031b6      0x12b include_lib/liba/dv17/aac_enc_lib.a(line_pe.o)
 .debug_abbrev  0x000032e1       0xf0 include_lib/liba/dv17/aac_enc_lib.a(ms_stereo.o)
 .debug_abbrev  0x000033d1      0x1a7 include_lib/liba/dv17/aac_enc_lib.a(oper_32b.o)
 .debug_abbrev  0x00003578       0xbf include_lib/liba/dv17/aac_enc_lib.a(pre_echo_control.o)
 .debug_abbrev  0x00003637      0x253 include_lib/liba/dv17/aac_enc_lib.a(psy_configuration.o)

.debug_info     0x00000000   0x61d3c3
 .debug_info    0x00000000   0x60d009 cpu\dv17\tools\sdk.elf.o
 .debug_info    0x0060d009      0x115 include_lib/liba/dv17/librtos.a(port_asm.S.o)
 .debug_info    0x0060d11e      0x25d include_lib/liba/dv17/libcpu.a(startup.S.o)
 .debug_info    0x0060d37b     0x10a4 include_lib/liba/dv17/aac_enc_lib.a(AAC_E_SAMPLES.o)
 .debug_info    0x0060e41f     0x1075 include_lib/liba/dv17/aac_enc_lib.a(aacenc.o)
 .debug_info    0x0060f494     0x1039 include_lib/liba/dv17/aac_enc_lib.a(aacenc_core.o)
 .debug_info    0x006104cd      0x198 include_lib/liba/dv17/aac_enc_lib.a(bitbuffer.o)
 .debug_info    0x00610665      0xc87 include_lib/liba/dv17/aac_enc_lib.a(bitenc.o)
 .debug_info    0x006112ec      0x237 include_lib/liba/dv17/aac_enc_lib.a(channel_map.o)
 .debug_info    0x00611523      0xc15 include_lib/liba/dv17/aac_enc_lib.a(psy_main.o)
 .debug_info    0x00612138     0x1495 include_lib/liba/dv17/aac_enc_lib.a(qc_main.o)
 .debug_info    0x006135cd      0x8eb include_lib/liba/dv17/aac_enc_lib.a(quantize.o)
 .debug_info    0x00613eb8      0xa48 include_lib/liba/dv17/aac_enc_lib.a(sf_estim.o)
 .debug_info    0x00614900      0x130 include_lib/liba/dv17/aac_enc_lib.a(spreading.o)
 .debug_info    0x00614a30      0x335 include_lib/liba/dv17/aac_enc_lib.a(stat_bits.o)
 .debug_info    0x00614d65      0x97a include_lib/liba/dv17/aac_enc_lib.a(transform.o)
 .debug_info    0x006156df      0x5f7 include_lib/liba/dv17/aac_enc_lib.a(aac_rom.o)
 .debug_info    0x00615cd6     0x2ab5 include_lib/liba/dv17/aac_enc_lib.a(adj_thr.o)
 .debug_info    0x0061878b      0x386 include_lib/liba/dv17/aac_enc_lib.a(band_nrg.o)
 .debug_info    0x00618b11      0x3da include_lib/liba/dv17/aac_enc_lib.a(basicop2.o)
 .debug_info    0x00618eeb      0xb0e include_lib/liba/dv17/aac_enc_lib.a(bit_cnt.o)
 .debug_info    0x006199f9      0x7cd include_lib/liba/dv17/aac_enc_lib.a(block_switch.o)
 .debug_info    0x0061a1c6      0xa28 include_lib/liba/dv17/aac_enc_lib.a(dyn_bits.o)
 .debug_info    0x0061abee      0x35b include_lib/liba/dv17/aac_enc_lib.a(grp_data.o)
 .debug_info    0x0061af49      0x476 include_lib/liba/dv17/aac_enc_lib.a(interface.o)
 .debug_info    0x0061b3bf      0x61f include_lib/liba/dv17/aac_enc_lib.a(line_pe.o)
 .debug_info    0x0061b9de      0x35c include_lib/liba/dv17/aac_enc_lib.a(ms_stereo.o)
 .debug_info    0x0061bd3a      0x8ee include_lib/liba/dv17/aac_enc_lib.a(oper_32b.o)
 .debug_info    0x0061c628      0x1d8 include_lib/liba/dv17/aac_enc_lib.a(pre_echo_control.o)
 .debug_info    0x0061c800      0xbc3 include_lib/liba/dv17/aac_enc_lib.a(psy_configuration.o)

.debug_ranges   0x00000000    0x212f8
 .debug_ranges  0x00000000    0x20d58 cpu\dv17\tools\sdk.elf.o
 .debug_ranges  0x00020d58        0x0 include_lib/liba/dv17/aac_enc_lib.a(AAC_E_SAMPLES.o)
 .debug_ranges  0x00020d58       0x18 include_lib/liba/dv17/aac_enc_lib.a(aacenc.o)
 .debug_ranges  0x00020d70        0x0 include_lib/liba/dv17/aac_enc_lib.a(aacenc_core.o)
 .debug_ranges  0x00020d70        0x0 include_lib/liba/dv17/aac_enc_lib.a(bitbuffer.o)
 .debug_ranges  0x00020d70       0xa0 include_lib/liba/dv17/aac_enc_lib.a(bitenc.o)
 .debug_ranges  0x00020e10        0x0 include_lib/liba/dv17/aac_enc_lib.a(channel_map.o)
 .debug_ranges  0x00020e10       0x18 include_lib/liba/dv17/aac_enc_lib.a(psy_main.o)
 .debug_ranges  0x00020e28       0x30 include_lib/liba/dv17/aac_enc_lib.a(qc_main.o)
 .debug_ranges  0x00020e58       0x30 include_lib/liba/dv17/aac_enc_lib.a(quantize.o)
 .debug_ranges  0x00020e88       0x58 include_lib/liba/dv17/aac_enc_lib.a(sf_estim.o)
 .debug_ranges  0x00020ee0       0x38 include_lib/liba/dv17/aac_enc_lib.a(spreading.o)
 .debug_ranges  0x00020f18       0x18 include_lib/liba/dv17/aac_enc_lib.a(stat_bits.o)
 .debug_ranges  0x00020f30        0x0 include_lib/liba/dv17/aac_enc_lib.a(transform.o)
 .debug_ranges  0x00020f30        0x0 include_lib/liba/dv17/aac_enc_lib.a(aac_rom.o)
 .debug_ranges  0x00020f30      0x1c8 include_lib/liba/dv17/aac_enc_lib.a(adj_thr.o)
 .debug_ranges  0x000210f8       0x70 include_lib/liba/dv17/aac_enc_lib.a(band_nrg.o)
 .debug_ranges  0x00021168       0x30 include_lib/liba/dv17/aac_enc_lib.a(basicop2.o)
 .debug_ranges  0x00021198        0x0 include_lib/liba/dv17/aac_enc_lib.a(bit_cnt.o)
 .debug_ranges  0x00021198        0x0 include_lib/liba/dv17/aac_enc_lib.a(block_switch.o)
 .debug_ranges  0x00021198       0x58 include_lib/liba/dv17/aac_enc_lib.a(dyn_bits.o)
 .debug_ranges  0x000211f0       0x78 include_lib/liba/dv17/aac_enc_lib.a(grp_data.o)
 .debug_ranges  0x00021268        0x0 include_lib/liba/dv17/aac_enc_lib.a(interface.o)
 .debug_ranges  0x00021268       0x18 include_lib/liba/dv17/aac_enc_lib.a(line_pe.o)
 .debug_ranges  0x00021280        0x0 include_lib/liba/dv17/aac_enc_lib.a(ms_stereo.o)
 .debug_ranges  0x00021280       0x30 include_lib/liba/dv17/aac_enc_lib.a(oper_32b.o)
 .debug_ranges  0x000212b0       0x30 include_lib/liba/dv17/aac_enc_lib.a(pre_echo_control.o)
 .debug_ranges  0x000212e0       0x18 include_lib/liba/dv17/aac_enc_lib.a(psy_configuration.o)

.debug_macinfo  0x00000000       0x1c
 .debug_macinfo
                0x00000000        0x1 cpu\dv17\tools\sdk.elf.o
 .debug_macinfo
                0x00000001        0x1 include_lib/liba/dv17/aac_enc_lib.a(AAC_E_SAMPLES.o)
 .debug_macinfo
                0x00000002        0x1 include_lib/liba/dv17/aac_enc_lib.a(aacenc.o)
 .debug_macinfo
                0x00000003        0x1 include_lib/liba/dv17/aac_enc_lib.a(aacenc_core.o)
 .debug_macinfo
                0x00000004        0x1 include_lib/liba/dv17/aac_enc_lib.a(bitbuffer.o)
 .debug_macinfo
                0x00000005        0x1 include_lib/liba/dv17/aac_enc_lib.a(bitenc.o)
 .debug_macinfo
                0x00000006        0x1 include_lib/liba/dv17/aac_enc_lib.a(channel_map.o)
 .debug_macinfo
                0x00000007        0x1 include_lib/liba/dv17/aac_enc_lib.a(psy_main.o)
 .debug_macinfo
                0x00000008        0x1 include_lib/liba/dv17/aac_enc_lib.a(qc_main.o)
 .debug_macinfo
                0x00000009        0x1 include_lib/liba/dv17/aac_enc_lib.a(quantize.o)
 .debug_macinfo
                0x0000000a        0x1 include_lib/liba/dv17/aac_enc_lib.a(sf_estim.o)
 .debug_macinfo
                0x0000000b        0x1 include_lib/liba/dv17/aac_enc_lib.a(spreading.o)
 .debug_macinfo
                0x0000000c        0x1 include_lib/liba/dv17/aac_enc_lib.a(stat_bits.o)
 .debug_macinfo
                0x0000000d        0x1 include_lib/liba/dv17/aac_enc_lib.a(transform.o)
 .debug_macinfo
                0x0000000e        0x1 include_lib/liba/dv17/aac_enc_lib.a(aac_rom.o)
 .debug_macinfo
                0x0000000f        0x1 include_lib/liba/dv17/aac_enc_lib.a(adj_thr.o)
 .debug_macinfo
                0x00000010        0x1 include_lib/liba/dv17/aac_enc_lib.a(band_nrg.o)
 .debug_macinfo
                0x00000011        0x1 include_lib/liba/dv17/aac_enc_lib.a(basicop2.o)
 .debug_macinfo
                0x00000012        0x1 include_lib/liba/dv17/aac_enc_lib.a(bit_cnt.o)
 .debug_macinfo
                0x00000013        0x1 include_lib/liba/dv17/aac_enc_lib.a(block_switch.o)
 .debug_macinfo
                0x00000014        0x1 include_lib/liba/dv17/aac_enc_lib.a(dyn_bits.o)
 .debug_macinfo
                0x00000015        0x1 include_lib/liba/dv17/aac_enc_lib.a(grp_data.o)
 .debug_macinfo
                0x00000016        0x1 include_lib/liba/dv17/aac_enc_lib.a(interface.o)
 .debug_macinfo