Archive member included to satisfy reference by file (symbol)

include_lib/liba/dv17/librtos.a(os_api.c.o)
                              obj/Release/cpu/dv17/setup.o (symbol from plugin) (os_start)
include_lib/liba/dv17/librtos.a(version.z.o)
                              (lib_rtos_version)
include_lib/liba/dv17/librtos.a(event_groups.c.o)
                              os_api.c.o (symbol from plugin) (xEventGroupCreate)
include_lib/liba/dv17/librtos.a(list.c.o)
                              event_groups.c.o (symbol from plugin) (vListInitialise)
include_lib/liba/dv17/librtos.a(queue.c.o)
                              os_api.c.o (symbol from plugin) (xQueueGenericReset)
include_lib/liba/dv17/librtos.a(tasks.c.o)
                              os_api.c.o (symbol from plugin) (xTaskCreateStatic)
include_lib/liba/dv17/librtos.a(port.c.o)
                              tasks.c.o (symbol from plugin) (pxPortInitialiseStack)
include_lib/liba/dv17/librtos.a(port_overwrite.c.o)
                              tasks.c.o (symbol from plugin) (suppress_tick_and_sleep)
include_lib/liba/dv17/librtos.a(main.c.o)
                              tasks.c.o (symbol from plugin) (vApplicationIdleHook)
include_lib/liba/dv17/librtos.a(port_asm.S.o)
                              port.c.o (symbol from plugin) (vSoftwareInterruptISR)
include_lib/liba/dv17/librtos.a(croutine.c.o)
                              queue.c.o (symbol from plugin) (vCoRoutineAddToDelayedList)
include_lib/liba/dv17/libsdx.a(module_sd1.c.o)
                              obj/Release/apps/wifi_car_camera/video_rec.o (symbol from plugin) (sd1_out_timeout)
include_lib/liba/dv17/libsdx.a(sdmmc_init.c.o)
                              module_sd1.c.o (symbol from plugin) (sd1_init)
include_lib/liba/dv17/libsdx.a(sd_host_args.c.o)
                              module_sd1.c.o (symbol from plugin) (sd1_cmd_detect)
include_lib/liba/dv17/libsdx.a(sd_host_init.c.o)
                              sdmmc_init.c.o (symbol from plugin) (sd1_host_init)
include_lib/liba/dv17/libsdx.a(sd_host_mount.c.o)
                              sdmmc_init.c.o (symbol from plugin) (sd1_mount)
include_lib/liba/dv17/libsdx.a(sd_host_read_end.c.o)
                              module_sd1.c.o (symbol from plugin) (sd1_read_end)
include_lib/liba/dv17/libsdx.a(sd_host_unmount.c.o)
                              module_sd1.c.o (symbol from plugin) (sd1_unmount)
include_lib/liba/dv17/libsdx.a(sd_host_write.c.o)
                              module_sd1.c.o (symbol from plugin) (sd1_flush)
include_lib/liba/dv17/libsdx.a(sd_host_write_end.c.o)
                              module_sd1.c.o (symbol from plugin) (sd1_write_end)
include_lib/liba/dv17/libsdx.a(sd_init.c.o)
                              sd_host_mount.c.o (symbol from plugin) (sd1_init_card)
include_lib/liba/dv17/libsdx.a(mmc_host_send_rca.c.o)
                              sd_init.c.o (symbol from plugin) (mmc1_host_send_rca)
include_lib/liba/dv17/libsdx.a(sd_host_all_send_cid.c.o)
                              sd_init.c.o (symbol from plugin) (sd1_host_all_send_cid)
include_lib/liba/dv17/libsdx.a(sd_host_reset.c.o)
                              sd_init.c.o (symbol from plugin) (sd1_host_reset)
include_lib/liba/dv17/libsdx.a(sd_host_send_csd.c.o)
                              sd_init.c.o (symbol from plugin) (sd1_host_send_csd)
include_lib/liba/dv17/libsdx.a(sd_host_send_if_cond.c.o)
                              sd_init.c.o (symbol from plugin) (sd1_host_send_if_cond)
include_lib/liba/dv17/libsdx.a(sd_host_send_rca.c.o)
                              sd_init.c.o (symbol from plugin) (sd1_host_send_rca)
include_lib/liba/dv17/libsdx.a(sd_host_stop_trans.c.o)
                              sd_host_write.c.o (symbol from plugin) (sd1_host_stop_trans)
include_lib/liba/dv17/libsdx.a(sd_select_card.c.o)
                              sd_init.c.o (symbol from plugin) (sd1_select_card)
include_lib/liba/dv17/libsdx.a(sdmmc_det.c.o)
                              module_sd1.c.o (symbol from plugin) (sd1_is_online)
include_lib/liba/dv17/libsdx.a(sd_chk_ctl.c.o)
                              sdmmc_det.c.o (symbol from plugin) (sd1_chk_ctl)
include_lib/liba/dv17/libsdx.a(sd_host_hw.c.o)
                              sdmmc_det.c.o (symbol from plugin) (sd1_cmd_check)
include_lib/liba/dv17/libsdx.a(sd_wait_idle.c.o)
                              sd_host_mount.c.o (symbol from plugin) (sd1_wait_idle)
include_lib/liba/dv17/libsdx.a(sd_host_reg.c.o)
                              sd_host_hw.c.o (symbol from plugin) (SD1_8CLK_EN)
include_lib/liba/dv17/libsdx.a(sd_send_command.c.o)
                              sd_host_write.c.o (symbol from plugin) (sd1_send_command)
include_lib/liba/dv17/libsdx.a(sd_write_start.c.o)
                              sd_host_write.c.o (symbol from plugin) (sd1_write_start)
include_lib/liba/dv17/libsdx.a(sd_host_status.c.o)
                              sd_host_read_end.c.o (symbol from plugin) (sd1_host_status)
[...]
Memory Configuration

Name             Origin             Length             Attributes
rom              0x00000000         0x00400000         xr
sdram_mem        0x04000000         0x04000000         xrw
ram0             0x03f00000         0x00017000         xrw
*default*        0x00000000         0xffffffff

Linker script and memory map

LOAD obj/Release/apps/common/chip_test/audio_test.o
LOAD cpu\dv17\tools\sdk.elf.o
LOAD obj/Release/apps/common/product_test_tool/communication.o
LOAD obj/Release/apps/common/product_test_tool/devices_control.o
LOAD obj/Release/apps/common/product_test_tool/product_main.o
LOAD obj/Release/apps/common/product_test_tool/product_port.o
LOAD obj/Release/apps/common/rf_fcc_tool/communication.o
LOAD obj/Release/apps/common/rf_fcc_tool/rf_fcc_main.o
LOAD obj/Release/apps/common/rf_fcc_tool/wifi_moudle.o
LOAD obj/Release/apps/common/user_tools/auto_test.o
LOAD obj/Release/apps/common/user_tools/upgrade.o
LOAD obj/Release/apps/common/user_tools/usb_cam_h264.o
LOAD obj/Release/apps/common/user_tools/user_isp_cfg.o
LOAD obj/Release/apps/common/user_tools/user_scr_cfg.o
LOAD obj/Release/apps/common/user_tools/user_scr_draw.o
LOAD obj/Release/apps/common/user_tools/user_scr_tool.o
LOAD obj/Release/apps/cpp_run_init.o
LOAD obj/Release/apps/cxx_runtime.o
LOAD obj/Release/apps/debug.o
LOAD obj/Release/apps/demos/aac_dec_test.o
LOAD obj/Release/apps/demos/aac_enc_test.o
LOAD obj/Release/apps/demos/aecfix_test.o
LOAD obj/Release/apps/demos/mpu_test.o
LOAD obj/Release/apps/demos/play_usb_mic.o
LOAD obj/Release/apps/demos/play_usb_speaker.o
LOAD obj/Release/apps/demos/softosd.o
LOAD obj/Release/apps/demos/test_audio.o
LOAD obj/Release/apps/demos/usb_host_user.o
LOAD obj/Release/apps/flash_write_protect.o
LOAD obj/Release/apps/fontinit.o
LOAD obj/Release/apps/uart2sd.o
LOAD obj/Release/apps/uvc_53x_upgrade.o
LOAD obj/Release/apps/version.o
LOAD obj/Release/apps/wifi_car_camera/app_database.o
LOAD obj/Release/apps/wifi_car_camera/app_main.o
LOAD obj/Release/apps/wifi_car_camera/backlight.o
LOAD obj/Release/apps/wifi_car_camera/device_mount.o
LOAD obj/Release/apps/wifi_car_camera/gsensor/da380.o
LOAD obj/Release/apps/wifi_car_camera/gsensor/gma301.o
LOAD obj/Release/apps/wifi_car_camera/gsensor/gSensor_manage.o
LOAD obj/Release/apps/wifi_car_camera/gsensor/msa300.o
LOAD obj/Release/apps/wifi_car_camera/gsensor/stk8312.o
LOAD obj/Release/apps/wifi_car_camera/key_voice.o
LOAD obj/Release/apps/wifi_car_camera/parking_detect.o
LOAD obj/Release/apps/wifi_car_camera/touch_panel/GT911.o
LOAD obj/Release/apps/wifi_car_camera/touch_panel/GT911_B.o
LOAD obj/Release/apps/wifi_car_camera/touch_panel/touch_panel_manager.o
LOAD obj/Release/apps/wifi_car_camera/ui/style_JL02/ui_action_dec.o
LOAD obj/Release/apps/wifi_car_camera/ui/style_JL02/ui_action_main.o
LOAD obj/Release/apps/wifi_car_camera/ui/style_JL02/ui_action_photo.o
LOAD obj/Release/apps/wifi_car_camera/ui/style_JL02/ui_action_rec.o
LOAD obj/Release/apps/wifi_car_camera/ui/style_JL02/ui_action_sys.o
LOAD obj/Release/apps/wifi_car_camera/ui/style_JL02/ui_action_usb.o
LOAD obj/Release/apps/wifi_car_camera/ui/style_LY/ui_action_dec.o
LOAD obj/Release/apps/wifi_car_camera/ui/style_LY/ui_action_photo.o
LOAD obj/Release/apps/wifi_car_camera/ui/style_LY/ui_action_rec.o
LOAD obj/Release/apps/wifi_car_camera/ui/style_LY/ui_action_sys.o
LOAD obj/Release/apps/wifi_car_camera/ui/style_LY/ui_action_upd.o
LOAD obj/Release/apps/wifi_car_camera/ui/style_LY/ui_action_usb.o
LOAD obj/Release/apps/wifi_car_camera/ui/ui_action_animation.o
LOAD obj/Release/apps/wifi_car_camera/usb_app.o
LOAD obj/Release/apps/wifi_car_camera/usb_app_cfg.o
LOAD obj/Release/apps/wifi_car_camera/video_audio.o
LOAD obj/Release/apps/wifi_car_camera/video_dec.o
LOAD obj/Release/apps/wifi_car_camera/video_dec_cfg.o
LOAD obj/Release/apps/wifi_car_camera/video_photo.o
LOAD obj/Release/apps/wifi_car_camera/video_photo_cfg.o
LOAD obj/Release/apps/wifi_car_camera/video_rec.o
LOAD obj/Release/apps/wifi_car_camera/video_rec_cfg.o
LOAD obj/Release/apps/wifi_car_camera/video_system.o
LOAD obj/Release/apps/wifi_car_camera/video_system_cfg.o
LOAD obj/Release/apps/wifi_car_camera/wifi/wifi-tools/ap_config.o
LOAD obj/Release/apps/wifi_car_camera/wifi/wifi-tools/iperf_test.o
LOAD obj/Release/apps/wifi_car_camera/wifi/wifi-tools/RTL_PHY_REG_PG.o
LOAD obj/Release/apps/wifi_car_camera/wifi/wifi-tools/rtw_cache.o
LOAD obj/Release/apps/wifi_car_camera/wifi/wifi-tools/uaputl_conf.o
LOAD obj/Release/apps/wifi_car_camera/wifi/wifi-tools/wf_uart_protocal.o
LOAD obj/Release/apps/wifi_car_camera/wifi/wifi-tools/WL_AP_CONF.o
LOAD obj/Release/apps/wifi_car_camera/wifi/wifi-tools/WL_EFUSE.o
LOAD obj/Release/apps/wifi_car_camera/wifi/wifi-tools/WL_STA_CONF.o
LOAD obj/Release/apps/wifi_car_camera/wifi/wifi_car_camera/ctp_cmd.o
LOAD obj/Release/apps/wifi_car_camera/wifi/wifi_car_camera/ftpd_vfs_reg.o
LOAD obj/Release/apps/wifi_car_camera/wifi/wifi_car_camera/get_image_data.o
LOAD obj/Release/apps/wifi_car_camera/wifi/wifi_car_camera/lte_app_task.o
LOAD obj/Release/apps/wifi_car_camera/wifi/wifi_car_camera/media_file_list.o
LOAD obj/Release/apps/wifi_car_camera/wifi/wifi_car_camera/net_video_rec.o
LOAD obj/Release/apps/wifi_car_camera/wifi/wifi_car_camera/network_mssdp.o
LOAD obj/Release/apps/wifi_car_camera/wifi/wifi_car_camera/network_upgrade.o
LOAD obj/Release/apps/wifi_car_camera/wifi/wifi_car_camera/packet.o
LOAD obj/Release/apps/wifi_car_camera/wifi/wifi_car_camera/rt_talk_net.o
LOAD obj/Release/apps/wifi_car_camera/wifi/wifi_car_camera/rt_talk_voice.o
LOAD obj/Release/apps/wifi_car_camera/wifi/wifi_car_camera/simple_mov_unpkg.o
LOAD obj/Release/apps/wifi_car_camera/wifi/wifi_car_camera/spec_uart_test.o
LOAD obj/Release/apps/wifi_car_camera/wifi/wifi_car_camera/stream/stream_core.o
LOAD obj/Release/apps/wifi_car_camera/wifi/wifi_car_camera/stream/video_rt_rtsp.o
LOAD obj/Release/apps/wifi_car_camera/wifi/wifi_car_camera/stream/video_rt_tcp.o
LOAD obj/Release/apps/wifi_car_camera/wifi/wifi_car_camera/stream/video_rt_udp.o
LOAD obj/Release/apps/wifi_car_camera/wifi/wifi_car_camera/strm_video_rec.o
LOAD obj/Release/apps/wifi_car_camera/wifi/wifi_car_camera/video_playback.o
LOAD obj/Release/apps/wifi_car_camera/wifi/wifi_car_camera/video_preview.o
LOAD obj/Release/apps/wifi_car_camera/wifi/wifi_car_camera/wifi_app_task.o
LOAD obj/Release/camera/tp2865/tp2865.o
LOAD obj/Release/cpu/dv17/adc.o
LOAD obj/Release/cpu/dv17/adkey.o
LOAD obj/Release/cpu/dv17/adkey1.o
LOAD obj/Release/cpu/dv17/board/board_dev_wifi_5701_20241108.o
LOAD obj/Release/cpu/dv17/debug.o
LOAD obj/Release/cpu/dv17/dvp_lcd_driver/lcd_480x272.o
LOAD obj/Release/cpu/dv17/dvp_lcd_driver/lcd_480x272_18bits.o
LOAD obj/Release/cpu/dv17/dvp_lcd_driver/lcd_480x272_8bits.o
LOAD obj/Release/cpu/dv17/dvp_lcd_driver/lcd_avout.o
LOAD obj/Release/cpu/dv17/dvp_lcd_driver/lcd_avout_hd.o
LOAD obj/Release/cpu/dv17/dvp_lcd_driver/lcd_HX8369A_MCU.o
LOAD obj/Release/cpu/dv17/dvp_lcd_driver/lcd_HX8369A_SPI_RGB.o
LOAD obj/Release/cpu/dv17/dvp_lcd_driver/lcd_HX9225_MCU.o
LOAD obj/Release/cpu/dv17/dvp_lcd_driver/lcd_ILI8960.o
LOAD obj/Release/cpu/dv17/dvp_lcd_driver/lcd_ILI9806.o
LOAD obj/Release/cpu/dv17/dvp_lcd_driver/lcd_LQ026B3UX01.o
LOAD obj/Release/cpu/dv17/dvp_lcd_driver/lcd_LX50FWB4001_V2.o
LOAD obj/Release/cpu/dv17/dvp_lcd_driver/lcd_LYWS030GQ.o
LOAD obj/Release/cpu/dv17/dvp_lcd_driver/lcd_ssd1963.o
LOAD obj/Release/cpu/dv17/dvp_lcd_driver/lcd_ST7789S.o
LOAD obj/Release/cpu/dv17/dvp_lcd_driver/lcd_T15P00.o
LOAD obj/Release/cpu/dv17/dvp_lcd_driver/lcd_vga.o
LOAD obj/Release/cpu/dv17/dvp_lcd_driver/lcd_virtual.o
LOAD obj/Release/cpu/dv17/iokey.o
LOAD obj/Release/cpu/dv17/ldo.o
LOAD obj/Release/cpu/dv17/lvds_lcd_driver/lvds_1024x600.o
LOAD obj/Release/cpu/dv17/lvds_lcd_driver/lvds_1280x800.o
LOAD obj/Release/cpu/dv17/lvds_lcd_driver/lvds_1920x480.o
LOAD obj/Release/cpu/dv17/mipi_lcd_driver/1280x800_RP.o
LOAD obj/Release/cpu/dv17/mipi_lcd_driver/1280x800_RP_ch.o
LOAD obj/Release/cpu/dv17/mipi_lcd_driver/dsi_dcs_1lane_16bit.o
LOAD obj/Release/cpu/dv17/mipi_lcd_driver/dsi_dcs_1lane_24bit.o
LOAD obj/Release/cpu/dv17/mipi_lcd_driver/dsi_vdo_2lane_1280x480_EK79030.o
LOAD obj/Release/cpu/dv17/mipi_lcd_driver/dsi_vdo_2lane_24bit.o
LOAD obj/Release/cpu/dv17/mipi_lcd_driver/dsi_vdo_2lane_bs_t40_l4.o
LOAD obj/Release/cpu/dv17/mipi_lcd_driver/dsi_vdo_2lane_st7701s.o
LOAD obj/Release/cpu/dv17/mipi_lcd_driver/dsi_vdo_4lane_1080p.o
LOAD obj/Release/cpu/dv17/mipi_lcd_driver/dsi_vdo_4lane_1280x480_EK79030.o
LOAD obj/Release/cpu/dv17/mipi_lcd_driver/dsi_vdo_4lane_720p.o
LOAD obj/Release/cpu/dv17/mipi_lcd_driver/dsi_vdo_4lane_720p_rm68200ga1.o
LOAD obj/Release/cpu/dv17/mipi_lcd_driver/lcd_mipi_4lane_s8500l0.o
LOAD obj/Release/cpu/dv17/mipi_lcd_driver/mipi_lcd_1280x400_wt.o
LOAD obj/Release/cpu/dv17/mipi_lcd_driver/mipi_lcd_1280x480.o
LOAD obj/Release/cpu/dv17/mipi_lcd_driver/mipi_lcd_1280x480_ICN9706.o
LOAD obj/Release/cpu/dv17/mipi_lcd_driver/mipi_lcd_1280x720_RM68200GA1.o
LOAD obj/Release/cpu/dv17/mipi_lcd_driver/mipi_lcd_1600x400_wt1098802g01.o
LOAD obj/Release/cpu/dv17/mipi_lcd_driver/mipi_lcd_1600x400_wt1098802g01_1.o
LOAD obj/Release/cpu/dv17/mipi_lcd_driver/mipi_lcd_1920x380_OTA7290B.o
LOAD obj/Release/cpu/dv17/mipi_lcd_driver/mipi_lcd_1920x480_OTA7290B.o
LOAD obj/Release/cpu/dv17/power_inf.o
LOAD obj/Release/cpu/dv17/setup.o
LOAD obj/Release/cpu/dv17/static_memory_alloc.o
LOAD obj/Release/cpu/dv17/uart_key.o
START GROUP
LOAD include_lib/liba/dv17/librtos.a
LOAD include_lib/liba/dv17/libsdx.a
LOAD include_lib/liba/dv17/libres.a
LOAD include_lib/liba/dv17/libusb.a
LOAD include_lib/liba/dv17/libfs.a
LOAD include_lib/liba/dv17/libupgrade.a
LOAD include_lib/liba/dv17/libfont.a
LOAD include_lib/liba/dv17/libserver_core.a
LOAD include_lib/liba/dv17/libui_server.a
LOAD include_lib/liba/dv17/libvideo_engine_server.a
LOAD include_lib/liba/dv17/libusb_server.a
LOAD include_lib/liba/dv17/libvideo_dec_server.a
LOAD include_lib/liba/dv17/libvideo_rec_server.a
LOAD include_lib/liba/dv17/libaudio_server.a
LOAD include_lib/liba/dv17/libvm.a
LOAD include_lib/liba/dv17/libsys.a
LOAD include_lib/liba/dv17/libdlmalloc.a
LOAD include_lib/liba/dv17/libh264.a
LOAD include_lib/liba/dv17/libjpeg.a
LOAD include_lib/liba/dv17/libvideo_framework.a
LOAD include_lib/liba/dv17/libdev.a
LOAD include_lib/liba/dv17/libui.a
LOAD include_lib/liba/dv17/libcpu.a
LOAD include_lib/liba/dv17/libisp.a
LOAD include_lib/liba/dv17/liblog.a
LOAD include_lib/liba/dv17/cpr.a
LOAD include_lib/liba/dv17/rs_ecc.a
LOAD include_lib/liba/dv17/aac_enc_lib.a
LOAD include_lib/liba/dv17/dv17_aac_dec_lib.a
LOAD include_lib/liba/dv17/lib_usb_syn.a
LOAD include_lib/liba/dv17/libhsm.a
LOAD include_lib/liba/dv17/libwifi_dev.a
LOAD include_lib/liba/dv17/libmbedtls.a
LOAD include_lib/liba/dv17/liblwip.a
LOAD include_lib/liba/dv17/libjson.a
LOAD include_lib/liba/dv17/libftpcli.a
LOAD include_lib/liba/dv17/libnet_server.a
LOAD include_lib/liba/dv17/libhttp_server.a
LOAD include_lib/liba/dv17/libhttp_cli.a
LOAD include_lib/liba/dv17/libiperf.a
LOAD include_lib/liba/dv17/libcommon.a
LOAD include_lib/liba/dv17/librtsp.a
LOAD include_lib/liba/dv17/libftpd.a
LOAD include_lib/liba/dv17/libsdio_card.a
LOAD include_lib/liba/dv17/librtl8189f.a
LOAD include_lib/liba/dv17/libhostapd_wpa.a
END GROUP
                0x04000000                . = ORIGIN (sdram_mem)

.rom_code       0x04000000   0x1e4ffc
                0x04000000                _text_rodata_begin = .
                [!provide]                PROVIDE (text_rodata_begin, .)
 *startup.S.o(.text)
 .text          0x04000000       0xe4 include_lib/liba/dv17/libcpu.a(startup.S.o)
                0x04000000                _start
                0x04000090                cpu1_start
                0x040000a4                cpu2_start
                0x040000b8                cpu3_start
                0x040000cc                exception_irq_handler
 *sfc_boot.o(.text*)
 *sfc_boot.o(.rodata*)
 *boot_main.o(.text*)
 *boot_main.o(.rodata*)
 *(.text*)
 .text          0x040000e4   0x15d6a4 cpu\dv17\tools\sdk.elf.o
                0x04001fd0                puts
                0x04041cb4                exception_analyze
                0x0404209e                cpu1_main
                0x04042674                OS_ClrPending
                0x040706d0                main
                0x040a2804                cpu3_main
 .text          0x0415d788        0x0 include_lib/liba/dv17/librtos.a(version.z.o)
 .text          0x0415d788       0x54 include_lib/liba/dv17/librtos.a(port_asm.S.o)
                0x0415d788                vSoftwareInterruptISR
 .text          0x0415d7dc        0x0 include_lib/liba/dv17/libsdx.a(version.z.o)
 .text          0x0415d7dc        0x0 include_lib/liba/dv17/libres.a(version.z.o)
 .text          0x0415d7dc        0x0 include_lib/liba/dv17/libusb.a(version.z.o)
 .text          0x0415d7dc        0x0 include_lib/liba/dv17/libfs.a(version.z.o)
 .text          0x0415d7dc        0x0 include_lib/liba/dv17/libupgrade.a(version.z.o)
 .text          0x0415d7dc        0x0 include_lib/liba/dv17/libfont.a(version.z.o)
 .text          0x0415d7dc        0x0 include_lib/liba/dv17/libserver_core.a(version.z.o)
 .text          0x0415d7dc        0x0 include_lib/liba/dv17/libui_server.a(version.z.o)
 .text          0x0415d7dc        0x0 include_lib/liba/dv17/libvideo_engine_server.a(version.z.o)
 .text          0x0415d7dc        0x0 include_lib/liba/dv17/libusb_server.a(version.z.o)
 .text          0x0415d7dc        0x0 include_lib/liba/dv17/libvideo_dec_server.a(version.z.o)
 .text          0x0415d7dc        0x0 include_lib/liba/dv17/libvideo_rec_server.a(version.z.o)
 .text          0x0415d7dc        0x0 include_lib/liba/dv17/libaudio_server.a(version.z.o)
 .text          0x0415d7dc        0x0 include_lib/liba/dv17/libvm.a(version.z.o)
 .text          0x0415d7dc        0x0 include_lib/liba/dv17/libsys.a(version.z.o)
 .text          0x0415d7dc        0x0 include_lib/liba/dv17/libdlmalloc.a(version.z.o)
 .text          0x0415d7dc        0x0 include_lib/liba/dv17/libh264.a(version.z.o)
 .text          0x0415d7dc        0x0 include_lib/liba/dv17/libjpeg.a(version.z.o)
 .text          0x0415d7dc        0x0 include_lib/liba/dv17/libvideo_framework.a(version.z.o)
 .text          0x0415d7dc        0x0 include_lib/liba/dv17/libdev.a(version.z.o)
 .text          0x0415d7dc        0x0 include_lib/liba/dv17/libui.a(version.z.o)
 .text          0x0415d7dc        0x0 include_lib/liba/dv17/libcpu.a(version.z.o)
 .text          0x0415d7dc        0x0 include_lib/liba/dv17/libisp.a(version.z.o)
 .text          0x0415d7dc        0x0 include_lib/liba/dv17/liblog.a(version.z.o)
 .text          0x0415d7dc       0xa8 include_lib/liba/dv17/aac_enc_lib.a(AAC_E_SAMPLES.o)
                0x0415d87c                get_aac_enc_ops
 .text          0x0415d884      0x160 include_lib/liba/dv17/aac_enc_lib.a(aacenc.o)
                0x0415d884                voAACEncInit
 .text          0x0415d9e4      0x1ae include_lib/liba/dv17/aac_enc_lib.a(aacenc_core.o)
                0x0415d9e4                AacEncOpen
                0x0415da94                AacEncEncode
 .text          0x0415db92       0x76 include_lib/liba/dv17/aac_enc_lib.a(bitbuffer.o)
                0x0415db92                CreateBitBuffer
                0x0415dbac                GetBitsAvail
                0x0415dbb2                WriteBits
 .text          0x0415dc08      0x5ca include_lib/liba/dv17/aac_enc_lib.a(bitenc.o)
                0x0415de30                WriteBitstream
 .text          0x0415e1d2       0x92 include_lib/liba/dv17/aac_enc_lib.a(channel_map.o)
                0x0415e1f6                InitElementInfo
                0x0415e21a                InitElementBits
 .text          0x0415e264      0x77a include_lib/liba/dv17/aac_enc_lib.a(psy_main.o)
                0x0415e264                psyMainInit
                0x0415e2de                psyMain
 .text          0x0415e9de      0x420 include_lib/liba/dv17/aac_enc_lib.a(qc_main.o)
                0x0415e9de                QCInit
                0x0415ea36                QCMain
                0x0415ecba                updateBitres
                0x0415ecee                FinalizeBitConsumption
                0x0415edb6                AdjustBitrate
 .text          0x0415edfe      0x466 include_lib/liba/dv17/aac_enc_lib.a(quantize.o)
                0x0415edfe                pow34
                0x0415ee7a                QuantizeSpectrum
                0x0415f0ec                calcSfbDist
 .text          0x0415f264      0x4a2 include_lib/liba/dv17/aac_enc_lib.a(sf_estim.o)
                0x0415f264                formfac_sqrt
                0x0415f29c                CalcFormFactor
                0x0415f3cc                EstimateScaleFactors
 .text          0x0415f706       0x64 include_lib/liba/dv17/aac_enc_lib.a(spreading.o)
                0x0415f706                SpreadingMax
 .text          0x0415f76a       0x6c include_lib/liba/dv17/aac_enc_lib.a(stat_bits.o)
                0x0415f76a                countStaticBitdemand
 .text          0x0415f7d6      0x986 include_lib/liba/dv17/aac_enc_lib.a(transform.o)
                0x0415fad8                Mdct_Long
                0x0415fcd2                Mdct_Short
                0x0415fde8                Transform_Real
 .text          0x0416015c        0x0 include_lib/liba/dv17/aac_enc_lib.a(aac_rom.o)
 .text          0x0416015c     0x14c2 include_lib/liba/dv17/aac_enc_lib.a(adj_thr.o)
                0x0416015c                bits2pe
                0x0416016a                AdjThrInit
                0x041602f0                AdjustThresholds
                0x04161618                AdjThrUpdate
 .text          0x0416161e      0x1ae include_lib/liba/dv17/aac_enc_lib.a(band_nrg.o)
                0x0416161e                CalcBandEnergy
                0x041616ae                CalcBandEnergyMS
 .text          0x041617cc      0x15c include_lib/liba/dv17/aac_enc_lib.a(basicop2.o)
                0x041617cc                aace_shl
                0x0416181c                aace_shr
                0x0416183c                aace_L_shl
                0x04161844                aace_L_shr
                0x04161862                aace_shr_r
                0x041618e4                aace_L_shr_r
                0x04161922                aace_cls
 .text          0x04161928      0xcac include_lib/liba/dv17/aac_enc_lib.a(bit_cnt.o)
                0x04161928                bitCount
                0x0416194c                codeValues
                0x04161ec4                bitCountScalefactorDelta
                0x04161ed0                codeScalefactorDelta
 .text          0x041625d4      0x348 include_lib/liba/dv17/aac_enc_lib.a(block_switch.o)
                0x041625d4                InitBlockSwitching
                0x04162638                CalcWindowEnergy
                0x041626c8                BlockSwitching
                0x04162870                SyncBlockSwitching
 .text          0x0416291c      0x54e include_lib/liba/dv17/aac_enc_lib.a(dyn_bits.o)
                0x041629b6                dynBitCount
 .text          0x04162e6a      0x3ce include_lib/liba/dv17/aac_enc_lib.a(grp_data.o)
                0x04162e6a                groupShortData
 .text          0x04163238      0x126 include_lib/liba/dv17/aac_enc_lib.a(interface.o)
                0x04163238                BuildInterface
 .text          0x0416335e      0x202 include_lib/liba/dv17/aac_enc_lib.a(line_pe.o)
                0x0416335e                prepareSfbPe
                0x041633e6                calcSfbPe
 .text          0x04163560      0x1d4 include_lib/liba/dv17/aac_enc_lib.a(ms_stereo.o)
                0x04163560                MsStereoProcessing
 .text          0x04163734      0x2ec include_lib/liba/dv17/aac_enc_lib.a(oper_32b.o)
                0x04163734                aacem_L_Extract
                0x0416377e                aacem_L_Comp
                0x041637a6                aacem_Mpy_32
                0x04163820                aacem_aacem_Mpy_32_16
                0x0416386a                aacem_Div_32
                0x04163878                aacem_iLog4
                0x041638c0                aacem_rsqrt
                0x041639f6                aacem_pow2_xy
 .text          0x04163a20       0xaa include_lib/liba/dv17/aac_enc_lib.a(pre_echo_control.o)
                0x04163a20                InitPreEchoControl
                0x04163a36                PreEchoControl
 .text          0x04163aca      0x5d6 include_lib/liba/dv17/aac_enc_lib.a(psy_configuration.o)
                0x04163aca                GetSRIndex
                0x04163ed4                InitPsyConfigurationLong
                0x04163fc0                InitPsyConfigurationShort
 .text          0x041640a0        0x0 include_lib/liba/dv17/libhsm.a(version.z.o)
 .text          0x041640a0        0x0 include_lib/liba/dv17/libwifi_dev.a(version.z.o)
 .text          0x041640a0        0x0 include_lib/liba/dv17/libmbedtls.a(version.z.o)
 .text          0x041640a0        0x0 include_lib/liba/dv17/liblwip.a(version.z.o)
 .text          0x041640a0        0x0 include_lib/liba/dv17/libjson.a(version.z.o)
 .text          0x041640a0        0x0 include_lib/liba/dv17/libftpcli.a(version.z.o)
 .text          0x041640a0        0x0 include_lib/liba/dv17/libnet_server.a(version.z.o)
 .text          0x041640a0        0x0 include_lib/liba/dv17/libhttp_server.a(version.z.o)
 .text          0x041640a0        0x0 include_lib/liba/dv17/libhttp_cli.a(version.z.o)
 .text          0x041640a0        0x0 include_lib/liba/dv17/libiperf.a(version.z.o)
 .text          0x041640a0        0x0 include_lib/liba/dv17/libcommon.a(version.z.o)
 .text          0x041640a0        0x0 include_lib/liba/dv17/librtsp.a(version.z.o)
 .text          0x041640a0        0x0 include_lib/liba/dv17/libftpd.a(version.z.o)
 .text          0x041640a0        0x0 include_lib/liba/dv17/libsdio_card.a(version.z.o)
 .text          0x041640a0        0x0 include_lib/liba/dv17/librtl8189f.a(version.z.o)
 .text          0x041640a0        0x0 include_lib/liba/dv17/libhostapd_wpa.a(version.z.o)
 .text          0x041640a0       0x62 C:\JL\pi32\pi32v2-lib\r3\libm.a(lib_a-s_fpclassify.o)
                0x041640a0                __fpclassifyd
 .text          0x04164102       0x8e C:\JL\pi32\pi32v2-lib\r3\libm.a(lib_a-s_modf.o)
                0x04164102                modf
 .text          0x04164190       0xa2 C:\JL\pi32\pi32v2-lib\r3\libm.a(lib_a-s_round.o)
                0x04164190                round
 .text          0x04164232       0x10 C:\JL\pi32\pi32v2-lib\r3\libc.a(lib_a-atoi.o)
                0x04164232                atoi
                0x0416423a                _atoi_r
 .text          0x04164242       0x10 C:\JL\pi32\pi32v2-lib\r3\libc.a(lib_a-atol.o)
                0x04164242                atol
                0x0416424a                _atol_r
 .text          0x04164252       0x40 C:\JL\pi32\pi32v2-lib\r3\libc.a(lib_a-bsearch.o)
                0x04164252                bsearch
 .text          0x04164292        0x0 C:\JL\pi32\pi32v2-lib\r3\libc.a(lib_a-ctype_.o)
 .text          0x04164292        0x0 C:\JL\pi32\pi32v2-lib\r3\libc.a(lib_a-impure.o)
 .text          0x04164292       0x1a C:\JL\pi32\pi32v2-lib\r3\libc.a(lib_a-isblank.o)
                0x04164292                isblank
 .text          0x041642ac       0x24 C:\JL\pi32\pi32v2-lib\r3\libc.a(lib_a-isprint.o)
                0x041642ac                isgraph
                0x041642be                isprint
 .text          0x041642d0       0x12 C:\JL\pi32\pi32v2-lib\r3\libc.a(lib_a-isspace.o)
                0x041642d0                isspace
 .text          0x041642e2       0x38 C:\JL\pi32\pi32v2-lib\r3\libc.a(lib_a-memcmp.o)
                0x041642e2                memcmp
 .text          0x0416431a       0xc2 C:\JL\pi32\pi32v2-lib\r3\libc.a(lib_a-memcpy.o)
                0x0416431a                memcpy
                0x0416431a                memmove
 .text          0x041643dc       0x28 C:\JL\pi32\pi32v2-lib\r3\libc.a(lib_a-memmem.o)
                0x041643dc                memmem
 .text          0x04164404       0x2c C:\JL\pi32\pi32v2-lib\r3\libc.a(lib_a-memset.o)
                0x04164404                memset
 .text          0x04164430      0x2ae C:\JL\pi32\pi32v2-lib\r3\libc.a(lib_a-qsort.o)
                0x0416449a                qsort
 .text          0x041646de       0x3e C:\JL\pi32\pi32v2-lib\r3\libc.a(lib_a-strcasecmp.o)
                0x041646de                strcasecmp
 .text          0x0416471c       0x18 C:\JL\pi32\pi32v2-lib\r3\libc.a(lib_a-strcat.o)
                0x0416471c                strcat
 .text          0x04164734       0x14 C:\JL\pi32\pi32v2-lib\r3\libc.a(lib_a-strchr.o)
                0x04164734                strchr
 .text          0x04164748       0xa0 C:\JL\pi32\pi32v2-lib\r3\libc.a(lib_a-strcmp.o)
                0x04164748                strcmp
 .text          0x041647e8       0x6e C:\JL\pi32\pi32v2-lib\r3\libc.a(lib_a-strcpy.o)
                0x041647e8                strcpy
 .text          0x04164856       0x24 C:\JL\pi32\pi32v2-lib\r3\libc.a(lib_a-strcspn.o)
                0x04164856                strcspn
 .text          0x0416487a       0x28 C:\JL\pi32\pi32v2-lib\r3\libc.a(lib_a-strlcpy.o)
                0x0416487a                strlcpy
 .text          0x041648a2        0xc C:\JL\pi32\pi32v2-lib\r3\libc.a(lib_a-strlen.o)
                0x041648a2                strlen
 .text          0x041648ae       0x46 C:\JL\pi32\pi32v2-lib\r3\libc.a(lib_a-strncasecmp.o)
                0x041648ae                strncasecmp
 .text          0x041648f4       0x26 C:\JL\pi32\pi32v2-lib\r3\libc.a(lib_a-strncat.o)
                0x041648f4                strncat
 .text          0x0416491a       0x1a C:\JL\pi32\pi32v2-lib\r3\libc.a(lib_a-strncmp.o)
                0x0416491a                strncmp
 .text          0x04164934       0x26 C:\JL\pi32\pi32v2-lib\r3\libc.a(lib_a-strncpy.o)
                0x04164934                strncpy
 .text          0x0416495a       0x14 C:\JL\pi32\pi32v2-lib\r3\libc.a(lib_a-strnlen.o)
                0x0416495a                strnlen
 .text          0x0416496e       0x36 C:\JL\pi32\pi32v2-lib\r3\libc.a(lib_a-strpbrk.o)
                0x0416496e                strpbrk
 .text          0x041649a4       0x24 C:\JL\pi32\pi32v2-lib\r3\libc.a(lib_a-strrchr.o)
                0x041649a4                strrchr
 .text          0x041649c8        0xa C:\JL\pi32\pi32v2-lib\r3\libc.a(lib_a-strsep.o)
                0x041649c8                strsep
 .text          0x041649d2       0x24 C:\JL\pi32\pi32v2-lib\r3\libc.a(lib_a-strspn.o)
                0x041649d2                strspn
 .text          0x041649f6       0x2a C:\JL\pi32\pi32v2-lib\r3\libc.a(lib_a-strstr.o)
                0x041649f6                strstr
 .text          0x04164a20       0x10 C:\JL\pi32\pi32v2-lib\r3\libc.a(lib_a-strtok.o)
                0x04164a20                strtok
 .text          0x04164a30       0x54 C:\JL\pi32\pi32v2-lib\r3\libc.a(lib_a-strtok_r.o)
                0x04164a30                __strtok_r
                0x04164a80                strtok_r
 .text          0x04164a84       0x1a C:\JL\pi32\pi32v2-lib\r3\libc.a(lib_a-strtoll.o)
                0x04164a84                strtoll
 .text          0x04164a9e      0x15c C:\JL\pi32\pi32v2-lib\r3\libc.a(lib_a-strtoll_r.o)
                0x04164a9e                _strtoll_r
 .text          0x04164bfa      0x108 C:\JL\pi32\pi32v2-lib\r3\libc.a(lib_a-strtol.o)
                0x04164bfa                _strtol_r
                0x04164cea                strtol
 .text          0x04164d02       0x1e C:\JL\pi32\pi32v2-lib\r3\libc.a(lib_a-tolower.o)
                0x04164d02                tolower
 .text          0x04164d20      0x314 C:\JL\pi32\pi32v2-lib\r3\libcompiler-rt.a(adddf3.o)
                0x04164d60                __adddf3
 .text          0x04165034        0x6 C:\JL\pi32\pi32v2-lib\r3\libcompiler-rt.a(subdf3.o)
                0x04165034                __subdf3
 .text          0x0416503a       0x10 C:\JL\pi32\pi32v2-lib\r3\libcompiler-rt.a(udivdi3.o)
                0x0416503a                __udivdi3
 .text          0x0416504a      0x226 C:\JL\pi32\pi32v2-lib\r3\libcompiler-rt.a(udivmoddi4.o)
                0x0416504a                __udivmoddi4
 .text          0x04165270       0x14 C:\JL\pi32\pi32v2-lib\r3\libcompiler-rt.a(umoddi3.o)
                0x04165270                __umoddi3
 .text          0x04165284       0x18 C:\JL\pi32\pi32v2-lib\r3\libc.a(lib_a-memchr.o)
                0x04165284                memchr
 .text          0x0416529c      0x1a0 C:\JL\pi32\pi32v2-lib\r3\libcompiler-rt.a(comparedf2.o)
                0x0416529c                __ledf2
                0x0416529c                __cmpdf2
                0x0416534c                __gedf2
                0x041653f4                __unorddf2
                0x04165434                __eqdf2
                0x04165436                __ltdf2
                0x04165438                __nedf2
                0x0416543a                __gtdf2
 .text          0x0416543c      0x346 C:\JL\pi32\pi32v2-lib\r3\libcompiler-rt.a(divdf3.o)
                0x04165472                __divdf3
 .text          0x04165782       0x5a C:\JL\pi32\pi32v2-lib\r3\libcompiler-rt.a(divdi3.o)
                0x04165782                __divdi3
 .text          0x041657dc       0x7a C:\JL\pi32\pi32v2-lib\r3\libcompiler-rt.a(extendsfdf2.o)
                0x041657dc                __extendsfdf2
 .text          0x04165856       0x2c C:\JL\pi32\pi32v2-lib\r3\libcompiler-rt.a(fixdfdi.o)
                0x04165856                __fixdfdi
 .text          0x04165882       0x54 C:\JL\pi32\pi32v2-lib\r3\libcompiler-rt.a(fixdfsi.o)
                0x04165882                __fixdfsi
 .text          0x041658d6       0x4a C:\JL\pi32\pi32v2-lib\r3\libcompiler-rt.a(fixunsdfdi.o)
                0x041658d6                __fixunsdfdi
 .text          0x04165920       0x3c C:\JL\pi32\pi32v2-lib\r3\libcompiler-rt.a(fixunsdfsi.o)
                0x04165920                __fixunsdfsi
 .text          0x0416595c       0x32 C:\JL\pi32\pi32v2-lib\r3\libcompiler-rt.a(floatdidf.o)
                0x0416595c                __floatdidf
 .text          0x0416598e       0x4c C:\JL\pi32\pi32v2-lib\r3\libcompiler-rt.a(floatsidf.o)
                0x0416598e                __floatsidf
 .text          0x041659da       0x28 C:\JL\pi32\pi32v2-lib\r3\libcompiler-rt.a(floatundidf.o)
                0x041659da                __floatundidf
 .text          0x04165a02       0x34 C:\JL\pi32\pi32v2-lib\r3\libcompiler-rt.a(floatunsidf.o)
                0x04165a02                __floatunsidf
 .text          0x04165a36      0x2fa C:\JL\pi32\pi32v2-lib\r3\libcompiler-rt.a(muldf3.o)
                0x04165a6c                __muldf3
 .text          0x04165d30      0x142 C:\JL\pi32\pi32v2-lib\r3\libcompiler-rt.a(truncdfsf2.o)
                0x04165d30                __truncdfsf2
                0x04165e80                . = ALIGN (0x20)
 *fill*         0x04165e72        0xe 
                0x04165e80                _ctors_begin = .
                0x04165e80                PROVIDE (ctors_begin, .)
 *(.ctors*)
                0x04165e80                _ctors_end = .
                [!provide]                PROVIDE (ctors_end, .)
                0x04165e80                . = ALIGN (0x20)
 *(.rodata*)
 .rodata.str1.1
                0x04165e80     0x5df0 cpu\dv17\tools\sdk.elf.o
                               0x5f35 (size before relaxing)
 *fill*         0x0416bc70       0x10 
 .rodata        0x0416bc80    0x6fb2c cpu\dv17\tools\sdk.elf.o
                0x0419a8cc                pcm_enc_ops
                0x0419a8f8                aac_enc_sub_ops
 *fill*         0x041db7ac        0x4 
 .rodata.str1.16
                0x041db7b0     0x3250 cpu\dv17\tools\sdk.elf.o
                               0x3242 (size before relaxing)
 .rodata.cst32  0x041dea00       0xa0 cpu\dv17\tools\sdk.elf.o
 .rodata.str4.4
                0x041deaa0      0x278 cpu\dv17\tools\sdk.elf.o
 .rodata.cst4   0x041ded18        0x8 cpu\dv17\tools\sdk.elf.o
 .rodata.cst16  0x041ded20       0x90 cpu\dv17\tools\sdk.elf.o
 .rodata.str4.16
                0x041dedb0       0x40 cpu\dv17\tools\sdk.elf.o
                                 0x34 (size before relaxing)
 .rodata.cst8   0x041dedf0        0x8 cpu\dv17\tools\sdk.elf.o
 .rodata        0x041dedf8        0xc include_lib/liba/dv17/aac_enc_lib.a(AAC_E_SAMPLES.o)
                0x041dedf8                aac_enc_opst
 *fill*         0x041dee04        0xc 
 .rodata.str1.16
                0x041dee10       0x33 include_lib/liba/dv17/aac_enc_lib.a(AAC_E_SAMPLES.o)
 *fill*         0x041dee43        0x1 
 .rodata.cst8   0x041dee44        0x8 include_lib/liba/dv17/aac_enc_lib.a(psy_main.o)
 .rodata        0x041dee4c     0x5a3a include_lib/liba/dv17/aac_enc_lib.a(aac_rom.o)
                0x041dee4c                cossintab
                0x041e004c                twidTab512
                0x041e100c                twidTab64
                0x041e11ec                ShortWindowSine
                0x041e12ec                LongWindowKBD
                0x041e1aec                formfac_sqrttable
                0x041e1c6c                mTab_3_4
                0x041e246c                mTab_4_3
                0x041e2c6c                invSBF
                0x041e2ccc                pow2tominusNover16
                0x041e2cee                sideInfoTabLong
                0x041e2d56                sideInfoTabShort
                0x041e2d78                specExpMantTableComb_enc
                0x041e2e58                specExpTableComb_enc
                0x041e2e90                quantBorders
                0x041e2eb0                quantRecon
                0x041e2ec8                sampRateTab
                0x041e2ef8                rates
                0x041e2f18                BandwithCoefTab
                0x041e3098                sfBandTotalShort
                0x041e30a4                sfBandTotalLong
                0x041e30b0                sfBandTabShortOffset
                0x041e30e0                sfBandTabShort
                0x041e3178                sfBandTabLongOffset
                0x041e31a8                sfBandTabLong
                0x041e3432                huff_ltab1_2
                0x041e34d4                huff_ltab3_4
                0x041e3576                huff_ltab5_6
                0x041e3618                huff_ltab7_8
                0x041e3698                huff_ltab9_10
                0x041e37ea                huff_ltab11
                0x041e3a2c                huff_ltabscf
                0x041e3b1e                huff_ctab1
                0x041e3bc0                huff_ctab2
                0x041e3c62                huff_ctab3
                0x041e3d04                huff_ctab4
                0x041e3da6                huff_ctab5
                0x041e3e48                huff_ctab6
                0x041e3eea                huff_ctab7
                0x041e3f6a                huff_ctab8
                0x041e3fea                huff_ctab9
                0x041e413c                huff_ctab10
                0x041e428e                huff_ctab11
                0x041e44d0                huff_ctabscf
                0x041e46b4                m_log2_table
                0x041e4734                tnsCoeff3
                0x041e4754                tnsCoeff3Borders
                0x041e4774                tnsCoeff4
                0x041e47b4                tnsCoeff4Borders
                0x041e47f4                bitrevTab
 *fill*         0x041e4886        0x2 
 .rodata        0x041e4888       0x44 include_lib/liba/dv17/aac_enc_lib.a(bit_cnt.o)
 .rodata        0x041e48cc       0x48 include_lib/liba/dv17/aac_enc_lib.a(block_switch.o)
                0x041e48cc                hiPassCoeff
 .rodata.cst32  0x041e4914       0x20 include_lib/liba/dv17/aac_enc_lib.a(block_switch.o)
 .rodata        0x041e4934       0x10 include_lib/liba/dv17/aac_enc_lib.a(dyn_bits.o)
 .rodata        0x041e4944      0x400 include_lib/liba/dv17/aac_enc_lib.a(oper_32b.o)
 .rodata        0x041e4d44       0x32 include_lib/liba/dv17/aac_enc_lib.a(psy_configuration.o)
 .rodata        0x041e4d76      0x281 C:\JL\pi32\pi32v2-lib\r3\libc.a(lib_a-ctype_.o)
                0x041e4ef6                _ctype_
 *fill*         0x041e4ff7        0x1 
 .rodata        0x041e4ff8        0x4 C:\JL\pi32\pi32v2-lib\r3\libc.a(lib_a-impure.o)
                0x041e4ff8                _global_impure_ptr
 .rodata.str1.1
                0x041e4ffc        0x0 C:\JL\pi32\pi32v2-lib\r3\libc.a(lib_a-impure.o)
                                  0x2 (size before relaxing)
 *(.jlsp_code)
                0x041e4ffc                . = ALIGN (0x4)
                0x041e4ffc                _text_rodata_end = .
                [!provide]                PROVIDE (text_rodata_end, .)
                0x00000000                PROVIDE (ctors_count, (_ctors_end - _ctors_begin))

.data           0x041e4ffc    0x4447c
 *(.stack)
 .stack         0x041e4ffc    0x20000 include_lib/liba/dv17/libcpu.a(startup.S.o)
                0x041e8ffc                _stack_cpu0
                0x041f0ffc                _stack_cpu1
                0x041f4ffc                _stack1_cpu1
                0x041f8ffc                _stack_cpu2
                0x041fcffc                _stack1_cpu2
                0x04200ffc                _stack_cpu3
                0x04204ffc                _stack1_cpu3
                0x04205000                . = ALIGN (0x20)
 *fill*         0x04204ffc        0x4 
 *(.data)
 .data          0x04205000    0x2126c cpu\dv17\tools\sdk.elf.o
 .data          0x0422626c        0x4 C:\JL\pi32\pi32v2-lib\r3\libc.a(lib_a-ctype_.o)
                0x0422626c                __ctype_ptr__
 .data          0x04226270      0x41c C:\JL\pi32\pi32v2-lib\r3\libc.a(lib_a-impure.o)
                0x04226270                _impure_ptr
                0x0422668c                . = ALIGN (0x4)
                0x0422668c                vfs_ops_begin = .
 *(.vfs_operations)
 .vfs_operations
                0x0422668c      0x1f4 cpu\dv17\tools\sdk.elf.o
                0x0422668c                sdfile_vfs_ops
                0x042266f0                devfs_vfs_ops
                0x04226754                fat_vfs_ops
                0x042267b8                ramfs_vfs_ops
                0x0422681c                fatfs_ops
                0x04226880                vfs_ops_end = .
                0x04226880                _lcd_device_begin = .
                [!provide]                PROVIDE (lcd_device_begin, .)
 *(.lcd_device)
 .lcd_device    0x04226880      0x3d8 cpu\dv17\tools\sdk.elf.o
                0x04226c58                _lcd_device_end = .
                [!provide]                PROVIDE (lcd_device_end, .)
                0x04226c58                _lcd_device_drive_begin = .
                0x04226c58                PROVIDE (lcd_device_drive_begin, .)
 *(.lcd_device_drive)
 .lcd_device_drive
                0x04226c58       0x38 cpu\dv17\tools\sdk.elf.o
                0x04226c90                _lcd_device_drive_end = .
                0x04226c90                PROVIDE (lcd_device_drive_end, .)
                0x04226c90                _gsensor_dev_begin = .
                [!provide]                PROVIDE (gsensor_dev_begin, .)
 *(.gsensor_dev)
                0x04226c90                _gsensor_dev_end = .
                [!provide]                PROVIDE (gsensor_dev_end, .)
                0x04226c90                _touch_panel_dev_begin = .
                0x04226c90                PROVIDE (touch_panel_dev_begin, .)
 *(.touch_panel_dev)
 .touch_panel_dev
                0x04226c90       0x18 cpu\dv17\tools\sdk.elf.o
                0x04226ca8                _touch_panel_dev_end = .
                0x04226ca8                PROVIDE (touch_panel_dev_end, .)
                0x04226ca8                _isp_scr_begin = .
                0x04226ca8                PROVIDE (isp_scr_begin, .)
 *(.isp_scr_work)
 .isp_scr_work  0x04226ca8       0x20 cpu\dv17\tools\sdk.elf.o
                0x04226cc8                _isp_scr_end = .
                0x04226cc8                PROVIDE (isp_scr_end, .)
                0x04226cc8                _power_dev_begin = .
                [!provide]                PROVIDE (power_dev_begin, .)
 *(.power_dev)
                0x04226cc8                _power_dev_end = .
                [!provide]                PROVIDE (power_dev_end, .)
                0x04226cc8                _eth_phy_device_begin = .
                [!provide]                PROVIDE (eth_phy_device_begin, .)
 *(.eth_phy_device)
                0x04226cc8                _eth_phy_device_end = .
                [!provide]                PROVIDE (eth_phy_device_end, .)
                0x04226cc8                _ui_style_begin = .
                0x04226cc8                PROVIDE (ui_style_begin, .)
 *(.ui_style)
 .ui_style      0x04226cc8       0x24 cpu\dv17\tools\sdk.elf.o
                0x04226cec                _ui_style_end = .
                0x04226cec                PROVIDE (ui_style_end, .)
                0x04226cec                _elm_event_handler_begin_UPGRADE = .
                0x04226cec                PROVIDE (elm_event_handler_begin_UPGRADE, .)
 *(.elm_event_handler_UPGRADE)
                0x04226cec                _elm_event_handler_end_UPGRADE = .
                0x04226cec                PROVIDE (elm_event_handler_end_UPGRADE, .)
                0x04226cec                _elm_event_handler_begin_JL02 = .
                0x04226cec                PROVIDE (elm_event_handler_begin_JL02, .)
 *(.elm_event_handler_JL02)
 .elm_event_handler_JL02
                0x04226cec     0x1200 cpu\dv17\tools\sdk.elf.o
                0x04227eec                _elm_event_handler_end_JL02 = .
                0x04227eec                PROVIDE (elm_event_handler_end_JL02, .)
                0x04227eec                _elm_event_handler_begin_ANI = .
                0x04227eec                PROVIDE (elm_event_handler_begin_ANI, .)
 *(.elm_event_handler_ANI)
 .elm_event_handler_ANI
                0x04227eec       0x40 cpu\dv17\tools\sdk.elf.o
                0x04227f2c                _elm_event_handler_end_ANI = .
                0x04227f2c                PROVIDE (elm_event_handler_end_ANI, .)
                0x04227f2c                _elm_event_handler_begin_LY = .
                [!provide]                PROVIDE (elm_event_handler_begin_LY, .)
 *(.elm_event_handler_LY)
                0x04227f2c                _elm_event_handler_end_LY = .
                [!provide]                PROVIDE (elm_event_handler_end_LY, .)
                0x04227f2c                _control_event_handler_begin = .
                [!provide]                PROVIDE (control_event_handler_begin, .)
 *(.control_event_handler)
                0x04227f2c                _control_event_handler_end = .
                [!provide]                PROVIDE (control_event_handler_end, .)
                0x04227f2c                _control_ops_begin = .
                0x04227f2c                PROVIDE (control_ops_begin, .)
 *(.control_ops)
 .control_ops   0x04227f2c       0x78 cpu\dv17\tools\sdk.elf.o
                0x04227fa4                _control_ops_end = .
                0x04227fa4                PROVIDE (control_ops_end, .)
                0x04227fa4                _vg_event_handler_begin = .
                [!provide]                PROVIDE (vg_event_handler_begin, .)
 *(.vg_event_handler)
                0x04227fa4                _vg_event_handler_end = .
                [!provide]                PROVIDE (vg_event_handler_end, .)
                0x04227fa4                _on_show_map_begin = .
                [!provide]                PROVIDE (on_show_map_begin, .)
 *(.on_show_map)
                0x04227fa4                _on_show_map_end = .
                [!provide]                PROVIDE (on_show_map_end, .)
                0x04227fa4                _on_click_map_begin = .
                [!provide]                PROVIDE (on_click_map_begin, .)
 *(.on_click_map)
                0x04227fa4                _on_click_map_end = .
                [!provide]                PROVIDE (on_click_map_end, .)
                0x04227fa4                _on_touch_map_begin = .
                [!provide]                PROVIDE (on_touch_map_begin, .)
 *(.on_touch_map)
                0x04227fa4                _on_touch_map_end = .
                [!provide]                PROVIDE (on_touch_map_end, .)
                0x04227fa4                _on_change_map_begin = .
                [!provide]                PROVIDE (on_change_map_begin, .)
 *(.on_change_map)
                0x04227fa4                _on_change_map_end = .
                [!provide]                PROVIDE (on_change_map_end, .)
                0x04227fa4                _on_key_map_begin = .
                [!provide]                PROVIDE (on_key_map_begin, .)
 *(.on_key_map)
                0x04227fa4                _on_key_map_end = .
                [!provide]                PROVIDE (on_key_map_end, .)
                0x04227fa4                _img_loader_begin = .
                [!provide]                PROVIDE (img_loader_begin, .)
 *(.img_loader)
                0x04227fa4                _img_loader_end = .
                [!provide]                PROVIDE (img_loader_end, .)
                0x04227fa4                _battery_notify_begin = .
                [!provide]                PROVIDE (battery_notify_begin, .)
 *(.battery_notify)
                0x04227fa4                _battery_notify_end = .
                [!provide]                PROVIDE (battery_notify_end, .)
                0x04227fa4                _lib_version_begin = .
                [!provide]                PROVIDE (lib_version_begin, .)
 *(.lib_version)
 .lib_version   0x04227fa4       0x2c cpu\dv17\tools\sdk.elf.o
                0x04227fa4                __version_sdfile
                0x04227fa8                __version_upgrade_server
                0x04227fac                __version_server_core
                0x04227fb0                __version_ui_server
                0x04227fb4                __version_video_engine_server
                0x04227fb8                __version_usb_server
                0x04227fbc                __version_video_dec_server
                0x04227fc0                __version_vunpkg_server
                0x04227fc4                __version_video_server
                0x04227fc8                __version_vpkg_server
                0x04227fcc                __version_audio_server
                0x04227fd0                _lib_version_end = .
                [!provide]                PROVIDE (lib_version_end, .)
                0x04227fd0                _sys_version_begin = .
                0x04227fd0                PROVIDE (sys_version_begin, .)
 *(.sys.version)
 .sys.version   0x04227fd0       0x1f include_lib/liba/dv17/librtos.a(version.z.o)
                0x04227fd0                lib_rtos_version
 .sys.version   0x04227fef       0x1e include_lib/liba/dv17/libsdx.a(version.z.o)
                0x04227fef                lib_sdx_version
 .sys.version   0x0422800d       0x1e include_lib/liba/dv17/libres.a(version.z.o)
                0x0422800d                lib_res_version
 .sys.version   0x0422802b       0x1e include_lib/liba/dv17/libusb.a(version.z.o)
                0x0422802b                lib_usb_version
 .sys.version   0x04228049       0x1d include_lib/liba/dv17/libfs.a(version.z.o)
                0x04228049                lib_fs_version
 .sys.version   0x04228066       0x26 include_lib/liba/dv17/libupgrade.a(version.z.o)
                0x04228066                lib_sys_upgrade_version
 .sys.version   0x0422808c       0x1f include_lib/liba/dv17/libfont.a(version.z.o)
                0x0422808c                lib_font_version
 .sys.version   0x042280ab       0x26 include_lib/liba/dv17/libserver_core.a(version.z.o)
                0x042280ab                lib_server_core_version
 .sys.version   0x042280d1       0x24 include_lib/liba/dv17/libui_server.a(version.z.o)
                0x042280d1                lib_ui_server_version
 .sys.version   0x042280f5       0x2e include_lib/liba/dv17/libvideo_engine_server.a(version.z.o)
                0x042280f5                lib_video_engine_server_version
 .sys.version   0x04228123       0x25 include_lib/liba/dv17/libusb_server.a(version.z.o)
                0x04228123                lib_usb_server_version
 .sys.version   0x04228148       0x2b include_lib/liba/dv17/libvideo_dec_server.a(version.z.o)
                0x04228148                lib_video_dec_server_version
 .sys.version   0x04228173       0x2b include_lib/liba/dv17/libvideo_rec_server.a(version.z.o)
                0x04228173                lib_video_rec_server_version
 .sys.version   0x0422819e       0x27 include_lib/liba/dv17/libaudio_server.a(version.z.o)
                0x0422819e                lib_audio_server_version
 .sys.version   0x042281c5       0x1d include_lib/liba/dv17/libvm.a(version.z.o)
                0x042281c5                lib_vm_version
 .sys.version   0x042281e2       0x1e include_lib/liba/dv17/libsys.a(version.z.o)
                0x042281e2                lib_sys_version
 .sys.version   0x04228200       0x23 include_lib/liba/dv17/libdlmalloc.a(version.z.o)
                0x04228200                lib_dlmalloc_version
 .sys.version   0x04228223       0x1e include_lib/liba/dv17/libh264.a(version.z.o)
                0x04228223                lib_h264_version
 .sys.version   0x04228241       0x1f include_lib/liba/dv17/libjpeg.a(version.z.o)
                0x04228241                lib_jpeg_version
 .sys.version   0x04228260       0x2a include_lib/liba/dv17/libvideo_framework.a(version.z.o)
                0x04228260                lib_video_framework_version
 .sys.version   0x0422828a       0x1e include_lib/liba/dv17/libdev.a(version.z.o)
                0x0422828a                lib_dev_version
 .sys.version   0x042282a8       0x1d include_lib/liba/dv17/libui.a(version.z.o)
                0x042282a8                lib_ui_version
 .sys.version   0x042282c5       0x1e include_lib/liba/dv17/libcpu.a(version.z.o)
                0x042282c5                lib_cpu_version
 .sys.version   0x042282e3       0x1e include_lib/liba/dv17/libisp.a(version.z.o)
                0x042282e3                lib_isp_version
 .sys.version   0x04228301       0x1e include_lib/liba/dv17/liblog.a(version.z.o)
                0x04228301                lib_log_version
 .sys.version   0x0422831f       0x1e include_lib/liba/dv17/libhsm.a(version.z.o)
                0x0422831f                lib_hsm_version
 .sys.version   0x0422833d       0x23 include_lib/liba/dv17/libwifi_dev.a(version.z.o)
                0x0422833d                lib_wifi_dev_version
 .sys.version   0x04228360       0x22 include_lib/liba/dv17/libmbedtls.a(version.z.o)
                0x04228360                lib_mbedtls_version
 .sys.version   0x04228382       0x1f include_lib/liba/dv17/liblwip.a(version.z.o)
                0x04228382                lib_lwip_version
 .sys.version   0x042283a1       0x1f include_lib/liba/dv17/libjson.a(version.z.o)
                0x042283a1                lib_json_version
 .sys.version   0x042283c0       0x21 include_lib/liba/dv17/libftpcli.a(version.z.o)
                0x042283c0                lib_ftpcli_version
 .sys.version   0x042283e1       0x25 include_lib/liba/dv17/libnet_server.a(version.z.o)
                0x042283e1                lib_net_server_version
 .sys.version   0x04228406       0x26 include_lib/liba/dv17/libhttp_server.a(version.z.o)
                0x04228406                lib_http_server_version
 .sys.version   0x0422842c       0x22 include_lib/liba/dv17/libhttp_cli.a(version.z.o)
                0x0422842c                lib_httpcli_version
 .sys.version   0x0422844e       0x20 include_lib/liba/dv17/libiperf.a(version.z.o)
                0x0422844e                lib_iperf_version
 .sys.version   0x0422846e       0x21 include_lib/liba/dv17/libcommon.a(version.z.o)
                0x0422846e                lib_common_version
 .sys.version   0x0422848f       0x1f include_lib/liba/dv17/librtsp.a(version.z.o)
                0x0422848f                lib_rtsp_version
 .sys.version   0x042284ae       0x1f include_lib/liba/dv17/libftpd.a(version.z.o)
                0x042284ae                lib_ftpd_version
 .sys.version   0x042284cd       0x24 include_lib/liba/dv17/libsdio_card.a(version.z.o)
                0x042284cd                lib_sdio_card_version
 .sys.version   0x042284f1       0x23 include_lib/liba/dv17/librtl8189f.a(version.z.o)
                0x042284f1                lib_rtl8189f_version
 .sys.version   0x04228514       0x25 include_lib/liba/dv17/libhostapd_wpa.a(version.z.o)
                0x04228514                lib_hostap_wap_version
                0x04228539                _sys_version_end = .
                0x04228539                PROVIDE (sys_version_end, .)
                0x0422853c                . = ALIGN (0x4)
 *fill*         0x04228539        0x3 
                0x0422853c                _initcall_begin = .
                0x0422853c                PROVIDE (initcall_begin, .)
 *(.initcall)
 .initcall      0x0422853c       0x20 cpu\dv17\tools\sdk.elf.o
                0x0422853c                __initcall_app_config_init
                0x04228540                __initcall_touch_panel_startup
                0x04228544                __initcall_net_video_server_init
                0x04228548                __initcall_video_engine_server_init
                0x0422854c                __initcall_usb_server_init
                0x04228550                __initcall_video_server_init
                0x04228554                __initcall_vpkg_server_init
                0x04228558                __initcall_log_time_init
                0x0422855c                _initcall_end = .
                0x0422855c                PROVIDE (initcall_end, .)
                0x0422855c                _early_initcall_begin = .
                0x0422855c                PROVIDE (early_initcall_begin, .)
 *(.early.initcall)
 .early.initcall
                0x0422855c       0x30 cpu\dv17\tools\sdk.elf.o
                0x0422855c                __initcall_app_version_check
                0x04228560                __initcall___sd_mutex_init
                0x04228564                __initcall___mutex_init
                0x04228568                __initcall_sys_event_init
                0x0422856c                __initcall_wait_completion_init
                0x04228570                __initcall___crc16_mutex_init
                0x04228574                __initcall_dma_copy_init
                0x04228578                __initcall_port_wakeup_init
                0x0422857c                __initcall_timer1_init
                0x04228580                __initcall___sfc_spi0_mutex_init
                0x04228584                __initcall_lvds_analog_uninit
                0x04228588                __initcall_timer_cap_init
                0x0422858c                _early_initcall_end = .
                0x0422858c                PROVIDE (early_initcall_end, .)
                0x0422858c                _late_initcall_begin = .
                0x0422858c                PROVIDE (late_initcall_begin, .)
 *(.late.initcall)
 .late.initcall
                0x0422858c       0x24 cpu\dv17\tools\sdk.elf.o
                0x0422858c                __initcall_aec_dns_init
                0x04228590                __initcall_vflist_mutex_init
                0x04228594                __initcall_strm_video_rec_init
                0x04228598                __initcall_wireless_net_init
                0x0422859c                __initcall_usb0_init
                0x042285a0                __initcall_usb1_init
                0x042285a4                __initcall_init_application
                0x042285a8                __initcall_sys_timer_init
                0x042285ac                __initcall_fenice_sem_init
                0x042285b0                _late_initcall_end = .
                0x042285b0                PROVIDE (late_initcall_end, .)
                0x042285b0                _platform_initcall_begin = .
                0x042285b0                PROVIDE (platform_initcall_begin, .)
 *(.platform.initcall)
 .platform.initcall
                0x042285b0        0x8 cpu\dv17\tools\sdk.elf.o
                0x042285b0                __initcall_adc_scan_init
                0x042285b4                __initcall_register_fbinfo
                0x042285b8                _platform_initcall_end = .
                0x042285b8                PROVIDE (platform_initcall_end, .)
                0x042285b8                _module_initcall_begin = .
                0x042285b8                PROVIDE (module_initcall_begin, .)
 *(.module.initcall)
 .module.initcall
                0x042285b8        0x4 cpu\dv17\tools\sdk.elf.o
                0x042285b8                __initcall_thread_fork_init
                0x042285bc                _module_initcall_end = .
                0x042285bc                PROVIDE (module_initcall_end, .)
                0x042285bc                _sys_event_handler_begin = .
                0x042285bc                PROVIDE (sys_event_handler_begin, .)
 *(.sys_event.4.handler)
 .sys_event.4.handler
                0x042285bc       0x10 cpu\dv17\tools\sdk.elf.o
                0x042285bc                __event_handler_backlight_charge_event_handler
                0x042285c4                __event_handler_backlight_event_handler
 *(.sys_event.3.handler)
 .sys_event.3.handler
                0x042285cc        0x8 cpu\dv17\tools\sdk.elf.o
                0x042285cc                __event_handler_key_event_handler
 *(.sys_event.2.handler)
 *(.sys_event.1.handler)
 *(.sys_event.0.handler)
 .sys_event.0.handler
                0x042285d4       0x20 cpu\dv17\tools\sdk.elf.o
                0x042285d4                __event_handler_device_event_handler
                0x042285dc                __event_handler_msg_device_event_handler
                0x042285e4                __event_handler_sys_power_event_handler
                0x042285ec                __event_handler_uvc_device_event_handler
                0x042285f4                _sys_event_handler_end = .
                0x042285f4                PROVIDE (sys_event_handler_end, .)
                0x042285f4                _syscfg_arg_begin = .
                [!provide]                PROVIDE (syscfg_arg_begin, .)
 *(.syscfg.arg)
                0x042285f4                _syscfg_arg_end = .
                [!provide]                PROVIDE (syscfg_arg_end, .)
                0x042285f4                _syscfg_handler_begin = .
                [!provide]                PROVIDE (syscfg_handler_begin, .)
 *(.syscfg.handler)
                0x042285f4                _syscfg_handler_end = .
                [!provide]                PROVIDE (syscfg_handler_end, .)
                0x042285f4                _server_info_begin = .
                0x042285f4                PROVIDE (server_info_begin, .)
 *(.server_info)
 .server_info   0x042285f4       0xb0 cpu\dv17\tools\sdk.elf.o
                0x042285f4                upgrade_server_info
                0x04228604                ui_server_info
                0x04228614                video_engine_server_info
                0x04228624                usb_server_info
                0x04228634                video_dec_server_info
                0x04228644                video_preview_server_info
                0x04228654                vunpkg_server_info
                0x04228664                video_server_info
                0x04228674                vpkg_server_info
                0x04228684                audio_server_info
                0x04228694                ctp_server_info
                0x042286a4                _server_info_end = .
                0x042286a4                PROVIDE (server_info_end, .)
                0x042286a4                _app_begin = .
                0x042286a4                PROVIDE (app_begin, .)
 *(.app)
 .app           0x042286a4      0x100 cpu\dv17\tools\sdk.elf.o
                0x042287a4                _app_end = .
                0x042287a4                PROVIDE (app_end, .)
                0x042287a4                _bus_device_begin = .
                [!provide]                PROVIDE (bus_device_begin, .)
 *(.bus_device)
 .bus_device    0x042287a4        0x8 cpu\dv17\tools\sdk.elf.o
                0x042287a4                buf_dev_imb
                0x042287ac                _bus_device_end = .
                [!provide]                PROVIDE (bus_device_end, .)
                0x042287ac                _sys_power_hal_ops_begin = .
                0x042287ac                PROVIDE (sys_power_hal_ops_begin, .)
 *(.sys_power_hal_ops)
 .sys_power_hal_ops
                0x042287ac       0x20 cpu\dv17\tools\sdk.elf.o
                0x042287cc                _sys_power_hal_ops_end = .
                [!provide]                PROVIDE (sys_power_hal_ops_end, .)
                0x042287e0                . = ALIGN (0x20)
 *fill*         0x042287cc       0x14 
                0x042287e0                _camera_dev_begin = .
                0x042287e0                PROVIDE (camera_dev_begin, .)
 *(.camera_dev)
 .camera_dev    0x042287e0       0x98 cpu\dv17\tools\sdk.elf.o
                0x04228878                _camera_dev_end = .
                0x04228878                PROVIDE (camera_dev_end, .)
                0x04228878                _adc_scan_begin = .
                0x04228878                PROVIDE (adc_scan_begin, .)
 *(.adc_scan)
 .adc_scan      0x04228878       0x20 cpu\dv17\tools\sdk.elf.o
                0x04228898                _adc_scan_end = .
                0x04228898                PROVIDE (adc_scan_end, .)
                0x04228898                _spi_device_begin = .
                [!provide]                PROVIDE (spi_device_begin, .)
 *(.spi_device)
                0x04228898                _spi_device_end = .
                [!provide]                PROVIDE (spi_device_end, .)
                0x042288a0                . = ALIGN (0x20)
 *fill*         0x04228898        0x8 
                0x042288a0                _device_node_begin = .
                0x042288a0                PROVIDE (device_node_begin, .)
 *(.device)
 .device        0x042288a0      0x168 cpu\dv17\tools\sdk.elf.o
                0x042288a0                device_table
                0x042289fc                virtual_audio_dev
                0x04228a08                _device_node_end = .
                0x04228a08                PROVIDE (device_node_end, .)
                0x04228a08                _video_subdev_begin = .
                [!provide]                PROVIDE (video_subdev_begin, .)
 *(.video_subdev.0)
 .video_subdev.0
                0x04228a08       0x28 cpu\dv17\tools\sdk.elf.o
                0x04228a08                djpeg_subdev
                0x04228a1c                camera_subdev
 *(.video_subdev.1)
 .video_subdev.1
                0x04228a30       0x14 cpu\dv17\tools\sdk.elf.o
                0x04228a30                fb_video_device
 *(.video_subdev.2)
 *(.video_subdev.3)
 .video_subdev.3
                0x04228a44       0x14 cpu\dv17\tools\sdk.elf.o
                0x04228a44                yuv_encode_subdev
 *(.video_subdev.4)
 *(.video_subdev.5)
                0x04228a58                _video_subdev_end = .
                [!provide]                PROVIDE (video_subdev_end, .)
                0x04228a58                _audio_subdev_begin = .
                0x04228a58                PROVIDE (audio_subdev_begin, .)
 *(.audio_subdev.0)
 .audio_subdev.0
                0x04228a58       0x30 cpu\dv17\tools\sdk.elf.o
                0x04228a58                subdev_aac_enc
                0x04228a64                subdev_dac
                0x04228a70                subdev_iis_dec
                0x04228a7c                subdev_user_dec
 *(.audio_subdev.1)
 .audio_subdev.1
                0x04228a88        0xc cpu\dv17\tools\sdk.elf.o
                0x04228a88                subdev_pcm_enc
 *(.audio_subdev.2)
 .audio_subdev.2
                0x04228a94       0x30 cpu\dv17\tools\sdk.elf.o
                0x04228a94                subdev_adc
                0x04228aa0                subdev_iis_enc
                0x04228aac                subdev_plnk
                0x04228ab8                subdev_user_enc
 *(.audio_subdev.3)
                0x04228ac4                _audio_subdev_end = .
                0x04228ac4                PROVIDE (audio_subdev_end, .)
                0x04228ac4                _iic_device_begin = .
                0x04228ac4                PROVIDE (iic_device_begin, .)
 *(.iic)
 .iic           0x04228ac4       0x28 cpu\dv17\tools\sdk.elf.o
                0x04228aec                _iic_device_end = .
                0x04228aec                PROVIDE (iic_device_end, .)
                0x04228aec                _avin_spi_device_begin = .
                [!provide]                PROVIDE (avin_spi_device_begin, .)
 *(.sw_spi)
                0x04228aec                _avin_spi_device_end = .
                [!provide]                PROVIDE (avin_spi_device_end, .)
                0x04228aec                _video_dev_begin = .
                0x04228aec                PROVIDE (video_dev_begin, .)
 *(.video_device)
 .video_device  0x04228aec      0x1f8 cpu\dv17\tools\sdk.elf.o
                0x04228ce4                _video_dev_end = .
                0x04228ce4                PROVIDE (video_dev_end, .)
                0x04228ce4                _uart_device_begin = .
                0x04228ce4                PROVIDE (uart_device_begin, .)
 *(.uart)
 .uart          0x04228ce4      0x150 cpu\dv17\tools\sdk.elf.o
                0x04228e34                _uart_device_end = .
                0x04228e34                PROVIDE (uart_device_end, .)
                0x04228e40                . = ALIGN (0x20)
 *fill*         0x04228e34        0xc 
                0x04228e40                _key_driver_begin = .
                0x04228e40                PROVIDE (key_driver_begin, .)
 *(.key_driver)
 .key_driver    0x04228e40       0x50 cpu\dv17\tools\sdk.elf.o
                0x04228e90                _key_driver_end = .
                0x04228e90                PROVIDE (key_driver_end, .)
                0x04228e90                _touch_driver_begin = .
                [!provide]                PROVIDE (touch_driver_begin, .)
 *(.touch_driver)
                0x04228e90                _touch_driver_end = .
                [!provide]                PROVIDE (touch_driver_end, .)
                0x04228e90                _static_hi_timer_begin = .
                0x04228e90                PROVIDE (static_hi_timer_begin, .)
 *(.hi_timer)
                0x04228e90                _static_hi_timer_end = .
                0x04228e90                PROVIDE (static_hi_timer_end, .)
                0x04228e90                _sys_cpu_timer_begin = .
                0x04228e90                PROVIDE (sys_cpu_timer_begin, .)
 *(.sys_cpu_timer)
 .sys_cpu_timer
                0x04228e90       0x10 cpu\dv17\tools\sdk.elf.o
                0x04228e90                cpu_timer2
                0x04228ea0                _sys_cpu_timer_end = .
                0x04228ea0                PROVIDE (sys_cpu_timer_end, .)
                0x04228ea0                _sys_config_begin = .
                [!provide]                PROVIDE (sys_config_begin, .)
 *(.sys_cfg)
                0x04228ea0                _sys_config_end = .
                [!provide]                PROVIDE (sys_config_end, .)
                0x04228ea0                _audio_decoder_begin = .
                0x04228ea0                PROVIDE (audio_decoder_begin, .)
 *(.audio_decoder)
 .audio_decoder
                0x04228ea0       0x3c cpu\dv17\tools\sdk.elf.o
                0x04228ea0                pcm_decoder_ops
                0x04228eb4                adpcm_decoder_ops
                0x04228ec8                m4a_decoder
                0x04228edc                _audio_decoder_end = .
                0x04228edc                PROVIDE (audio_decoder_end, .)
                0x04228edc                _ethernet_device_begin = .
                [!provide]                PROVIDE (ethernet_device_begin, .)
 *(.ethernet_device)
 *(.eth_phy_device)
                0x04228edc                _ethernet_device_end = .
                [!provide]                PROVIDE (ethernet_device_end, .)
                0x04228edc                _ctp_mapping_tab_begin = .
                0x04228edc                PROVIDE (ctp_mapping_tab_begin, .)
                0x04228edc                _ctp_mapping_tab_system_cmd_begin = .
                [!provide]                PROVIDE (ctp_mapping_tab_system_cmd_begin, .)
 *(.ctp_system_cmd)
 .ctp_system_cmd
                0x04228edc      0x280 cpu\dv17\tools\sdk.elf.o
                0x04228edc                ctp_system_cmd_tab
                0x0422915c                _ctp_mapping_tab_system_cmd_end = .
                [!provide]                PROVIDE (ctp_mapping_tab_system_cmd_end, .)
                0x0422915c                _ctp_mapping_tab_video_cmd_begin = .
                [!provide]                PROVIDE (ctp_mapping_tab_video_cmd_begin, .)
 *(.ctp_video_cmd)
 .ctp_video_cmd
                0x0422915c      0x230 cpu\dv17\tools\sdk.elf.o
                0x0422915c                ctp_video_cmd_tab
                0x0422938c                _ctp_mapping_tab_video_cmd_end = .
                [!provide]                PROVIDE (ctp_mapping_tab_video_cmd_end, .)
                0x0422938c                _ctp_mapping_tab_photo_cmd_begin = .
                [!provide]                PROVIDE (ctp_mapping_tab_photo_cmd_begin, .)
 *(.ctp_photo_cmd)
 .ctp_photo_cmd
                0x0422938c       0x3c cpu\dv17\tools\sdk.elf.o
                0x0422938c                ctp_photo_cmd_tab
                0x042293c8                _ctp_mapping_tab_photo_cmd_end = .
                [!provide]                PROVIDE (ctp_mapping_tab_photo_cmd_end, .)
                0x042293c8                _ctp_mapping_tab_end = .
                0x042293c8                PROVIDE (ctp_mapping_tab_end, .)
                0x042293c8                _net_video_stream_sub_begin = .
                0x042293c8                PROVIDE (net_video_stream_sub_begin, .)
 *(.net_video_stream)
 .net_video_stream
                0x042293c8       0x30 cpu\dv17\tools\sdk.elf.o
                0x042293f8                _net_video_stream_sub_end = .
                0x042293f8                PROVIDE (net_video_stream_sub_end, .)
                0x042293fc                . = (((. + 0x1f) / 0x20) * 0x20)
 *fill*         0x042293f8        0x4 
                0x042293fc                _layer_buf_begin = .
                0x042293fc                PROVIDE (layer_buf_begin, .)
 *(.layer_buf_t)
                0x042293fc                _layer_buf_end = .
                0x042293fc                PROVIDE (layer_buf_end, .)
                0x042293fc                . = (((. + 0x1f) / 0x20) * 0x20)
                0x042293fc                _font_info_begin = .
                0x042293fc                PROVIDE (font_info_begin, .)
 *(.font_info_t)
                0x042293fc                _font_info_end = .
                0x042293fc                PROVIDE (font_info_end, .)
                0x042293fc                . = (((. + 0x1f) / 0x20) * 0x20)
                0x042293fc                _screen_tool_info_begin = .
                0x042293fc                PROVIDE (screen_tool_info_begin, .)
 *(.screen_tool_info)
 .screen_tool_info
                0x042293fc       0x1c cpu\dv17\tools\sdk.elf.o
                0x042293fc                screen
                0x04229418                _screen_tool_info_end = .
                [!provide]                PROVIDE (screen_tool_info_end, .)
                0x04229418                _pwm_device_begin = .
                0x04229418                PROVIDE (pwm_device_begin, .)
 *(.pwm_dev)
 .pwm_dev       0x04229418       0x60 cpu\dv17\tools\sdk.elf.o
                0x04229418                pwm
                0x04229438                tpwm
                0x04229458                pwm8
                0x04229478                _pwm_device_end = .
                0x04229478                PROVIDE (pwm_device_end, .)
                0x04229478                _wireless_driver_begin = .
                [!provide]                PROVIDE (wireless_driver_begin, .)
 *(.wireless_driver)
                0x04229478                _wireless_driver_end = .
                [!provide]                PROVIDE (wireless_driver_end, .)
 *(.m4a_dec_lib.text)
                0x04229478                . = ALIGN (0x4)
 *(.jlsp_const)
                0x04229478                . = ALIGN (0x4)
 *(.jlsp_data)
                0x04229478                . = ALIGN (0x4)
 *(.dns_common_data)
                0x04229478                . = ALIGN (0x4)
 *(.dns_16k_data)
                0x04229478                . = ALIGN (0x4)
 *(.dns_8k_data)
                0x04229478                . = ALIGN (0x4)
 *(.dns_param_data_single)

.bss            0x04229480   0x874100
                0x04229480                _system_data_begin = .
 *(.bss)
 *fill*         0x04229480      0x180 
 .bss           0x04229600   0x52ebc0 cpu\dv17\tools\sdk.elf.o
                0x043dc740                CurrentTCB
                0x043dc748                highCurrentTCB
 *(COMMON)
 *(.usb_slave_var)
 *(.mem_heap)
 *(.memp_memory_x)
 .memp_memory_x
                0x047581c0    0x573a7 cpu\dv17\tools\sdk.elf.o
                0x047af580                . = (((. + 0x1f) / 0x20) * 0x20)
 *fill*         0x047af567       0x19 
                0x047af580                _lcd_dev_buf_addr = .
                0x047af580                PROVIDE (lcd_dev_buf_addr, .)
 *(.lcd_dev_buf)
 .lcd_dev_buf   0x047af580   0x2ee000 cpu\dv17\tools\sdk.elf.o
                0x047af580                lcd_dev_buf
                0x04a9d580                . = ALIGN (0x4)
                0x04a9d580                _system_data_end = .
                0x04a9d580                _HEAP_BEGIN = (((. + 0x1f) / 0x20) * 0x20)
                0x04a9d580                PROVIDE (HEAP_BEGIN, (((. + 0x1f) / 0x20) * 0x20))
                0x07ffffe0                _HEAP_END = 0x7ffffe0
                0x07ffffe0                PROVIDE (HEAP_END, 0x7ffffe0)
                0x03562a60                _MALLOC_SIZE = (_HEAP_END - _HEAP_BEGIN)
                [!provide]                PROVIDE (MALLOC_SIZE, (_HEAP_END - _HEAP_BEGIN))
                0x03f00000                . = ORIGIN (ram0)

.ram0_data      0x03f00000      0xd40
                0x03f00000                . = ALIGN (0x20)
                0x03f00000                _VM_CODE_START = .
 *(.vm)
 .vm            0x03f00000      0xbb6 cpu\dv17\tools\sdk.elf.o
                0x03f00bb6                _VM_CODE_END = .
 *(.flushinv_icache)
 .flushinv_icache
                0x03f00bb6       0x20 cpu\dv17\tools\sdk.elf.o
                0x03f00be0                . = ALIGN (0x20)
 *fill*         0x03f00bd6        0xa 
 *(.ram_code)
 .ram_code      0x03f00be0      0x160 cpu\dv17\tools\sdk.elf.o
                0x03f00be0                copy_q7
                0x03f00c5e                c23_tag_init
                0x03f00d40                . = ALIGN (0x20)

.ram0_bss       0x03f00d40     0xe7c0
                0x03f00d40                . = ALIGN (0x20)
 *(.sd_var)
 .sd_var        0x03f00d40       0x80 cpu\dv17\tools\sdk.elf.o
                0x03f00d40                sd1_cmd_detect
                0x03f00d60                sd1_host_var
 *(.sram)
 .sram          0x03f00dc0      0x214 cpu\dv17\tools\sdk.elf.o
                0x03f00fc4                mpu_proc
                0x03f00fc8                mpu_reti
                0x03f00fcc                mpu_rets
                0x03f00fd0                mpu_tick
 *(.usb0_fifo)
 *fill*         0x03f00fd4       0x2c 
 .usb0_fifo     0x03f01000     0xe0c0 cpu\dv17\tools\sdk.elf.o
 *(.plnk_buf)
 .plnk_buf      0x03f0f0c0      0x440 cpu\dv17\tools\sdk.elf.o
                0x03f0f500                . = ALIGN (0x4)
                0x04000000                text_begin = ADDR (.rom_code)
                0x001e4ffc                text_size = SIZEOF (.rom_code)
                0x04229480                bss_begin = ADDR (.bss)
                0x00874100                bss_size = SIZEOF (.bss)
                0x00874100                bss_size1 = (_system_data_end - _system_data_begin)
                0x04229480                bss_begin1 = _system_data_begin
                0x041e4ffc                data_begin = LOADADDR (.data)
                0x041e4ffc                data_addr = ADDR (.data)
                0x0004447c                data_size = SIZEOF (.data)
                0x041e4ffc                data_vma = ADDR (.data)
                0x041e4ffc                data_lma = (text_begin + SIZEOF (.rom_code))
                0x03f00d40                _ram0_bss_vma = ADDR (.ram0_bss)
                0x0000e7c0                _ram0_bss_size = SIZEOF (.ram0_bss)
                0x03f00000                _ram0_data_vma = ADDR (.ram0_data)
                0x04229478                _ram0_data_lma = ((text_begin + SIZEOF (.rom_code)) + SIZEOF (.data))
                0x00000d40                _ram0_data_size = SIZEOF (.ram0_data)
LOAD C:\JL\pi32\pi32v2-lib\r3\libm.a
LOAD include_lib\liba\dv17\secret.a
LOAD C:\JL\pi32\pi32v2-lib\r3\libc.a
LOAD C:\JL\pi32\pi32v2-lib\r3\libm.a
LOAD C:\JL\pi32\pi32v2-lib\r3\libcompiler-rt.a
OUTPUT(cpu\dv17\tools\sdk.elf elf32-pi32v2)

.debug_str      0x00000000    0xa6ef4
 .debug_str     0x00000000    0xa3f30 cpu\dv17\tools\sdk.elf.o
                              0xb140b (size before relaxing)
 .debug_str     0x000a3f30      0xa85 include_lib/liba/dv17/aac_enc_lib.a(AAC_E_SAMPLES.o)
                                0xba4 (size before relaxing)
 .debug_str     0x000a49b5       0x77 include_lib/liba/dv17/aac_enc_lib.a(aacenc.o)
                                0xb64 (size before relaxing)
 .debug_str     0x000a4a2c       0x92 include_lib/liba/dv17/aac_enc_lib.a(aacenc_core.o)
                                0xb62 (size before relaxing)
 .debug_str     0x000a4abe       0x65 include_lib/liba/dv17/aac_enc_lib.a(bitbuffer.o)
                                0x116 (size before relaxing)
 .debug_str     0x000a4b23      0x31d include_lib/liba/dv17/aac_enc_lib.a(bitenc.o)
                                0x808 (size before relaxing)
 .debug_str     0x000a4e40       0x68 include_lib/liba/dv17/aac_enc_lib.a(channel_map.o)
                                0x1af (size before relaxing)
 .debug_str     0x000a4ea8      0x183 include_lib/liba/dv17/aac_enc_lib.a(psy_main.o)
                                0x70e (size before relaxing)
 .debug_str     0x000a502b      0x1f7 include_lib/liba/dv17/aac_enc_lib.a(qc_main.o)
                                0xd40 (size before relaxing)
 .debug_str     0x000a5222      0x172 include_lib/liba/dv17/aac_enc_lib.a(quantize.o)
                                0x2a9 (size before relaxing)
 .debug_str     0x000a5394      0x17e include_lib/liba/dv17/aac_enc_lib.a(sf_estim.o)
                                0x4db (size before relaxing)
 .debug_str     0x000a5512       0x53 include_lib/liba/dv17/aac_enc_lib.a(spreading.o)
                                 0xda (size before relaxing)
 .debug_str     0x000a5565      0x10c include_lib/liba/dv17/aac_enc_lib.a(stat_bits.o)
                                0x2f3 (size before relaxing)
 .debug_str     0x000a5671      0x1a5 include_lib/liba/dv17/aac_enc_lib.a(transform.o)
                                0x2b6 (size before relaxing)
 .debug_str     0x000a5816      0x2a5 include_lib/liba/dv17/aac_enc_lib.a(aac_rom.o)
                                0x32f (size before relaxing)
 .debug_str     0x000a5abb      0x566 include_lib/liba/dv17/aac_enc_lib.a(adj_thr.o)
                               0x11e3 (size before relaxing)
 .debug_str     0x000a6021       0xf7 include_lib/liba/dv17/aac_enc_lib.a(band_nrg.o)
                                0x184 (size before relaxing)
 .debug_str     0x000a6118       0x5a include_lib/liba/dv17/aac_enc_lib.a(basicop2.o)
                                 0xe3 (size before relaxing)
 .debug_str     0x000a6172      0x236 include_lib/liba/dv17/aac_enc_lib.a(bit_cnt.o)
                                0x385 (size before relaxing)
 .debug_str     0x000a63a8      0x1ff include_lib/liba/dv17/aac_enc_lib.a(block_switch.o)
                                0x450 (size before relaxing)
 .debug_str     0x000a65a7      0x294 include_lib/liba/dv17/aac_enc_lib.a(dyn_bits.o)
                                0x64f (size before relaxing)
 .debug_str     0x000a683b       0x46 include_lib/liba/dv17/aac_enc_lib.a(grp_data.o)
                                0x199 (size before relaxing)
 .debug_str     0x000a6881       0xb7 include_lib/liba/dv17/aac_enc_lib.a(interface.o)
                                0x307 (size before relaxing)
 .debug_str     0x000a6938       0x58 include_lib/liba/dv17/aac_enc_lib.a(line_pe.o)
                                0x326 (size before relaxing)
 .debug_str     0x000a6990      0x101 include_lib/liba/dv17/aac_enc_lib.a(ms_stereo.o)
                                0x218 (size before relaxing)
 .debug_str     0x000a6a91       0xfe include_lib/liba/dv17/aac_enc_lib.a(oper_32b.o)
                                0x1e7 (size before relaxing)
 .debug_str     0x000a6b8f       0x82 include_lib/liba/dv17/aac_enc_lib.a(pre_echo_control.o)
                                0x167 (size before relaxing)
 .debug_str     0x000a6c11      0x2e3 include_lib/liba/dv17/aac_enc_lib.a(psy_configuration.o)
                                0x55a (size before relaxing)

.debug_loc      0x00000000   0x118818
 .debug_loc     0x00000000   0x1100a3 cpu\dv17\tools\sdk.elf.o
 .debug_loc     0x001100a3       0xc4 include_lib/liba/dv17/aac_enc_lib.a(AAC_E_SAMPLES.o)
 .debug_loc     0x00110167       0xf8 include_lib/liba/dv17/aac_enc_lib.a(aacenc.o)
 .debug_loc     0x0011025f       0xd9 include_lib/liba/dv17/aac_enc_lib.a(aacenc_core.o)
 .debug_loc     0x00110338       0x88 include_lib/liba/dv17/aac_enc_lib.a(bitbuffer.o)
 .debug_loc     0x001103c0      0x33e include_lib/liba/dv17/aac_enc_lib.a(bitenc.o)
 .debug_loc     0x001106fe       0xa6 include_lib/liba/dv17/aac_enc_lib.a(channel_map.o)
 .debug_loc     0x001107a4      0x615 include_lib/liba/dv17/aac_enc_lib.a(psy_main.o)
 .debug_loc     0x00110db9      0x40c include_lib/liba/dv17/aac_enc_lib.a(qc_main.o)
 .debug_loc     0x001111c5      0x992 include_lib/liba/dv17/aac_enc_lib.a(quantize.o)
 .debug_loc     0x00111b57      0x823 include_lib/liba/dv17/aac_enc_lib.a(sf_estim.o)
 .debug_loc     0x0011237a       0x7d include_lib/liba/dv17/aac_enc_lib.a(spreading.o)
 .debug_loc     0x001123f7       0xa3 include_lib/liba/dv17/aac_enc_lib.a(stat_bits.o)
 .debug_loc     0x0011249a      0xc0b include_lib/liba/dv17/aac_enc_lib.a(transform.o)
 .debug_loc     0x001130a5        0x0 include_lib/liba/dv17/aac_enc_lib.a(aac_rom.o)
 .debug_loc     0x001130a5     0x12c3 include_lib/liba/dv17/aac_enc_lib.a(adj_thr.o)
 .debug_loc     0x00114368      0x544 include_lib/liba/dv17/aac_enc_lib.a(band_nrg.o)
 .debug_loc     0x001148ac      0x263 include_lib/liba/dv17/aac_enc_lib.a(basicop2.o)
 .debug_loc     0x00114b0f      0xd4f include_lib/liba/dv17/aac_enc_lib.a(bit_cnt.o)
 .debug_loc     0x0011585e      0x529 include_lib/liba/dv17/aac_enc_lib.a(block_switch.o)
 .debug_loc     0x00115d87      0x7dc include_lib/liba/dv17/aac_enc_lib.a(dyn_bits.o)
 .debug_loc     0x00116563      0x6c1 include_lib/liba/dv17/aac_enc_lib.a(grp_data.o)
 .debug_loc     0x00116c24      0x309 include_lib/liba/dv17/aac_enc_lib.a(interface.o)
 .debug_loc     0x00116f2d      0x423 include_lib/liba/dv17/aac_enc_lib.a(line_pe.o)
 .debug_loc     0x00117350      0x45e include_lib/liba/dv17/aac_enc_lib.a(ms_stereo.o)
 .debug_loc     0x001177ae      0x809 include_lib/liba/dv17/aac_enc_lib.a(oper_32b.o)
 .debug_loc     0x00117fb7      0x17f include_lib/liba/dv17/aac_enc_lib.a(pre_echo_control.o)
 .debug_loc     0x00118136      0x6e2 include_lib/liba/dv17/aac_enc_lib.a(psy_configuration.o)

.debug_abbrev   0x00000000     0x388a
 .debug_abbrev  0x00000000     0x11c8 cpu\dv17\tools\sdk.elf.o
 .debug_abbrev  0x000011c8       0x28 include_lib/liba/dv17/librtos.a(port_asm.S.o)
 .debug_abbrev  0x000011f0       0x28 include_lib/liba/dv17/libcpu.a(startup.S.o)
 .debug_abbrev  0x00001218      0x155 include_lib/liba/dv17/aac_enc_lib.a(AAC_E_SAMPLES.o)
 .debug_abbrev  0x0000136d      0x130 include_lib/liba/dv17/aac_enc_lib.a(aacenc.o)
 .debug_abbrev  0x0000149d      0x129 include_lib/liba/dv17/aac_enc_lib.a(aacenc_core.o)
 .debug_abbrev  0x000015c6       0x9a include_lib/liba/dv17/aac_enc_lib.a(bitbuffer.o)
 .debug_abbrev  0x00001660      0x210 include_lib/liba/dv17/aac_enc_lib.a(bitenc.o)
 .debug_abbrev  0x00001870       0xe9 include_lib/liba/dv17/aac_enc_lib.a(channel_map.o)
 .debug_abbrev  0x00001959      0x1b6 include_lib/liba/dv17/aac_enc_lib.a(psy_main.o)
 .debug_abbrev  0x00001b0f      0x250 include_lib/liba/dv17/aac_enc_lib.a(qc_main.o)
 .debug_abbrev  0x00001d5f      0x1c1 include_lib/liba/dv17/aac_enc_lib.a(quantize.o)
 .debug_abbrev  0x00001f20      0x1e5 include_lib/liba/dv17/aac_enc_lib.a(sf_estim.o)
 .debug_abbrev  0x00002105       0xae include_lib/liba/dv17/aac_enc_lib.a(spreading.o)
 .debug_abbrev  0x000021b3      0x10e include_lib/liba/dv17/aac_enc_lib.a(stat_bits.o)
 .debug_abbrev  0x000022c1      0x165 include_lib/liba/dv17/aac_enc_lib.a(transform.o)
 .debug_abbrev  0x00002426       0x75 include_lib/liba/dv17/aac_enc_lib.a(aac_rom.o)
 .debug_abbrev  0x0000249b      0x297 include_lib/liba/dv17/aac_enc_lib.a(adj_thr.o)
 .debug_abbrev  0x00002732       0xcf include_lib/liba/dv17/aac_enc_lib.a(band_nrg.o)
 .debug_abbrev  0x00002801      0x154 include_lib/liba/dv17/aac_enc_lib.a(basicop2.o)
 .debug_abbrev  0x00002955      0x210 include_lib/liba/dv17/aac_enc_lib.a(bit_cnt.o)
 .debug_abbrev  0x00002b65      0x1ed include_lib/liba/dv17/aac_enc_lib.a(block_switch.o)
 .debug_abbrev  0x00002d52      0x1fe include_lib/liba/dv17/aac_enc_lib.a(dyn_bits.o)
 .debug_abbrev  0x00002f50      0x118 include_lib/liba/dv17/aac_enc_lib.a(grp_data.o)
 .debug_abbrev  0x00003068      0x14e include_lib/liba/dv17/aac_enc_lib.a(interface.o)
 .debug_abbrev  0x000031b6      0x12b include_lib/liba/dv17/aac_enc_lib.a(line_pe.o)
 .debug_abbrev  0x000032e1       0xf0 include_lib/liba/dv17/aac_enc_lib.a(ms_stereo.o)
 .debug_abbrev  0x000033d1      0x1a7 include_lib/liba/dv17/aac_enc_lib.a(oper_32b.o)
 .debug_abbrev  0x00003578       0xbf include_lib/liba/dv17/aac_enc_lib.a(pre_echo_control.o)
 .debug_abbrev  0x00003637      0x253 include_lib/liba/dv17/aac_enc_lib.a(psy_configuration.o)

.debug_info     0x00000000   0x62290c
 .debug_info    0x00000000   0x612552 cpu\dv17\tools\sdk.elf.o
 .debug_info    0x00612552      0x115 include_lib/liba/dv17/librtos.a(port_asm.S.o)
 .debug_info    0x00612667      0x25d include_lib/liba/dv17/libcpu.a(startup.S.o)
 .debug_info    0x006128c4     0x10a4 include_lib/liba/dv17/aac_enc_lib.a(AAC_E_SAMPLES.o)
 .debug_info    0x00613968     0x1075 include_lib/liba/dv17/aac_enc_lib.a(aacenc.o)
 .debug_info    0x006149dd     0x1039 include_lib/liba/dv17/aac_enc_lib.a(aacenc_core.o)
 .debug_info    0x00615a16      0x198 include_lib/liba/dv17/aac_enc_lib.a(bitbuffer.o)
 .debug_info    0x00615bae      0xc87 include_lib/liba/dv17/aac_enc_lib.a(bitenc.o)
 .debug_info    0x00616835      0x237 include_lib/liba/dv17/aac_enc_lib.a(channel_map.o)
 .debug_info    0x00616a6c      0xc15 include_lib/liba/dv17/aac_enc_lib.a(psy_main.o)
 .debug_info    0x00617681     0x1495 include_lib/liba/dv17/aac_enc_lib.a(qc_main.o)
 .debug_info    0x00618b16      0x8eb include_lib/liba/dv17/aac_enc_lib.a(quantize.o)
 .debug_info    0x00619401      0xa48 include_lib/liba/dv17/aac_enc_lib.a(sf_estim.o)
 .debug_info    0x00619e49      0x130 include_lib/liba/dv17/aac_enc_lib.a(spreading.o)
 .debug_info    0x00619f79      0x335 include_lib/liba/dv17/aac_enc_lib.a(stat_bits.o)
 .debug_info    0x0061a2ae      0x97a include_lib/liba/dv17/aac_enc_lib.a(transform.o)
 .debug_info    0x0061ac28      0x5f7 include_lib/liba/dv17/aac_enc_lib.a(aac_rom.o)
 .debug_info    0x0061b21f     0x2ab5 include_lib/liba/dv17/aac_enc_lib.a(adj_thr.o)
 .debug_info    0x0061dcd4      0x386 include_lib/liba/dv17/aac_enc_lib.a(band_nrg.o)
 .debug_info    0x0061e05a      0x3da include_lib/liba/dv17/aac_enc_lib.a(basicop2.o)
 .debug_info    0x0061e434      0xb0e include_lib/liba/dv17/aac_enc_lib.a(bit_cnt.o)
 .debug_info    0x0061ef42      0x7cd include_lib/liba/dv17/aac_enc_lib.a(block_switch.o)
 .debug_info    0x0061f70f      0xa28 include_lib/liba/dv17/aac_enc_lib.a(dyn_bits.o)
 .debug_info    0x00620137      0x35b include_lib/liba/dv17/aac_enc_lib.a(grp_data.o)
 .debug_info    0x00620492      0x476 include_lib/liba/dv17/aac_enc_lib.a(interface.o)
 .debug_info    0x00620908      0x61f include_lib/liba/dv17/aac_enc_lib.a(line_pe.o)
 .debug_info    0x00620f27      0x35c include_lib/liba/dv17/aac_enc_lib.a(ms_stereo.o)
 .debug_info    0x00621283      0x8ee include_lib/liba/dv17/aac_enc_lib.a(oper_32b.o)
 .debug_info    0x00621b71      0x1d8 include_lib/liba/dv17/aac_enc_lib.a(pre_echo_control.o)
 .debug_info    0x00621d49      0xbc3 include_lib/liba/dv17/aac_enc_lib.a(psy_configuration.o)

.debug_ranges   0x00000000    0x217c0
 .debug_ranges  0x00000000    0x21220 cpu\dv17\tools\sdk.elf.o
 .debug_ranges  0x00021220        0x0 include_lib/liba/dv17/aac_enc_lib.a(AAC_E_SAMPLES.o)
 .debug_ranges  0x00021220       0x18 include_lib/liba/dv17/aac_enc_lib.a(aacenc.o)
 .debug_ranges  0x00021238        0x0 include_lib/liba/dv17/aac_enc_lib.a(aacenc_core.o)
 .debug_ranges  0x00021238        0x0 include_lib/liba/dv17/aac_enc_lib.a(bitbuffer.o)
 .debug_ranges  0x00021238       0xa0 include_lib/liba/dv17/aac_enc_lib.a(bitenc.o)
 .debug_ranges  0x000212d8        0x0 include_lib/liba/dv17/aac_enc_lib.a(channel_map.o)
 .debug_ranges  0x000212d8       0x18 include_lib/liba/dv17/aac_enc_lib.a(psy_main.o)
 .debug_ranges  0x000212f0       0x30 include_lib/liba/dv17/aac_enc_lib.a(qc_main.o)
 .debug_ranges  0x00021320       0x30 include_lib/liba/dv17/aac_enc_lib.a(quantize.o)
 .debug_ranges  0x00021350       0x58 include_lib/liba/dv17/aac_enc_lib.a(sf_estim.o)
 .debug_ranges  0x000213a8       0x38 include_lib/liba/dv17/aac_enc_lib.a(spreading.o)
 .debug_ranges  0x000213e0       0x18 include_lib/liba/dv17/aac_enc_lib.a(stat_bits.o)
 .debug_ranges  0x000213f8        0x0 include_lib/liba/dv17/aac_enc_lib.a(transform.o)
 .debug_ranges  0x000213f8        0x0 include_lib/liba/dv17/aac_enc_lib.a(aac_rom.o)
 .debug_ranges  0x000213f8      0x1c8 include_lib/liba/dv17/aac_enc_lib.a(adj_thr.o)
 .debug_ranges  0x000215c0       0x70 include_lib/liba/dv17/aac_enc_lib.a(band_nrg.o)
 .debug_ranges  0x00021630       0x30 include_lib/liba/dv17/aac_enc_lib.a(basicop2.o)
 .debug_ranges  0x00021660        0x0 include_lib/liba/dv17/aac_enc_lib.a(bit_cnt.o)
 .debug_ranges  0x00021660        0x0 include_lib/liba/dv17/aac_enc_lib.a(block_switch.o)
 .debug_ranges  0x00021660       0x58 include_lib/liba/dv17/aac_enc_lib.a(dyn_bits.o)
 .debug_ranges  0x000216b8       0x78 include_lib/liba/dv17/aac_enc_lib.a(grp_data.o)
 .debug_ranges  0x00021730        0x0 include_lib/liba/dv17/aac_enc_lib.a(interface.o)
 .debug_ranges  0x00021730       0x18 include_lib/liba/dv17/aac_enc_lib.a(line_pe.o)
 .debug_ranges  0x00021748        0x0 include_lib/liba/dv17/aac_enc_lib.a(ms_stereo.o)
 .debug_ranges  0x00021748       0x30 include_lib/liba/dv17/aac_enc_lib.a(oper_32b.o)
 .debug_ranges  0x00021778       0x30 include_lib/liba/dv17/aac_enc_lib.a(pre_echo_control.o)
 .debug_ranges  0x000217a8       0x18 include_lib/liba/dv17/aac_enc_lib.a(psy_configuration.o)

.debug_macinfo  0x00000000       0x1c
 .debug_macinfo
                0x00000000        0x1 cpu\dv17\tools\sdk.elf.o
 .debug_macinfo
                0x00000001        0x1 include_lib/liba/dv17/aac_enc_lib.a(AAC_E_SAMPLES.o)
 .debug_macinfo
                0x00000002        0x1 include_lib/liba/dv17/aac_enc_lib.a(aacenc.o)
 .debug_macinfo
                0x00000003        0x1 include_lib/liba/dv17/aac_enc_lib.a(aacenc_core.o)
 .debug_macinfo
                0x00000004        0x1 include_lib/liba/dv17/aac_enc_lib.a(bitbuffer.o)
 .debug_macinfo
                0x00000005        0x1 include_lib/liba/dv17/aac_enc_lib.a(bitenc.o)
 .debug_macinfo
                0x00000006        0x1 include_lib/liba/dv17/aac_enc_lib.a(channel_map.o)
 .debug_macinfo
                0x00000007        0x1 include_lib/liba/dv17/aac_enc_lib.a(psy_main.o)
 .debug_macinfo
                0x00000008        0x1 include_lib/liba/dv17/aac_enc_lib.a(qc_main.o)
 .debug_macinfo
                0x00000009        0x1 include_lib/liba/dv17/aac_enc_lib.a(quantize.o)
 .debug_macinfo
                0x0000000a        0x1 include_lib/liba/dv17/aac_enc_lib.a(sf_estim.o)
 .debug_macinfo
                0x0000000b        0x1 include_lib/liba/dv17/aac_enc_lib.a(spreading.o)
 .debug_macinfo
                0x0000000c        0x1 include_lib/liba/dv17/aac_enc_lib.a(stat_bits.o)
 .debug_macinfo
                0x0000000d        0x1 include_lib/liba/dv17/aac_enc_lib.a(transform.o)
 .debug_macinfo
                0x0000000e        0x1 include_lib/liba/dv17/aac_enc_lib.a(aac_rom.o)
 .debug_macinfo
                0x0000000f        0x1 include_lib/liba/dv17/aac_enc_lib.a(adj_thr.o)
 .debug_macinfo
                0x00000010        0x1 include_lib/liba/dv17/aac_enc_lib.a(band_nrg.o)
 .debug_macinfo
                0x00000011        0x1 include_lib/liba/dv17/aac_enc_lib.a(basicop2.o)
 .debug_macinfo
                0x00000012        0x1 include_lib/liba/dv17/aac_enc_lib.a(bit_cnt.o)
 .debug_macinfo
                0x00000013        0x1 include_lib/liba/dv17/aac_enc_lib.a(block_switch.o)
 .debug_macinfo
                0x00000014        0x1 include_lib/liba/dv17/aac_enc_lib.a(dyn_bits.o)
 .debug_macinfo
                0x00000015        0x1 include_lib/liba/dv17/aac_enc_lib.a(grp_data.o)